Archive member included to satisfy reference by file (symbol)

/home/keith/pico/armtools/gcc-arm-none-eabi-10-2020-q4-major/bin/../lib/gcc/arm-none-eabi/10.2.1/thumb/v6-m/nofp/libgcc.a(_dvmd_tls.o)
                              CMakeFiles/first.dir/home/keith/pico/pico-sdk/src/rp2_common/pico_divider/divider.S.obj (__aeabi_idiv0)
/home/keith/pico/armtools/gcc-arm-none-eabi-10-2020-q4-major/bin/../lib/gcc/arm-none-eabi/10.2.1/../../../../arm-none-eabi/lib/thumb/v6-m/nofp/libg.a(lib_a-calloc.o)
                              CMakeFiles/first.dir/home/keith/pico/pico-sdk/src/rp2_common/pico_malloc/pico_malloc.c.obj (calloc)
/home/keith/pico/armtools/gcc-arm-none-eabi-10-2020-q4-major/bin/../lib/gcc/arm-none-eabi/10.2.1/../../../../arm-none-eabi/lib/thumb/v6-m/nofp/libg.a(lib_a-callocr.o)
                              /home/keith/pico/armtools/gcc-arm-none-eabi-10-2020-q4-major/bin/../lib/gcc/arm-none-eabi/10.2.1/../../../../arm-none-eabi/lib/thumb/v6-m/nofp/libg.a(lib_a-calloc.o) (_calloc_r)
/home/keith/pico/armtools/gcc-arm-none-eabi-10-2020-q4-major/bin/../lib/gcc/arm-none-eabi/10.2.1/../../../../arm-none-eabi/lib/thumb/v6-m/nofp/libg.a(lib_a-impure.o)
                              /home/keith/pico/armtools/gcc-arm-none-eabi-10-2020-q4-major/bin/../lib/gcc/arm-none-eabi/10.2.1/../../../../arm-none-eabi/lib/thumb/v6-m/nofp/libg.a(lib_a-calloc.o) (_impure_ptr)
/home/keith/pico/armtools/gcc-arm-none-eabi-10-2020-q4-major/bin/../lib/gcc/arm-none-eabi/10.2.1/../../../../arm-none-eabi/lib/thumb/v6-m/nofp/libg.a(lib_a-init.o)
                              /home/keith/pico/armtools/gcc-arm-none-eabi-10-2020-q4-major/bin/../lib/gcc/arm-none-eabi/10.2.1/../../../../arm-none-eabi/lib/thumb/v6-m/nofp/crt0.o (__libc_init_array)
/home/keith/pico/armtools/gcc-arm-none-eabi-10-2020-q4-major/bin/../lib/gcc/arm-none-eabi/10.2.1/../../../../arm-none-eabi/lib/thumb/v6-m/nofp/libg.a(lib_a-malloc.o)
                              CMakeFiles/first.dir/home/keith/pico/pico-sdk/src/rp2_common/pico_malloc/pico_malloc.c.obj (malloc)
/home/keith/pico/armtools/gcc-arm-none-eabi-10-2020-q4-major/bin/../lib/gcc/arm-none-eabi/10.2.1/../../../../arm-none-eabi/lib/thumb/v6-m/nofp/libg.a(lib_a-mallocr.o)
                              /home/keith/pico/armtools/gcc-arm-none-eabi-10-2020-q4-major/bin/../lib/gcc/arm-none-eabi/10.2.1/../../../../arm-none-eabi/lib/thumb/v6-m/nofp/libg.a(lib_a-callocr.o) (_malloc_r)
/home/keith/pico/armtools/gcc-arm-none-eabi-10-2020-q4-major/bin/../lib/gcc/arm-none-eabi/10.2.1/../../../../arm-none-eabi/lib/thumb/v6-m/nofp/libg.a(lib_a-mlock.o)
                              /home/keith/pico/armtools/gcc-arm-none-eabi-10-2020-q4-major/bin/../lib/gcc/arm-none-eabi/10.2.1/../../../../arm-none-eabi/lib/thumb/v6-m/nofp/libg.a(lib_a-mallocr.o) (__malloc_lock)
/home/keith/pico/armtools/gcc-arm-none-eabi-10-2020-q4-major/bin/../lib/gcc/arm-none-eabi/10.2.1/../../../../arm-none-eabi/lib/thumb/v6-m/nofp/libg.a(lib_a-sbrkr.o)
                              /home/keith/pico/armtools/gcc-arm-none-eabi-10-2020-q4-major/bin/../lib/gcc/arm-none-eabi/10.2.1/../../../../arm-none-eabi/lib/thumb/v6-m/nofp/libg.a(lib_a-mallocr.o) (_sbrk_r)
/home/keith/pico/armtools/gcc-arm-none-eabi-10-2020-q4-major/bin/../lib/gcc/arm-none-eabi/10.2.1/../../../../arm-none-eabi/lib/thumb/v6-m/nofp/libg.a(lib_a-strlen-stub.o)
                              CMakeFiles/first.dir/home/keith/pico/pico-sdk/src/rp2_common/pico_stdio/stdio.c.obj (strlen)
/home/keith/pico/armtools/gcc-arm-none-eabi-10-2020-q4-major/bin/../lib/gcc/arm-none-eabi/10.2.1/../../../../arm-none-eabi/lib/thumb/v6-m/nofp/libg.a(lib_a-freer.o)
                              /home/keith/pico/armtools/gcc-arm-none-eabi-10-2020-q4-major/bin/../lib/gcc/arm-none-eabi/10.2.1/../../../../arm-none-eabi/lib/thumb/v6-m/nofp/libg.a(lib_a-malloc.o) (_free_r)
/home/keith/pico/armtools/gcc-arm-none-eabi-10-2020-q4-major/bin/../lib/gcc/arm-none-eabi/10.2.1/../../../../arm-none-eabi/lib/thumb/v6-m/nofp/libg.a(lib_a-lock.o)
                              /home/keith/pico/armtools/gcc-arm-none-eabi-10-2020-q4-major/bin/../lib/gcc/arm-none-eabi/10.2.1/../../../../arm-none-eabi/lib/thumb/v6-m/nofp/libg.a(lib_a-mlock.o) (__retarget_lock_acquire_recursive)
/home/keith/pico/armtools/gcc-arm-none-eabi-10-2020-q4-major/bin/../lib/gcc/arm-none-eabi/10.2.1/../../../../arm-none-eabi/lib/thumb/v6-m/nofp/libg.a(lib_a-reent.o)
                              /home/keith/pico/armtools/gcc-arm-none-eabi-10-2020-q4-major/bin/../lib/gcc/arm-none-eabi/10.2.1/../../../../arm-none-eabi/lib/thumb/v6-m/nofp/libg.a(lib_a-sbrkr.o) (errno)

Discarded input sections

 .text          0x0000000000000000        0x0 /home/keith/pico/armtools/gcc-arm-none-eabi-10-2020-q4-major/bin/../lib/gcc/arm-none-eabi/10.2.1/thumb/v6-m/nofp/crti.o
 .data          0x0000000000000000        0x0 /home/keith/pico/armtools/gcc-arm-none-eabi-10-2020-q4-major/bin/../lib/gcc/arm-none-eabi/10.2.1/thumb/v6-m/nofp/crti.o
[...]
Memory Configuration

Name             Origin             Length             Attributes
FLASH            0x0000000010000000 0x0000000000200000 xr
RAM              0x0000000020000000 0x0000000000040000 xrw
SCRATCH_X        0x0000000020040000 0x0000000000001000 xrw
SCRATCH_Y        0x0000000020041000 0x0000000000001000 xrw
*default*        0x0000000000000000 0xffffffffffffffff

Linker script and memory map

LOAD /home/keith/pico/armtools/gcc-arm-none-eabi-10-2020-q4-major/bin/../lib/gcc/arm-none-eabi/10.2.1/thumb/v6-m/nofp/crti.o
LOAD /home/keith/pico/armtools/gcc-arm-none-eabi-10-2020-q4-major/bin/../lib/gcc/arm-none-eabi/10.2.1/thumb/v6-m/nofp/crtbegin.o
LOAD /home/keith/pico/armtools/gcc-arm-none-eabi-10-2020-q4-major/bin/../lib/gcc/arm-none-eabi/10.2.1/../../../../arm-none-eabi/lib/thumb/v6-m/nofp/crt0.o

.flash_begin    0x0000000010000000        0x0
                0x0000000010000000                __flash_binary_start = .

.boot2          0x0000000010000000      0x100
                0x0000000010000000                __boot2_start__ = .
 *(.boot2)
 .boot2         0x0000000010000000      0x100 /tmp/ccG6n4n0.o
                0x0000000010000100                __boot2_end__ = .
                0x0000000000000001                ASSERT (((__boot2_end__ - __boot2_start__) == 0x100), ERROR: Pico second stage bootloader must be 256 bytes in size)

.text           0x0000000010000100     0x3ef0
                0x0000000010000100                __logical_binary_start = .
 *(.vectors)
 .vectors       0x0000000010000100       0xd4 CMakeFiles/first.dir/home/keith/pico/pico-sdk/src/rp2_common/pico_standard_link/crt0.S.obj
                0x0000000010000100                __vectors
                0x00000000100001c0                isr_invalid
                0x00000000100001c2                isr_nmi
                0x00000000100001c4                isr_hardfault
                0x00000000100001c6                isr_svcall
                0x00000000100001c8                isr_pendsv
                0x00000000100001ca                isr_systick
                0x00000000100001cc                isr_irq30
                0x00000000100001cc                __unhandled_user_irq
                0x00000000100001cc                isr_irq13
                0x00000000100001cc                isr_irq27
                0x00000000100001cc                isr_irq31
                0x00000000100001cc                isr_irq5
                0x00000000100001cc                isr_irq11
                0x00000000100001cc                isr_irq23
                0x00000000100001cc                isr_irq18
                0x00000000100001cc                isr_irq28
                0x00000000100001cc                isr_irq19
                0x00000000100001cc                isr_irq0
                0x00000000100001cc                isr_irq6
                0x00000000100001cc                isr_irq22
                0x00000000100001cc                isr_irq17
                0x00000000100001cc                isr_irq14
                0x00000000100001cc                isr_irq2
                0x00000000100001cc                isr_irq10
                0x00000000100001cc                isr_irq8
                0x00000000100001cc                isr_irq24
                0x00000000100001cc                isr_irq1
                0x00000000100001cc                isr_irq7
                0x00000000100001cc                isr_irq21
                0x00000000100001cc                isr_irq20
                0x00000000100001cc                isr_irq15
                0x00000000100001cc                isr_irq25
                0x00000000100001cc                isr_irq4
                0x00000000100001cc                isr_irq16
                0x00000000100001cc                isr_irq29
                0x00000000100001cc                isr_irq26
                0x00000000100001cc                isr_irq3
                0x00000000100001cc                isr_irq12
                0x00000000100001cc                isr_irq9
                0x00000000100001d2                unhandled_user_irq_num_in_r0
 *(.binary_info_header)
 .binary_info_header
                0x00000000100001d4       0x14 CMakeFiles/first.dir/home/keith/pico/pico-sdk/src/rp2_common/pico_standard_link/crt0.S.obj
                0x00000000100001e8                __binary_info_header_end = .
 *(.reset)
 .reset         0x00000000100001e8       0xa8 CMakeFiles/first.dir/home/keith/pico/pico-sdk/src/rp2_common/pico_standard_link/crt0.S.obj
                0x00000000100001e8                _entry_point
                0x0000000010000266                __get_current_exception
 .reset         0x0000000010000290       0x30 CMakeFiles/first.dir/home/keith/pico/pico-sdk/src/rp2_common/pico_standard_link/binary_info.c.obj
 *(.init)
 .init          0x00000000100002c0        0x4 /home/keith/pico/armtools/gcc-arm-none-eabi-10-2020-q4-major/bin/../lib/gcc/arm-none-eabi/10.2.1/thumb/v6-m/nofp/crti.o
                0x00000000100002c0                _init
 *(EXCLUDE_FILE(*libm.a: *libc.a:*lib_a-mem*.o *libgcc.a:) .text*)
 .text          0x00000000100002c4       0x48 /home/keith/pico/armtools/gcc-arm-none-eabi-10-2020-q4-major/bin/../lib/gcc/arm-none-eabi/10.2.1/thumb/v6-m/nofp/crtbegin.o
 .text.main     0x000000001000030c       0x90 CMakeFiles/first.dir/first.c.obj
                0x000000001000030c                main
 .text.gpio_set_function
                0x000000001000039c       0x30 CMakeFiles/first.dir/home/keith/pico/pico-sdk/src/rp2_common/hardware_gpio/gpio.c.obj
                0x000000001000039c                gpio_set_function
 .text.gpio_set_pulls
                0x00000000100003cc       0x34 CMakeFiles/first.dir/home/keith/pico/pico-sdk/src/rp2_common/hardware_gpio/gpio.c.obj
                0x00000000100003cc                gpio_set_pulls
 .text.gpio_init
                0x0000000010000400       0x16 CMakeFiles/first.dir/home/keith/pico/pico-sdk/src/rp2_common/hardware_gpio/gpio.c.obj
                0x0000000010000400                gpio_init
 *fill*         0x0000000010000416        0x2 
 .text.hw_claim_lock
                0x0000000010000418       0x18 CMakeFiles/first.dir/home/keith/pico/pico-sdk/src/rp2_common/hardware_claim/claim.c.obj
                0x0000000010000418                hw_claim_lock
 .text.hw_claim_unlock
                0x0000000010000430       0x14 CMakeFiles/first.dir/home/keith/pico/pico-sdk/src/rp2_common/hardware_claim/claim.c.obj
                0x0000000010000430                hw_claim_unlock
 .text.hw_claim_or_assert
                0x0000000010000444       0x36 CMakeFiles/first.dir/home/keith/pico/pico-sdk/src/rp2_common/hardware_claim/claim.c.obj
                0x0000000010000444                hw_claim_or_assert
 *fill*         0x000000001000047a        0x2 
 .text.spin_locks_reset
                0x000000001000047c       0x20 CMakeFiles/first.dir/home/keith/pico/pico-sdk/src/rp2_common/hardware_sync/sync.c.obj
                0x000000001000047c                spin_locks_reset
 .text.next_striped_spin_lock_num
                0x000000001000049c       0x1c CMakeFiles/first.dir/home/keith/pico/pico-sdk/src/rp2_common/hardware_sync/sync.c.obj
                0x000000001000049c                next_striped_spin_lock_num
 .text.running_on_fpga
                0x00000000100004b8       0x14 CMakeFiles/first.dir/home/keith/pico/pico-sdk/src/rp2_common/pico_platform/platform.c.obj
                0x00000000100004b8                running_on_fpga
 .text.uart_set_baudrate
                0x00000000100004cc       0x64 CMakeFiles/first.dir/home/keith/pico/pico-sdk/src/rp2_common/hardware_uart/uart.c.obj
                0x00000000100004cc                uart_set_baudrate
 .text.uart_set_translate_crlf
                0x0000000010000530       0x28 CMakeFiles/first.dir/home/keith/pico/pico-sdk/src/rp2_common/hardware_uart/uart.c.obj
                0x0000000010000530                uart_set_translate_crlf
 .text.uart_init
                0x0000000010000558       0x80 CMakeFiles/first.dir/home/keith/pico/pico-sdk/src/rp2_common/hardware_uart/uart.c.obj
                0x0000000010000558                uart_init
 .text.hw_divider_divmod_s32
                0x00000000100005d8       0x18 CMakeFiles/first.dir/home/keith/pico/pico-sdk/src/rp2_common/hardware_divider/divider.S.obj
                0x00000000100005d8                hw_divider_divmod_s32
 .text.hw_divider_divmod_u32
                0x00000000100005f0       0x18 CMakeFiles/first.dir/home/keith/pico/pico-sdk/src/rp2_common/hardware_divider/divider.S.obj
                0x00000000100005f0                hw_divider_divmod_u32
 .text.alarm_pool_post_alloc_init
                0x0000000010000608       0x40 CMakeFiles/first.dir/home/keith/pico/pico-sdk/src/common/pico_time/time.c.obj
 .text.timer_pool_entry_comparator
                0x0000000010000648       0x78 CMakeFiles/first.dir/home/keith/pico/pico-sdk/src/common/pico_time/time.c.obj
                0x0000000010000648                timer_pool_entry_comparator
 .text.ph_add_child_node
                0x00000000100006c0       0xa4 CMakeFiles/first.dir/home/keith/pico/pico-sdk/src/common/pico_time/time.c.obj
 .text.ph_merge_nodes
                0x0000000010000764       0x3e CMakeFiles/first.dir/home/keith/pico/pico-sdk/src/common/pico_time/time.c.obj
 *fill*         0x00000000100007a2        0x2 
 .text.add_alarm_under_lock
                0x00000000100007a4      0x174 CMakeFiles/first.dir/home/keith/pico/pico-sdk/src/common/pico_time/time.c.obj
 .text.alarm_pool_alarm_callback
                0x0000000010000918      0x308 CMakeFiles/first.dir/home/keith/pico/pico-sdk/src/common/pico_time/time.c.obj
 .text.alarm_pool_init_default
                0x0000000010000c20       0x2c CMakeFiles/first.dir/home/keith/pico/pico-sdk/src/common/pico_time/time.c.obj
                0x0000000010000c20                alarm_pool_init_default
 .text.hardware_alarm_irq_handler
                0x0000000010000c4c       0x8c CMakeFiles/first.dir/home/keith/pico/pico-sdk/src/rp2_common/hardware_timer/timer.c.obj
 .text.hardware_alarm_claim
                0x0000000010000cd8       0x18 CMakeFiles/first.dir/home/keith/pico/pico-sdk/src/rp2_common/hardware_timer/timer.c.obj
                0x0000000010000cd8                hardware_alarm_claim
 .text.time_us_64
                0x0000000010000cf0       0x18 CMakeFiles/first.dir/home/keith/pico/pico-sdk/src/rp2_common/hardware_timer/timer.c.obj
                0x0000000010000cf0                time_us_64
 .text.hardware_alarm_set_callback
                0x0000000010000d08       0x90 CMakeFiles/first.dir/home/keith/pico/pico-sdk/src/rp2_common/hardware_timer/timer.c.obj
                0x0000000010000d08                hardware_alarm_set_callback
 .text.hardware_alarm_set_target
                0x0000000010000d98       0xc8 CMakeFiles/first.dir/home/keith/pico/pico-sdk/src/rp2_common/hardware_timer/timer.c.obj
                0x0000000010000d98                hardware_alarm_set_target
 .text.hardware_alarm_cancel
                0x0000000010000e60       0x40 CMakeFiles/first.dir/home/keith/pico/pico-sdk/src/rp2_common/hardware_timer/timer.c.obj
                0x0000000010000e60                hardware_alarm_cancel
 .text.lock_init
                0x0000000010000ea0       0x10 CMakeFiles/first.dir/home/keith/pico/pico-sdk/src/common/pico_sync/lock_core.c.obj
                0x0000000010000ea0                lock_init
 .text.mutex_init
                0x0000000010000eb0       0x1a CMakeFiles/first.dir/home/keith/pico/pico-sdk/src/common/pico_sync/mutex.c.obj
                0x0000000010000eb0                mutex_init
 *fill*         0x0000000010000eca        0x2 
 .text.ph_add_child_node
                0x0000000010000ecc       0xa4 CMakeFiles/first.dir/home/keith/pico/pico-sdk/src/common/pico_util/pheap.c.obj
 .text.ph_merge_nodes
                0x0000000010000f70       0x3e CMakeFiles/first.dir/home/keith/pico/pico-sdk/src/common/pico_util/pheap.c.obj
 *fill*         0x0000000010000fae        0x2 
 .text.ph_clear
                0x0000000010000fb0       0x70 CMakeFiles/first.dir/home/keith/pico/pico-sdk/src/common/pico_util/pheap.c.obj
                0x0000000010000fb0                ph_clear
 .text.ph_post_alloc_init
                0x0000000010001020        0xe CMakeFiles/first.dir/home/keith/pico/pico-sdk/src/common/pico_util/pheap.c.obj
                0x0000000010001020                ph_post_alloc_init
 *fill*         0x000000001000102e        0x2 
 .text.ph_merge_two_pass
                0x0000000010001030       0xa8 CMakeFiles/first.dir/home/keith/pico/pico-sdk/src/common/pico_util/pheap.c.obj
                0x0000000010001030                ph_merge_two_pass
 .text.ph_remove_any_head
                0x00000000100010d8      0x108 CMakeFiles/first.dir/home/keith/pico/pico-sdk/src/common/pico_util/pheap.c.obj
 .text.ph_remove_head
                0x00000000100011e0       0x14 CMakeFiles/first.dir/home/keith/pico/pico-sdk/src/common/pico_util/pheap.c.obj
                0x00000000100011e0                ph_remove_head
 .text.ph_remove_and_free_node
                0x00000000100011f4       0xf8 CMakeFiles/first.dir/home/keith/pico/pico-sdk/src/common/pico_util/pheap.c.obj
                0x00000000100011f4                ph_remove_and_free_node
 .text.runtime_init
                0x00000000100012ec       0xcc CMakeFiles/first.dir/home/keith/pico/pico-sdk/src/rp2_common/pico_runtime/runtime.c.obj
                0x00000000100012ec                runtime_init
 .text._exit    0x00000000100013b8        0x4 CMakeFiles/first.dir/home/keith/pico/pico-sdk/src/rp2_common/pico_runtime/runtime.c.obj
                0x00000000100013b8                _exit
 .text.exit     0x00000000100013bc        0x6 CMakeFiles/first.dir/home/keith/pico/pico-sdk/src/rp2_common/pico_runtime/runtime.c.obj
                0x00000000100013bc                exit
 *fill*         0x00000000100013c2        0x2 
 .text.__assert_func
                0x00000000100013c4       0x3c CMakeFiles/first.dir/home/keith/pico/pico-sdk/src/rp2_common/pico_runtime/runtime.c.obj
                0x00000000100013c4                __assert_func
 .text.panic    0x0000000010001400       0x30 CMakeFiles/first.dir/home/keith/pico/pico-sdk/src/rp2_common/pico_runtime/runtime.c.obj
                0x0000000010001400                panic
 .text.clock_configure
                0x0000000010001430       0xe8 CMakeFiles/first.dir/home/keith/pico/pico-sdk/src/rp2_common/hardware_clocks/clocks.c.obj
                0x0000000010001430                clock_configure
 .text.clocks_init
                0x0000000010001518      0x124 CMakeFiles/first.dir/home/keith/pico/pico-sdk/src/rp2_common/hardware_clocks/clocks.c.obj
                0x0000000010001518                clocks_init
 .text.clock_get_hz
                0x000000001000163c        0xc CMakeFiles/first.dir/home/keith/pico/pico-sdk/src/rp2_common/hardware_clocks/clocks.c.obj
                0x000000001000163c                clock_get_hz
 .text.watchdog_start_tick
                0x0000000010001648       0x10 CMakeFiles/first.dir/home/keith/pico/pico-sdk/src/rp2_common/hardware_watchdog/watchdog.c.obj
                0x0000000010001648                watchdog_start_tick
 .text.xosc_init
                0x0000000010001658       0x28 CMakeFiles/first.dir/home/keith/pico/pico-sdk/src/rp2_common/hardware_xosc/xosc.c.obj
                0x0000000010001658                xosc_init
 .text.pll_init
                0x0000000010001680       0xd0 CMakeFiles/first.dir/home/keith/pico/pico-sdk/src/rp2_common/hardware_pll/pll.c.obj
                0x0000000010001680                pll_init
 .text.set_raw_irq_handler_and_unlock
                0x0000000010001750       0x28 CMakeFiles/first.dir/home/keith/pico/pico-sdk/src/rp2_common/hardware_irq/irq.c.obj
 .text.make_branch
                0x0000000010001778       0x34 CMakeFiles/first.dir/home/keith/pico/pico-sdk/src/rp2_common/hardware_irq/irq.c.obj
 .text.insert_branch_and_link
                0x00000000100017ac       0x40 CMakeFiles/first.dir/home/keith/pico/pico-sdk/src/rp2_common/hardware_irq/irq.c.obj
 .text.irq_is_enabled
                0x00000000100017ec       0x18 CMakeFiles/first.dir/home/keith/pico/pico-sdk/src/rp2_common/hardware_irq/irq.c.obj
                0x00000000100017ec                irq_is_enabled
 .text.irq_set_mask_enabled
                0x0000000010001804       0x20 CMakeFiles/first.dir/home/keith/pico/pico-sdk/src/rp2_common/hardware_irq/irq.c.obj
                0x0000000010001804                irq_set_mask_enabled
 .text.irq_set_enabled
                0x0000000010001824        0xe CMakeFiles/first.dir/home/keith/pico/pico-sdk/src/rp2_common/hardware_irq/irq.c.obj
                0x0000000010001824                irq_set_enabled
 *fill*         0x0000000010001832        0x2 
 .text.irq_get_vtable_handler
                0x0000000010001834       0x10 CMakeFiles/first.dir/home/keith/pico/pico-sdk/src/rp2_common/hardware_irq/irq.c.obj
                0x0000000010001834                irq_get_vtable_handler
 .text.irq_set_exclusive_handler
                0x0000000010001844       0x54 CMakeFiles/first.dir/home/keith/pico/pico-sdk/src/rp2_common/hardware_irq/irq.c.obj
                0x0000000010001844                irq_set_exclusive_handler
 .text.irq_remove_handler
                0x0000000010001898      0x1ac CMakeFiles/first.dir/home/keith/pico/pico-sdk/src/rp2_common/hardware_irq/irq.c.obj
                0x0000000010001898                irq_remove_handler
 .text.irq_set_priority
                0x0000000010001a44       0x28 CMakeFiles/first.dir/home/keith/pico/pico-sdk/src/rp2_common/hardware_irq/irq.c.obj
                0x0000000010001a44                irq_set_priority
 .text.irq_add_tail_to_free_list
                0x0000000010001a6c       0xf0 CMakeFiles/first.dir/home/keith/pico/pico-sdk/src/rp2_common/hardware_irq/irq.c.obj
                0x0000000010001a6c                irq_add_tail_to_free_list
 .text.irq_init_priorities
                0x0000000010001b5c       0x16 CMakeFiles/first.dir/home/keith/pico/pico-sdk/src/rp2_common/hardware_irq/irq.c.obj
                0x0000000010001b5c                irq_init_priorities
 .text._out_null
                0x0000000010001b72        0x2 CMakeFiles/first.dir/home/keith/pico/pico-sdk/src/rp2_common/pico_printf/printf.c.obj
 .text._out_fct
                0x0000000010001b74        0xe CMakeFiles/first.dir/home/keith/pico/pico-sdk/src/rp2_common/pico_printf/printf.c.obj
 .text._atoi    0x0000000010001b82       0x24 CMakeFiles/first.dir/home/keith/pico/pico-sdk/src/rp2_common/pico_printf/printf.c.obj
 .text._out_rev
                0x0000000010001ba6       0xae CMakeFiles/first.dir/home/keith/pico/pico-sdk/src/rp2_common/pico_printf/printf.c.obj
 .text._ntoa_format
                0x0000000010001c54      0x112 CMakeFiles/first.dir/home/keith/pico/pico-sdk/src/rp2_common/pico_printf/printf.c.obj
 .text._ntoa_long
                0x0000000010001d66       0xbc CMakeFiles/first.dir/home/keith/pico/pico-sdk/src/rp2_common/pico_printf/printf.c.obj
 .text._ntoa_long_long
                0x0000000010001e22       0xe2 CMakeFiles/first.dir/home/keith/pico/pico-sdk/src/rp2_common/pico_printf/printf.c.obj
 .text._etoa    0x0000000010001f04      0x414 CMakeFiles/first.dir/home/keith/pico/pico-sdk/src/rp2_common/pico_printf/printf.c.obj
 .text._ftoa    0x0000000010002318      0x354 CMakeFiles/first.dir/home/keith/pico/pico-sdk/src/rp2_common/pico_printf/printf.c.obj
 .text._vsnprintf
                0x000000001000266c      0x624 CMakeFiles/first.dir/home/keith/pico/pico-sdk/src/rp2_common/pico_printf/printf.c.obj
 .text.vfctprintf
                0x0000000010002c90       0x20 CMakeFiles/first.dir/home/keith/pico/pico-sdk/src/rp2_common/pico_printf/printf.c.obj
                0x0000000010002c90                vfctprintf
 .text          0x0000000010002cb0       0x10 CMakeFiles/first.dir/home/keith/pico/pico-sdk/src/rp2_common/pico_bit_ops/bit_ops_aeabi.S.obj
 .text.rom_func_lookup
                0x0000000010002cc0       0x10 CMakeFiles/first.dir/home/keith/pico/pico-sdk/src/rp2_common/pico_bootrom/bootrom.c.obj
                0x0000000010002cc0                rom_func_lookup
 .text.rom_data_lookup
                0x0000000010002cd0       0x10 CMakeFiles/first.dir/home/keith/pico/pico-sdk/src/rp2_common/pico_bootrom/bootrom.c.obj
                0x0000000010002cd0                rom_data_lookup
 .text.rom_funcs_lookup
                0x0000000010002ce0       0x36 CMakeFiles/first.dir/home/keith/pico/pico-sdk/src/rp2_common/pico_bootrom/bootrom.c.obj
                0x0000000010002ce0                rom_funcs_lookup
 *fill*         0x0000000010002d16        0x2 
 .text.__wrap___aeabi_idiv
                0x0000000010002d18       0x58 CMakeFiles/first.dir/home/keith/pico/pico-sdk/src/rp2_common/pico_divider/divider.S.obj
                0x0000000010002d18                __wrap___aeabi_idivmod
                0x0000000010002d18                divmod_s32s32
                0x0000000010002d18                div_s32s32
                0x0000000010002d18                __wrap___aeabi_idiv
                0x0000000010002d20                divmod_s32s32_unsafe
                0x0000000010002d4c                divmod_s32s32_savestate
 .text.__wrap___aeabi_uidiv
                0x0000000010002d70       0x54 CMakeFiles/first.dir/home/keith/pico/pico-sdk/src/rp2_common/pico_divider/divider.S.obj
                0x0000000010002d70                __wrap___aeabi_uidiv
                0x0000000010002d70                __wrap___aeabi_uidivmod
                0x0000000010002d70                div_u32u32
                0x0000000010002d70                divmod_u32u32
                0x0000000010002d78                divmod_u32u32_unsafe
                0x0000000010002da0                divmod_u32u32_savestate
 .text.__wrap___aeabi_ldiv
                0x0000000010002dc4      0x430 CMakeFiles/first.dir/home/keith/pico/pico-sdk/src/rp2_common/pico_divider/divider.S.obj
                0x0000000010002dc4                div_s64s64
                0x0000000010002dc4                divmod_s64s64
                0x0000000010002dc4                __wrap___aeabi_ldivmod
                0x0000000010002dfc                div_u64u64
                0x0000000010002dfc                divmod_u64u64
                0x0000000010002dfc                __wrap___aeabi_uldivmod
                0x0000000010002e0c                divmod_u64u64_savestate
                0x0000000010002e34                divmod_s64s64_unsafe
                0x0000000010002ebc                divmod_u64u64_unsafe
 .text.__wrap___aeabi_darithmetic
                0x00000000100031f4       0x54 CMakeFiles/first.dir/home/keith/pico/pico-sdk/src/rp2_common/pico_double/double_aeabi.S.obj
                0x00000000100031f4                __wrap___aeabi_drsub
                0x00000000100031fa                __wrap___aeabi_dsub
                0x000000001000320c                __wrap___aeabi_dadd
                0x000000001000321e                __wrap___aeabi_ddiv
                0x0000000010003230                __wrap___aeabi_dmul
 .text.__wrap___aeabi_cdcmple
                0x0000000010003248       0x6c CMakeFiles/first.dir/home/keith/pico/pico-sdk/src/rp2_common/pico_double/double_aeabi.S.obj
                0x0000000010003248                __wrap___aeabi_cdrcmple
                0x0000000010003258                __wrap___aeabi_cdcmple
                0x0000000010003258                __wrap___aeabi_cdcmpeq
 .text.__wrap___aeabi_dcmplt
                0x00000000100032b4        0xc CMakeFiles/first.dir/home/keith/pico/pico-sdk/src/rp2_common/pico_double/double_aeabi.S.obj
                0x00000000100032b4                __wrap___aeabi_dcmplt
 .text.__wrap___aeabi_dcmple
                0x00000000100032c0       0x10 CMakeFiles/first.dir/home/keith/pico/pico-sdk/src/rp2_common/pico_double/double_aeabi.S.obj
                0x00000000100032c0                __wrap___aeabi_dcmple
 .text.__wrap___aeabi_dcmpge
                0x00000000100032d0       0x10 CMakeFiles/first.dir/home/keith/pico/pico-sdk/src/rp2_common/pico_double/double_aeabi.S.obj
                0x00000000100032d0                __wrap___aeabi_dcmpge
 .text.__wrap___aeabi_dcmpgt
                0x00000000100032e0        0xa CMakeFiles/first.dir/home/keith/pico/pico-sdk/src/rp2_common/pico_double/double_aeabi.S.obj
                0x00000000100032e0                __wrap___aeabi_dcmpgt
 .text.__wrap___aeabi_dcmpun
                0x00000000100032ea       0x1c CMakeFiles/first.dir/home/keith/pico/pico-sdk/src/rp2_common/pico_double/double_aeabi.S.obj
                0x00000000100032ea                __wrap___aeabi_dcmpun
 *fill*         0x0000000010003306        0x2 
 .text.__wrap___aeabi_i2d
                0x0000000010003308       0x38 CMakeFiles/first.dir/home/keith/pico/pico-sdk/src/rp2_common/pico_double/double_aeabi.S.obj
                0x0000000010003308                __wrap___aeabi_ui2d
                0x0000000010003310                __wrap___aeabi_i2d
 .text.__wrap___aeabi_d2iz
                0x0000000010003340       0x48 CMakeFiles/first.dir/home/keith/pico/pico-sdk/src/rp2_common/pico_double/double_aeabi.S.obj
                0x0000000010003340                __wrap___aeabi_d2iz
                0x0000000010003340                double2int_z
 .text.__wrap___aeabi_d2uiz
                0x0000000010003388       0x18 CMakeFiles/first.dir/home/keith/pico/pico-sdk/src/rp2_common/pico_double/double_aeabi.S.obj
                0x0000000010003388                double2uint
                0x0000000010003388                __wrap___aeabi_d2uiz
 .text.__aeabi_double_init
                0x00000000100033a0       0xb8 CMakeFiles/first.dir/home/keith/pico/pico-sdk/src/rp2_common/pico_double/double_init_rom.c.obj
                0x00000000100033a0                __aeabi_double_init
 .text.double_table_shim_on_use_helper
                0x0000000010003458       0x34 CMakeFiles/first.dir/home/keith/pico/pico-sdk/src/rp2_common/pico_double/double_v1_rom_shim.S.obj
                0x0000000010003458                double_table_shim_on_use_helper
 .text.__wrap___aeabi_dsub
                0x000000001000348c       0x10 CMakeFiles/first.dir/home/keith/pico/pico-sdk/src/rp2_common/pico_double/double_v1_rom_shim.S.obj
                0x000000001000348c                drsub_shim
                0x0000000010003492                dsub_shim
 .text.dadd_shim
                0x000000001000349c      0x15c CMakeFiles/first.dir/home/keith/pico/pico-sdk/src/rp2_common/pico_double/double_v1_rom_shim.S.obj
                0x000000001000349c                dadd_shim
 .text.dmul_shim
                0x00000000100035f8      0x15c CMakeFiles/first.dir/home/keith/pico/pico-sdk/src/rp2_common/pico_double/double_v1_rom_shim.S.obj
                0x00000000100035f8                dmul_shim
 .text.ddiv_shim
                0x0000000010003754      0x1b0 CMakeFiles/first.dir/home/keith/pico/pico-sdk/src/rp2_common/pico_double/double_v1_rom_shim.S.obj
                0x0000000010003754                ddiv_shim
 .text.dcordic_rot_step
                0x0000000010003904       0x7c CMakeFiles/first.dir/home/keith/pico/pico-sdk/src/rp2_common/pico_double/double_v1_rom_shim.S.obj
                0x0000000010003904                dcordic_rot_step
 .text.double2uint_shim
                0x0000000010003980        0xe CMakeFiles/first.dir/home/keith/pico/pico-sdk/src/rp2_common/pico_double/double_v1_rom_shim.S.obj
                0x0000000010003980                double2uint_shim
                0x0000000010003982                double2ufix_shim
 *fill*         0x000000001000398e        0x2 
 .text.double2uint64_shim
                0x0000000010003990       0x6c CMakeFiles/first.dir/home/keith/pico/pico-sdk/src/rp2_common/pico_double/double_v1_rom_shim.S.obj
                0x0000000010003990                double2uint64_shim
                0x0000000010003992                double2ufix64_shim
                0x00000000100039ac                d2fix_a
 .text.dunpacks
                0x00000000100039fc       0x3c CMakeFiles/first.dir/home/keith/pico/pico-sdk/src/rp2_common/pico_double/double_v1_rom_shim.S.obj
                0x00000000100039fc                dunpacks
 .text.__aeabi_float_init
                0x0000000010003a38       0xfc CMakeFiles/first.dir/home/keith/pico/pico-sdk/src/rp2_common/pico_float/float_init_rom.c.obj
                0x0000000010003a38                __aeabi_float_init
 .text.float_table_shim_on_use_helper
                0x0000000010003b34       0x34 CMakeFiles/first.dir/home/keith/pico/pico-sdk/src/rp2_common/pico_float/float_v1_rom_shim.S.obj
                0x0000000010003b34                float_table_shim_on_use_helper
 .text          0x0000000010003b68       0x10 CMakeFiles/first.dir/home/keith/pico/pico-sdk/src/rp2_common/pico_mem_ops/mem_ops_aeabi.S.obj
                0x0000000010003b68                __aeabi_mem_init
 .text.memset   0x0000000010003b78        0xc CMakeFiles/first.dir/home/keith/pico/pico-sdk/src/rp2_common/pico_mem_ops/mem_ops_aeabi.S.obj
                0x0000000010003b78                __wrap_memset
 .text.memcpy   0x0000000010003b84        0xc CMakeFiles/first.dir/home/keith/pico/pico-sdk/src/rp2_common/pico_mem_ops/mem_ops_aeabi.S.obj
                0x0000000010003b84                __wrap___aeabi_memcpy
                0x0000000010003b84                __wrap_memcpy
 .text.stdio_out_chars_crlf
                0x0000000010003b90       0x80 CMakeFiles/first.dir/home/keith/pico/pico-sdk/src/rp2_common/pico_stdio/stdio.c.obj
 .text.stdio_stack_buffer_flush
                0x0000000010003c10       0x44 CMakeFiles/first.dir/home/keith/pico/pico-sdk/src/rp2_common/pico_stdio/stdio.c.obj
 .text.stdio_buffered_printer
                0x0000000010003c54       0x20 CMakeFiles/first.dir/home/keith/pico/pico-sdk/src/rp2_common/pico_stdio/stdio.c.obj
 .text.stdout_serialize_begin
                0x0000000010003c74       0x2c CMakeFiles/first.dir/home/keith/pico/pico-sdk/src/rp2_common/pico_stdio/stdio.c.obj
                0x0000000010003c74                stdout_serialize_begin
 .text.stdout_serialize_end
                0x0000000010003ca0       0x10 CMakeFiles/first.dir/home/keith/pico/pico-sdk/src/rp2_common/pico_stdio/stdio.c.obj
                0x0000000010003ca0                stdout_serialize_end
 .text.stdio_put_string
                0x0000000010003cb0       0x84 CMakeFiles/first.dir/home/keith/pico/pico-sdk/src/rp2_common/pico_stdio/stdio.c.obj
 .text.stdio_set_driver_enabled
                0x0000000010003d34       0x38 CMakeFiles/first.dir/home/keith/pico/pico-sdk/src/rp2_common/pico_stdio/stdio.c.obj
                0x0000000010003d34                stdio_set_driver_enabled
 .text.stdio_flush
                0x0000000010003d6c       0x20 CMakeFiles/first.dir/home/keith/pico/pico-sdk/src/rp2_common/pico_stdio/stdio.c.obj
                0x0000000010003d6c                stdio_flush
 .text.__wrap_puts
                0x0000000010003d8c       0x1c CMakeFiles/first.dir/home/keith/pico/pico-sdk/src/rp2_common/pico_stdio/stdio.c.obj
                0x0000000010003d8c                __wrap_puts
 .text.__wrap_vprintf
                0x0000000010003da8       0x44 CMakeFiles/first.dir/home/keith/pico/pico-sdk/src/rp2_common/pico_stdio/stdio.c.obj
                0x0000000010003da8                __wrap_vprintf
 .text.__wrap_printf
                0x0000000010003dec       0x18 CMakeFiles/first.dir/home/keith/pico/pico-sdk/src/rp2_common/pico_stdio/stdio.c.obj
                0x0000000010003dec                __wrap_printf
 .text.stdio_init_all
                0x0000000010003e04        0x8 CMakeFiles/first.dir/home/keith/pico/pico-sdk/src/rp2_common/pico_stdio/stdio.c.obj
                0x0000000010003e04                stdio_init_all
 .text.stdio_uart_out_chars
                0x0000000010003e0c       0x74 CMakeFiles/first.dir/home/keith/pico/pico-sdk/src/rp2_common/pico_stdio_uart/stdio_uart.c.obj
 .text.stdio_uart_in_chars
                0x0000000010003e80       0x58 CMakeFiles/first.dir/home/keith/pico/pico-sdk/src/rp2_common/pico_stdio_uart/stdio_uart.c.obj
                0x0000000010003e80                stdio_uart_in_chars
 .text.stdio_uart_init_full
                0x0000000010003ed8       0x3c CMakeFiles/first.dir/home/keith/pico/pico-sdk/src/rp2_common/pico_stdio_uart/stdio_uart.c.obj
                0x0000000010003ed8                stdio_uart_init_full
 .text.stdio_uart_init
                0x0000000010003f14       0x28 CMakeFiles/first.dir/home/keith/pico/pico-sdk/src/rp2_common/pico_stdio_uart/stdio_uart.c.obj
                0x0000000010003f14                stdio_uart_init
 .text.strlen   0x0000000010003f3c       0x5c /home/keith/pico/armtools/gcc-arm-none-eabi-10-2020-q4-major/bin/../lib/gcc/arm-none-eabi/10.2.1/../../../../arm-none-eabi/lib/thumb/v6-m/nofp/libg.a(lib_a-strlen-stub.o)
                0x0000000010003f3c                strlen
 *(.fini)
 .fini          0x0000000010003f98        0x4 /home/keith/pico/armtools/gcc-arm-none-eabi-10-2020-q4-major/bin/../lib/gcc/arm-none-eabi/10.2.1/thumb/v6-m/nofp/crti.o
                0x0000000010003f98                _fini
 *fill*         0x0000000010003f9c        0x4 
 .fini.__stub   0x0000000010003fa0       0x50 linker stubs
 *crtbegin.o(.ctors)
 *crtbegin?.o(.ctors)
 *(EXCLUDE_FILE(*crtend.o *crtend?.o) .ctors)
 *(SORT_BY_NAME(.ctors.*))
 *(.ctors)
 *crtbegin.o(.dtors)
 *crtbegin?.o(.dtors)
 *(EXCLUDE_FILE(*crtend.o *crtend?.o) .dtors)
 *(SORT_BY_NAME(.dtors.*))
 *(.dtors)
 *(.eh_frame*)
 .eh_frame      0x0000000010003ff0        0x0 /home/keith/pico/armtools/gcc-arm-none-eabi-10-2020-q4-major/bin/../lib/gcc/arm-none-eabi/10.2.1/thumb/v6-m/nofp/crtbegin.o
                0x0000000010003ff0                . = ALIGN (0x4)

.glue_7         0x0000000010003ff0        0x0
 .glue_7        0x0000000010003ff0        0x0 linker stubs

.glue_7t        0x0000000010003ff0        0x0
 .glue_7t       0x0000000010003ff0        0x0 linker stubs

.vfp11_veneer   0x0000000010003ff0        0x0
 .vfp11_veneer  0x0000000010003ff0        0x0 linker stubs

.v4_bx          0x0000000010003ff0        0x0
 .v4_bx         0x0000000010003ff0        0x0 linker stubs

.iplt           0x0000000010003ff0        0x0
 .iplt          0x0000000010003ff0        0x0 /home/keith/pico/armtools/gcc-arm-none-eabi-10-2020-q4-major/bin/../lib/gcc/arm-none-eabi/10.2.1/thumb/v6-m/nofp/crtbegin.o

.rodata         0x0000000010003ff0      0xcc0
 *(EXCLUDE_FILE(*libm.a: *libc.a:*lib_a-mem*.o *libgcc.a:) .rodata*)
 .rodata.main.str1.4
                0x0000000010003ff0       0x2a CMakeFiles/first.dir/first.c.obj
 *fill*         0x000000001000401a        0x2 
 .rodata.repeating_timer_callback.str1.4
                0x000000001000401c       0x4a CMakeFiles/first.dir/home/keith/pico/pico-sdk/src/common/pico_time/time.c.obj
 *fill*         0x0000000010004066        0x2 
 .rodata.timer_pool_entry_comparator.str1.4
                0x0000000010004068       0x22 CMakeFiles/first.dir/home/keith/pico/pico-sdk/src/common/pico_time/time.c.obj
 *fill*         0x000000001000408a        0x2 
 .rodata.ph_add_child_node.str1.4
                0x000000001000408c       0x96 CMakeFiles/first.dir/home/keith/pico/pico-sdk/src/common/pico_time/time.c.obj
 *fill*         0x0000000010004122        0x2 
 .rodata.add_alarm_under_lock.str1.4
                0x0000000010004124       0x28 CMakeFiles/first.dir/home/keith/pico/pico-sdk/src/common/pico_time/time.c.obj
                                         0x2b (size before relaxing)
 .rodata.alarm_pool_alarm_callback.str1.4
                0x000000001000414c       0x82 CMakeFiles/first.dir/home/keith/pico/pico-sdk/src/common/pico_time/time.c.obj
 *fill*         0x00000000100041ce        0x2 
 .rodata.__func__.10
                0x00000000100041d0       0x1a CMakeFiles/first.dir/home/keith/pico/pico-sdk/src/common/pico_time/time.c.obj
 *fill*         0x00000000100041ea        0x2 
 .rodata.__func__.11
                0x00000000100041ec        0xa CMakeFiles/first.dir/home/keith/pico/pico-sdk/src/common/pico_time/time.c.obj
 *fill*         0x00000000100041f6        0x2 
 .rodata.__func__.4
                0x00000000100041f8       0x12 CMakeFiles/first.dir/home/keith/pico/pico-sdk/src/common/pico_time/time.c.obj
 *fill*         0x000000001000420a        0x2 
 .rodata.__func__.5
                0x000000001000420c        0xd CMakeFiles/first.dir/home/keith/pico/pico-sdk/src/common/pico_time/time.c.obj
 *fill*         0x0000000010004219        0x3 
 .rodata.__func__.6
                0x000000001000421c       0x12 CMakeFiles/first.dir/home/keith/pico/pico-sdk/src/common/pico_time/time.c.obj
 *fill*         0x000000001000422e        0x2 
 .rodata.__func__.7
                0x0000000010004230        0xf CMakeFiles/first.dir/home/keith/pico/pico-sdk/src/common/pico_time/time.c.obj
 *fill*         0x000000001000423f        0x1 
 .rodata.__func__.8
                0x0000000010004240        0xc CMakeFiles/first.dir/home/keith/pico/pico-sdk/src/common/pico_time/time.c.obj
 .rodata.__func__.9
                0x000000001000424c       0x15 CMakeFiles/first.dir/home/keith/pico/pico-sdk/src/common/pico_time/time.c.obj
 *fill*         0x0000000010004261        0x3 
 .rodata.hardware_alarm_claim.str1.4
                0x0000000010004264       0x22 CMakeFiles/first.dir/home/keith/pico/pico-sdk/src/rp2_common/hardware_timer/timer.c.obj
 *fill*         0x0000000010004286        0x2 
 .rodata.hardware_alarm_set_target.str1.4
                0x0000000010004288       0x64 CMakeFiles/first.dir/home/keith/pico/pico-sdk/src/rp2_common/hardware_timer/timer.c.obj
 .rodata.__func__.0
                0x00000000100042ec       0x1a CMakeFiles/first.dir/home/keith/pico/pico-sdk/src/rp2_common/hardware_timer/timer.c.obj
 *fill*         0x0000000010004306        0x2 
 .rodata.str1.4
                0x0000000010004308       0x5c CMakeFiles/first.dir/home/keith/pico/pico-sdk/src/common/pico_sync/mutex.c.obj
 .rodata.__func__.0
                0x0000000010004364        0xb CMakeFiles/first.dir/home/keith/pico/pico-sdk/src/common/pico_sync/mutex.c.obj
 *fill*         0x000000001000436f        0x1 
 .rodata.__func__.2
                0x0000000010004370       0x15 CMakeFiles/first.dir/home/keith/pico/pico-sdk/src/common/pico_sync/mutex.c.obj
 .rodata.ph_add_child_node.str1.4
                0x0000000010004385       0x96 CMakeFiles/first.dir/home/keith/pico/pico-sdk/src/common/pico_util/pheap.c.obj
 *fill*         0x0000000010004385        0x3 
 .rodata.ph_remove_any_head.str1.4
                0x0000000010004388       0x8c CMakeFiles/first.dir/home/keith/pico/pico-sdk/src/common/pico_util/pheap.c.obj
 .rodata.ph_remove_and_free_node.str1.4
                0x0000000010004414       0x26 CMakeFiles/first.dir/home/keith/pico/pico-sdk/src/common/pico_util/pheap.c.obj
 *fill*         0x000000001000443a        0x2 
 .rodata.__func__.0
                0x000000001000443c       0x18 CMakeFiles/first.dir/home/keith/pico/pico-sdk/src/common/pico_util/pheap.c.obj
 .rodata.__func__.1
                0x0000000010004454       0x13 CMakeFiles/first.dir/home/keith/pico/pico-sdk/src/common/pico_util/pheap.c.obj
 *fill*         0x0000000010004467        0x1 
 .rodata.__func__.2
                0x0000000010004468       0x12 CMakeFiles/first.dir/home/keith/pico/pico-sdk/src/common/pico_util/pheap.c.obj
 *fill*         0x000000001000447a        0x2 
 .rodata.__func__.3
                0x000000001000447c        0xc CMakeFiles/first.dir/home/keith/pico/pico-sdk/src/common/pico_util/pheap.c.obj
 .rodata.__assert_func.str1.4
                0x0000000010004488       0x3f CMakeFiles/first.dir/home/keith/pico/pico-sdk/src/rp2_common/pico_runtime/runtime.c.obj
                                         0x43 (size before relaxing)
 *fill*         0x00000000100044c7        0x1 
 .rodata.panic.str1.4
                0x00000000100044c8       0x12 CMakeFiles/first.dir/home/keith/pico/pico-sdk/src/rp2_common/pico_runtime/runtime.c.obj
 *fill*         0x00000000100044da        0x2 
 .rodata.clock_configure.str1.4
                0x00000000100044dc       0x56 CMakeFiles/first.dir/home/keith/pico/pico-sdk/src/rp2_common/hardware_clocks/clocks.c.obj
 *fill*         0x0000000010004532        0x2 
 .rodata.__func__.1
                0x0000000010004534       0x10 CMakeFiles/first.dir/home/keith/pico/pico-sdk/src/rp2_common/hardware_clocks/clocks.c.obj
 .rodata.pll_init.str1.4
                0x0000000010004544       0xd7 CMakeFiles/first.dir/home/keith/pico/pico-sdk/src/rp2_common/hardware_pll/pll.c.obj
 *fill*         0x000000001000461b        0x1 
 .rodata.__func__.0
                0x000000001000461c        0x9 CMakeFiles/first.dir/home/keith/pico/pico-sdk/src/rp2_common/hardware_pll/pll.c.obj
 *fill*         0x0000000010004625        0x3 
 .rodata.make_branch.str1.4
                0x0000000010004628       0x4c CMakeFiles/first.dir/home/keith/pico/pico-sdk/src/rp2_common/hardware_irq/irq.c.obj
 .rodata.irq_set_exclusive_handler.str1.4
                0x0000000010004674       0x36 CMakeFiles/first.dir/home/keith/pico/pico-sdk/src/rp2_common/hardware_irq/irq.c.obj
 *fill*         0x00000000100046aa        0x2 
 .rodata.irq_add_shared_handler.str1.4
                0x00000000100046ac       0xd9 CMakeFiles/first.dir/home/keith/pico/pico-sdk/src/rp2_common/hardware_irq/irq.c.obj
 *fill*         0x0000000010004785        0x3 
 .rodata.irq_remove_handler.str1.4
                0x0000000010004788       0x2a CMakeFiles/first.dir/home/keith/pico/pico-sdk/src/rp2_common/hardware_irq/irq.c.obj
 *fill*         0x00000000100047b2        0x2 
 .rodata.irq_add_tail_to_free_list.str1.4
                0x00000000100047b4       0x32 CMakeFiles/first.dir/home/keith/pico/pico-sdk/src/rp2_common/hardware_irq/irq.c.obj
                                         0x3a (size before relaxing)
 *fill*         0x00000000100047e6        0x2 
 .rodata.__func__.0
                0x00000000100047e8       0x1a CMakeFiles/first.dir/home/keith/pico/pico-sdk/src/rp2_common/hardware_irq/irq.c.obj
 *fill*         0x0000000010004802        0x2 
 .rodata.__func__.1
                0x0000000010004804       0x17 CMakeFiles/first.dir/home/keith/pico/pico-sdk/src/rp2_common/hardware_irq/irq.c.obj
 *fill*         0x000000001000481b        0x1 
 .rodata.__func__.2
                0x000000001000481c       0x13 CMakeFiles/first.dir/home/keith/pico/pico-sdk/src/rp2_common/hardware_irq/irq.c.obj
 *fill*         0x000000001000482f        0x1 
 .rodata.__func__.3
                0x0000000010004830        0xc CMakeFiles/first.dir/home/keith/pico/pico-sdk/src/rp2_common/hardware_irq/irq.c.obj
 .rodata.__func__.4
                0x000000001000483c        0xf CMakeFiles/first.dir/home/keith/pico/pico-sdk/src/rp2_common/hardware_irq/irq.c.obj
 *fill*         0x000000001000484b        0x1 
 .rodata.__func__.6
                0x000000001000484c       0x1a CMakeFiles/first.dir/home/keith/pico/pico-sdk/src/rp2_common/hardware_irq/irq.c.obj
 *fill*         0x0000000010004866        0x2 
 .rodata._ftoa.str1.4
                0x0000000010004868       0x15 CMakeFiles/first.dir/home/keith/pico/pico-sdk/src/rp2_common/pico_printf/printf.c.obj
 *fill*         0x000000001000487d        0x3 
 .rodata._vsnprintf
                0x0000000010004880      0x1e0 CMakeFiles/first.dir/home/keith/pico/pico-sdk/src/rp2_common/pico_printf/printf.c.obj
 .rodata.pow10.0
                0x0000000010004a60       0x50 CMakeFiles/first.dir/home/keith/pico/pico-sdk/src/rp2_common/pico_printf/printf.c.obj
 .rodata.__aeabi_double_init.str1.4
                0x0000000010004ab0       0xa7 CMakeFiles/first.dir/home/keith/pico/pico-sdk/src/rp2_common/pico_double/double_init_rom.c.obj
 *fill*         0x0000000010004b57        0x1 
 .rodata.__func__.0
                0x0000000010004b58       0x14 CMakeFiles/first.dir/home/keith/pico/pico-sdk/src/rp2_common/pico_double/double_init_rom.c.obj
 .rodata.__aeabi_float_init.str1.4
                0x0000000010004b6c       0x79 CMakeFiles/first.dir/home/keith/pico/pico-sdk/src/rp2_common/pico_float/float_init_rom.c.obj
                                         0x7d (size before relaxing)
 *fill*         0x0000000010004be5        0x3 
 .rodata.__func__.0
                0x0000000010004be8       0x13 CMakeFiles/first.dir/home/keith/pico/pico-sdk/src/rp2_common/pico_float/float_init_rom.c.obj
 *fill*         0x0000000010004bfb        0x1 
 .rodata.str1.4
                0x0000000010004bfc       0x40 CMakeFiles/first.dir/home/keith/pico/pico-sdk/src/rp2_common/pico_standard_link/binary_info.c.obj
 .rodata.__bi_40
                0x0000000010004c3c        0xc CMakeFiles/first.dir/home/keith/pico/pico-sdk/src/rp2_common/pico_standard_link/binary_info.c.obj
 .rodata.__bi_52
                0x0000000010004c48        0xc CMakeFiles/first.dir/home/keith/pico/pico-sdk/src/rp2_common/pico_standard_link/binary_info.c.obj
 .rodata.__bi_71
                0x0000000010004c54        0xc CMakeFiles/first.dir/home/keith/pico/pico-sdk/src/rp2_common/pico_standard_link/binary_info.c.obj
 .rodata.__bi_77
                0x0000000010004c60        0xc CMakeFiles/first.dir/home/keith/pico/pico-sdk/src/rp2_common/pico_standard_link/binary_info.c.obj
 .rodata.crlf_str.1
                0x0000000010004c6c        0x2 CMakeFiles/first.dir/home/keith/pico/pico-sdk/src/rp2_common/pico_stdio/stdio.c.obj
 *fill*         0x0000000010004c6e        0x2 
 .rodata.str1.4
                0x0000000010004c70       0x2c CMakeFiles/first.dir/home/keith/pico/pico-sdk/src/rp2_common/pico_stdio_uart/stdio_uart.c.obj
 .rodata.__bi_28.4
                0x0000000010004c9c        0xc CMakeFiles/first.dir/home/keith/pico/pico-sdk/src/rp2_common/pico_stdio_uart/stdio_uart.c.obj
 .rodata.__bi_29.5
                0x0000000010004ca8        0x8 CMakeFiles/first.dir/home/keith/pico/pico-sdk/src/rp2_common/pico_stdio_uart/stdio_uart.c.obj
                0x0000000010004cb0                . = ALIGN (0x4)
 *(SORT_BY_ALIGNMENT(SORT_BY_NAME(.flashdata*)))
                0x0000000010004cb0                . = ALIGN (0x4)

.rel.dyn        0x0000000010004cb0        0x0
 .rel.iplt      0x0000000010004cb0        0x0 /home/keith/pico/armtools/gcc-arm-none-eabi-10-2020-q4-major/bin/../lib/gcc/arm-none-eabi/10.2.1/thumb/v6-m/nofp/crtbegin.o

.ARM.extab
 *(.ARM.extab* .gnu.linkonce.armextab.*)
                0x0000000010004cb0                __exidx_start = .

.ARM.exidx
 *(.ARM.exidx* .gnu.linkonce.armexidx.*)
                0x0000000010004cb0                __exidx_end = .
                0x0000000010004cb0                . = ALIGN (0x4)
                0x0000000010004cb0                __binary_info_start = .

.binary_info    0x0000000010004cb0       0x28
 *(.binary_info.keep.*)
 .binary_info.keep.__bi_ptr18
                0x0000000010004cb0        0x4 CMakeFiles/first.dir/home/keith/pico/pico-sdk/src/rp2_common/pico_standard_link/binary_info.c.obj
 .binary_info.keep.__bi_ptr26
                0x0000000010004cb4        0x4 CMakeFiles/first.dir/home/keith/pico/pico-sdk/src/rp2_common/pico_standard_link/binary_info.c.obj
 .binary_info.keep.__bi_ptr34
                0x0000000010004cb8        0x4 CMakeFiles/first.dir/home/keith/pico/pico-sdk/src/rp2_common/pico_standard_link/binary_info.c.obj
 .binary_info.keep.__bi_ptr40
                0x0000000010004cbc        0x4 CMakeFiles/first.dir/home/keith/pico/pico-sdk/src/rp2_common/pico_standard_link/binary_info.c.obj
 .binary_info.keep.__bi_ptr46
                0x0000000010004cc0        0x4 CMakeFiles/first.dir/home/keith/pico/pico-sdk/src/rp2_common/pico_standard_link/binary_info.c.obj
 .binary_info.keep.__bi_ptr52
                0x0000000010004cc4        0x4 CMakeFiles/first.dir/home/keith/pico/pico-sdk/src/rp2_common/pico_standard_link/binary_info.c.obj
 .binary_info.keep.__bi_ptr71
                0x0000000010004cc8        0x4 CMakeFiles/first.dir/home/keith/pico/pico-sdk/src/rp2_common/pico_standard_link/binary_info.c.obj
 .binary_info.keep.__bi_ptr77
                0x0000000010004ccc        0x4 CMakeFiles/first.dir/home/keith/pico/pico-sdk/src/rp2_common/pico_standard_link/binary_info.c.obj
 *(.binary_info.*)
 .binary_info.__bi_ptr28
                0x0000000010004cd0        0x4 CMakeFiles/first.dir/home/keith/pico/pico-sdk/src/rp2_common/pico_stdio_uart/stdio_uart.c.obj
 .binary_info.__bi_ptr29
                0x0000000010004cd4        0x4 CMakeFiles/first.dir/home/keith/pico/pico-sdk/src/rp2_common/pico_stdio_uart/stdio_uart.c.obj
                0x0000000010004cd8                __binary_info_end = .
                0x0000000010004cd8                . = ALIGN (0x4)
                0x0000000010004cd8                __etext = .

.ram_vector_table
                0x0000000020000000       0xc0
 *(.ram_vector_table)
 .ram_vector_table
                0x0000000020000000       0xc0 CMakeFiles/first.dir/home/keith/pico/pico-sdk/src/rp2_common/pico_runtime/runtime.c.obj
                0x0000000020000000                ram_vector_table

.data           0x00000000200000c0      0x1e0 load address 0x0000000010004cd8
                0x00000000200000c0                __data_start__ = .
 *(vtable)
 *(.time_critical*)
 .time_critical.mutex_enter_blocking
                0x00000000200000c0       0x64 CMakeFiles/first.dir/home/keith/pico/pico-sdk/src/common/pico_sync/mutex.c.obj
                0x00000000200000c0                mutex_enter_blocking
 .time_critical.mutex_try_enter
                0x0000000020000124       0x46 CMakeFiles/first.dir/home/keith/pico/pico-sdk/src/common/pico_sync/mutex.c.obj
                0x0000000020000124                mutex_try_enter
 *fill*         0x000000002000016a        0x2 
 .time_critical.mutex_exit
                0x000000002000016c       0x4c CMakeFiles/first.dir/home/keith/pico/pico-sdk/src/common/pico_sync/mutex.c.obj
                0x000000002000016c                mutex_exit
 *(.text*)
 .text          0x00000000200001b8        0x4 /home/keith/pico/armtools/gcc-arm-none-eabi-10-2020-q4-major/bin/../lib/gcc/arm-none-eabi/10.2.1/thumb/v6-m/nofp/libgcc.a(_dvmd_tls.o)
                0x00000000200001b8                __aeabi_ldiv0
                0x00000000200001b8                __aeabi_idiv0
 *fill*         0x00000000200001bc        0x4 
 .text.__stub   0x00000000200001c0       0x10 linker stubs
                0x00000000200001d0                . = ALIGN (0x4)
 *(.rodata*)
                0x00000000200001d0                . = ALIGN (0x4)
 *(.data*)
 .data.striped_spin_lock_num
                0x00000000200001d0        0x1 CMakeFiles/first.dir/home/keith/pico/pico-sdk/src/rp2_common/hardware_sync/sync.c.obj
 *fill*         0x00000000200001d1        0x3 
 .data.default_alarm_pool
                0x00000000200001d4       0x18 CMakeFiles/first.dir/home/keith/pico/pico-sdk/src/common/pico_time/time.c.obj
 .data.default_alarm_pool_heap
                0x00000000200001ec       0x10 CMakeFiles/first.dir/home/keith/pico/pico-sdk/src/common/pico_time/time.c.obj
 .data          0x00000000200001fc       0x48 CMakeFiles/first.dir/home/keith/pico/pico-sdk/src/rp2_common/hardware_irq/irq_handler_chain.S.obj
                0x00000000200001fc                irq_handler_chain_slots
                0x000000002000022c                irq_handler_chain_first_slot
                0x0000000020000236                irq_handler_chain_remove_tail
 *fill*         0x0000000020000244        0xc 
 .data.aeabi_bits_funcs
                0x0000000020000250       0x10 CMakeFiles/first.dir/home/keith/pico/pico-sdk/src/rp2_common/pico_bit_ops/bit_ops_aeabi.S.obj
                0x0000000020000250                aeabi_bits_funcs
                0x0000000020000260                aeabi_bits_funcs_end
 .data.aeabi_mem_funcs
                0x0000000020000260       0x10 CMakeFiles/first.dir/home/keith/pico/pico-sdk/src/rp2_common/pico_mem_ops/mem_ops_aeabi.S.obj
                0x0000000020000260                aeabi_mem_funcs
                0x0000000020000270                aeabi_mem_funcs_end
 .data.stdio_uart
                0x0000000020000270       0x14 CMakeFiles/first.dir/home/keith/pico/pico-sdk/src/rp2_common/pico_stdio_uart/stdio_uart.c.obj
                0x0000000020000270                stdio_uart
                0x0000000020000284                . = ALIGN (0x4)
 *(.after_data.*)
                0x0000000020000284                . = ALIGN (0x4)
                0x0000000020000284                PROVIDE (__mutex_array_start = .)
 *(SORT_BY_NAME(.mutex_array.*))
 *(.mutex_array)
 .mutex_array   0x0000000020000284        0x8 CMakeFiles/first.dir/home/keith/pico/pico-sdk/src/rp2_common/pico_stdio/stdio.c.obj
                0x000000002000028c                PROVIDE (__mutex_array_end = .)
                0x000000002000028c                . = ALIGN (0x4)
                0x000000002000028c                PROVIDE (__preinit_array_start = .)
 *(SORT_BY_NAME(.preinit_array.*))
 .preinit_array.00001
                0x000000002000028c        0x4 CMakeFiles/first.dir/home/keith/pico/pico-sdk/src/rp2_common/pico_mem_ops/mem_ops_aeabi.S.obj
 .preinit_array.00010
                0x0000000020000290        0x4 CMakeFiles/first.dir/home/keith/pico/pico-sdk/src/rp2_common/pico_bit_ops/bit_ops_aeabi.S.obj
 .preinit_array.00020
                0x0000000020000294        0x4 CMakeFiles/first.dir/home/keith/pico/pico-sdk/src/rp2_common/pico_double/double_aeabi.S.obj
 .preinit_array.00020
                0x0000000020000298        0x4 CMakeFiles/first.dir/home/keith/pico/pico-sdk/src/rp2_common/pico_float/float_aeabi.S.obj
 *(.preinit_array)
                0x000000002000029c                PROVIDE (__preinit_array_end = .)
                0x000000002000029c                . = ALIGN (0x4)
                0x000000002000029c                PROVIDE (__init_array_start = .)
 *(SORT_BY_NAME(.init_array.*))
 *(.init_array)
 .init_array    0x000000002000029c        0x4 /home/keith/pico/armtools/gcc-arm-none-eabi-10-2020-q4-major/bin/../lib/gcc/arm-none-eabi/10.2.1/thumb/v6-m/nofp/crtbegin.o
                0x00000000200002a0                PROVIDE (__init_array_end = .)
                0x00000000200002a0                . = ALIGN (0x4)
                [!provide]                        PROVIDE (__fini_array_start = .)
 *(SORT_BY_NAME(.fini_array.*))
 *(.fini_array)
                [!provide]                        PROVIDE (__fini_array_end = .)
 *(.jcr)
                0x00000000200002a0                . = ALIGN (0x4)
                0x00000000200002a0                __data_end__ = .

.igot.plt       0x00000000200002a0        0x0 load address 0x0000000010004eb8
 .igot.plt      0x00000000200002a0        0x0 /home/keith/pico/armtools/gcc-arm-none-eabi-10-2020-q4-major/bin/../lib/gcc/arm-none-eabi/10.2.1/thumb/v6-m/nofp/crtbegin.o

.uninitialized_data
                0x00000000200002a0        0x0 load address 0x0000000010004eb8
                0x00000000200002a0                . = ALIGN (0x4)
 *(.uninitialized_data*)

.scratch_x      0x0000000020040000        0x0 load address 0x0000000010004eb8
                0x0000000020040000                __scratch_x_start__ = .
 *(.scratch_x.*)
                0x0000000020040000                . = ALIGN (0x4)
                0x0000000020040000                __scratch_x_end__ = .
                0x0000000010004eb8                __scratch_x_source__ = LOADADDR (.scratch_x)

.scratch_y      0x0000000020041000        0x0 load address 0x0000000010004eb8
                0x0000000020041000                __scratch_y_start__ = .
 *(.scratch_y.*)
                0x0000000020041000                . = ALIGN (0x4)
                0x0000000020041000                __scratch_y_end__ = .
                0x0000000010004eb8                __scratch_y_source__ = LOADADDR (.scratch_y)

.bss            0x00000000200002a0      0x3cc
                0x00000000200002a0                . = ALIGN (0x4)
                0x00000000200002a0                __bss_start__ = .
 *(SORT_BY_ALIGNMENT(SORT_BY_NAME(.bss*)))
 .bss.default_alarm_pool_entries
                0x00000000200002a0      0x100 CMakeFiles/first.dir/home/keith/pico/pico-sdk/src/common/pico_time/time.c.obj
 .bss           0x00000000200003a0       0x1c /home/keith/pico/armtools/gcc-arm-none-eabi-10-2020-q4-major/bin/../lib/gcc/arm-none-eabi/10.2.1/thumb/v6-m/nofp/crtbegin.o
 .bss.alarm_callbacks
                0x00000000200003bc       0x10 CMakeFiles/first.dir/home/keith/pico/pico-sdk/src/rp2_common/hardware_timer/timer.c.obj
 .bss.configured_freq
                0x00000000200003cc       0x28 CMakeFiles/first.dir/home/keith/pico/pico-sdk/src/rp2_common/hardware_clocks/clocks.c.obj
 .bss.default_alarm_pool_entry_ids_high
                0x00000000200003f4       0x10 CMakeFiles/first.dir/home/keith/pico/pico-sdk/src/common/pico_time/time.c.obj
 .bss.default_alarm_pool_heap_nodes
                0x0000000020000404       0x30 CMakeFiles/first.dir/home/keith/pico/pico-sdk/src/common/pico_time/time.c.obj
 .bss.drivers   0x0000000020000434        0x4 CMakeFiles/first.dir/home/keith/pico/pico-sdk/src/rp2_common/pico_stdio/stdio.c.obj
 .bss.filter    0x0000000020000438        0x4 CMakeFiles/first.dir/home/keith/pico/pico-sdk/src/rp2_common/pico_stdio/stdio.c.obj
 .bss.pools     0x000000002000043c       0x10 CMakeFiles/first.dir/home/keith/pico/pico-sdk/src/common/pico_time/time.c.obj
 .bss.sd_table  0x000000002000044c      0x100 CMakeFiles/first.dir/home/keith/pico/pico-sdk/src/rp2_common/pico_double/double_init_rom.c.obj
                0x000000002000044c                sd_table
 .bss.sf_clz_func
                0x000000002000054c        0x4 CMakeFiles/first.dir/home/keith/pico/pico-sdk/src/rp2_common/pico_float/float_init_rom.c.obj
                0x000000002000054c                sf_clz_func
 .bss.sf_table  0x0000000020000550      0x100 CMakeFiles/first.dir/home/keith/pico/pico-sdk/src/rp2_common/pico_float/float_init_rom.c.obj
                0x0000000020000550                sf_table
 .bss.target_hi
                0x0000000020000650       0x10 CMakeFiles/first.dir/home/keith/pico/pico-sdk/src/rp2_common/hardware_timer/timer.c.obj
 .bss.uart_char_to_line_feed
                0x0000000020000660        0x4 CMakeFiles/first.dir/home/keith/pico/pico-sdk/src/rp2_common/hardware_uart/uart.c.obj
                0x0000000020000660                uart_char_to_line_feed
 .bss.uart_instance
                0x0000000020000664        0x4 CMakeFiles/first.dir/home/keith/pico/pico-sdk/src/rp2_common/pico_stdio_uart/stdio_uart.c.obj
 .bss.claimed   0x0000000020000668        0x1 CMakeFiles/first.dir/home/keith/pico/pico-sdk/src/rp2_common/hardware_timer/timer.c.obj
 .bss.irq_hander_chain_free_slot_head
                0x0000000020000669        0x1 CMakeFiles/first.dir/home/keith/pico/pico-sdk/src/rp2_common/hardware_irq/irq.c.obj
 .bss.timer_callbacks_pending
                0x000000002000066a        0x1 CMakeFiles/first.dir/home/keith/pico/pico-sdk/src/rp2_common/hardware_timer/timer.c.obj
 *(COMMON)
                0x000000002000066c                . = ALIGN (0x4)
 *fill*         0x000000002000066b        0x1 
                0x000000002000066c                __bss_end__ = .

.heap           0x000000002000066c      0x800
                0x000000002000066c                __end__ = .
                0x000000002000066c                end = __end__
 *(.heap*)
 .heap          0x000000002000066c      0x800 CMakeFiles/first.dir/home/keith/pico/pico-sdk/src/rp2_common/pico_standard_link/crt0.S.obj
                0x0000000020000e6c                __HeapLimit = .

.stack1_dummy   0x0000000020040000        0x0
 *(.stack1*)

.stack_dummy    0x0000000020041000      0x800
 *(.stack*)
 .stack         0x0000000020041000      0x800 CMakeFiles/first.dir/home/keith/pico/pico-sdk/src/rp2_common/pico_standard_link/crt0.S.obj

.flash_end      0x0000000010004eb8        0x0
                0x0000000010004eb8                __flash_binary_end = .
                0x0000000020040000                __StackLimit = (ORIGIN (RAM) + LENGTH (RAM))
                0x0000000020041000                __StackOneTop = (ORIGIN (SCRATCH_X) + LENGTH (SCRATCH_X))
                0x0000000020042000                __StackTop = (ORIGIN (SCRATCH_Y) + LENGTH (SCRATCH_Y))
                0x0000000020041000                __StackOneBottom = (__StackOneTop - SIZEOF (.stack1_dummy))
                0x0000000020041800                __StackBottom = (__StackTop - SIZEOF (.stack_dummy))
                0x0000000020042000                PROVIDE (__stack = __StackTop)
                0x0000000000000001                ASSERT ((__StackLimit >= __HeapLimit), region RAM overflowed)
                0x0000000000000001                ASSERT (((__binary_info_header_end - __logical_binary_start) <= 0x100), Binary info must be in first 256 bytes of the binary)
LOAD CMakeFiles/first.dir/first.c.obj
LOAD CMakeFiles/first.dir/home/keith/pico/pico-sdk/src/rp2_common/pico_stdlib/stdlib.c.obj
LOAD CMakeFiles/first.dir/home/keith/pico/pico-sdk/src/rp2_common/hardware_gpio/gpio.c.obj
LOAD CMakeFiles/first.dir/home/keith/pico/pico-sdk/src/rp2_common/hardware_claim/claim.c.obj
LOAD CMakeFiles/first.dir/home/keith/pico/pico-sdk/src/rp2_common/hardware_sync/sync.c.obj
LOAD CMakeFiles/first.dir/home/keith/pico/pico-sdk/src/rp2_common/pico_platform/platform.c.obj
LOAD CMakeFiles/first.dir/home/keith/pico/pico-sdk/src/rp2_common/hardware_uart/uart.c.obj
LOAD CMakeFiles/first.dir/home/keith/pico/pico-sdk/src/rp2_common/hardware_divider/divider.S.obj
LOAD CMakeFiles/first.dir/home/keith/pico/pico-sdk/src/common/pico_time/time.c.obj
LOAD CMakeFiles/first.dir/home/keith/pico/pico-sdk/src/common/pico_time/timeout_helper.c.obj
LOAD CMakeFiles/first.dir/home/keith/pico/pico-sdk/src/rp2_common/hardware_timer/timer.c.obj
LOAD CMakeFiles/first.dir/home/keith/pico/pico-sdk/src/common/pico_sync/sem.c.obj
LOAD CMakeFiles/first.dir/home/keith/pico/pico-sdk/src/common/pico_sync/lock_core.c.obj
LOAD CMakeFiles/first.dir/home/keith/pico/pico-sdk/src/common/pico_sync/mutex.c.obj
LOAD CMakeFiles/first.dir/home/keith/pico/pico-sdk/src/common/pico_sync/critical_section.c.obj
LOAD CMakeFiles/first.dir/home/keith/pico/pico-sdk/src/common/pico_util/datetime.c.obj
LOAD CMakeFiles/first.dir/home/keith/pico/pico-sdk/src/common/pico_util/pheap.c.obj
LOAD CMakeFiles/first.dir/home/keith/pico/pico-sdk/src/common/pico_util/queue.c.obj
LOAD CMakeFiles/first.dir/home/keith/pico/pico-sdk/src/rp2_common/pico_runtime/runtime.c.obj
LOAD CMakeFiles/first.dir/home/keith/pico/pico-sdk/src/rp2_common/hardware_clocks/clocks.c.obj
LOAD CMakeFiles/first.dir/home/keith/pico/pico-sdk/src/rp2_common/hardware_watchdog/watchdog.c.obj
LOAD CMakeFiles/first.dir/home/keith/pico/pico-sdk/src/rp2_common/hardware_xosc/xosc.c.obj
LOAD CMakeFiles/first.dir/home/keith/pico/pico-sdk/src/rp2_common/hardware_pll/pll.c.obj
LOAD CMakeFiles/first.dir/home/keith/pico/pico-sdk/src/rp2_common/hardware_vreg/vreg.c.obj
LOAD CMakeFiles/first.dir/home/keith/pico/pico-sdk/src/rp2_common/hardware_irq/irq.c.obj
LOAD CMakeFiles/first.dir/home/keith/pico/pico-sdk/src/rp2_common/hardware_irq/irq_handler_chain.S.obj
LOAD CMakeFiles/first.dir/home/keith/pico/pico-sdk/src/rp2_common/pico_printf/printf.c.obj
LOAD CMakeFiles/first.dir/home/keith/pico/pico-sdk/src/rp2_common/pico_bit_ops/bit_ops_aeabi.S.obj
LOAD CMakeFiles/first.dir/home/keith/pico/pico-sdk/src/rp2_common/pico_bootrom/bootrom.c.obj
LOAD CMakeFiles/first.dir/home/keith/pico/pico-sdk/src/rp2_common/pico_divider/divider.S.obj
LOAD CMakeFiles/first.dir/home/keith/pico/pico-sdk/src/rp2_common/pico_double/double_aeabi.S.obj
LOAD CMakeFiles/first.dir/home/keith/pico/pico-sdk/src/rp2_common/pico_double/double_init_rom.c.obj
LOAD CMakeFiles/first.dir/home/keith/pico/pico-sdk/src/rp2_common/pico_double/double_math.c.obj
LOAD CMakeFiles/first.dir/home/keith/pico/pico-sdk/src/rp2_common/pico_double/double_v1_rom_shim.S.obj
LOAD CMakeFiles/first.dir/home/keith/pico/pico-sdk/src/rp2_common/pico_int64_ops/pico_int64_ops_aeabi.S.obj
LOAD CMakeFiles/first.dir/home/keith/pico/pico-sdk/src/rp2_common/pico_float/float_aeabi.S.obj
LOAD CMakeFiles/first.dir/home/keith/pico/pico-sdk/src/rp2_common/pico_float/float_init_rom.c.obj
LOAD CMakeFiles/first.dir/home/keith/pico/pico-sdk/src/rp2_common/pico_float/float_math.c.obj
LOAD CMakeFiles/first.dir/home/keith/pico/pico-sdk/src/rp2_common/pico_float/float_v1_rom_shim.S.obj
LOAD CMakeFiles/first.dir/home/keith/pico/pico-sdk/src/rp2_common/pico_malloc/pico_malloc.c.obj
LOAD CMakeFiles/first.dir/home/keith/pico/pico-sdk/src/rp2_common/pico_mem_ops/mem_ops_aeabi.S.obj
LOAD CMakeFiles/first.dir/home/keith/pico/pico-sdk/src/rp2_common/pico_standard_link/crt0.S.obj
LOAD CMakeFiles/first.dir/home/keith/pico/pico-sdk/src/rp2_common/pico_standard_link/new_delete.cpp.obj
LOAD CMakeFiles/first.dir/home/keith/pico/pico-sdk/src/rp2_common/pico_standard_link/binary_info.c.obj
LOAD CMakeFiles/first.dir/home/keith/pico/pico-sdk/src/rp2_common/pico_stdio/stdio.c.obj
LOAD CMakeFiles/first.dir/home/keith/pico/pico-sdk/src/rp2_common/pico_stdio_uart/stdio_uart.c.obj
LOAD /tmp/ccG6n4n0.o
LOAD /home/keith/pico/armtools/gcc-arm-none-eabi-10-2020-q4-major/bin/../lib/gcc/arm-none-eabi/10.2.1/../../../../arm-none-eabi/lib/thumb/v6-m/nofp/libstdc++.a
LOAD /home/keith/pico/armtools/gcc-arm-none-eabi-10-2020-q4-major/bin/../lib/gcc/arm-none-eabi/10.2.1/../../../../arm-none-eabi/lib/thumb/v6-m/nofp/libm.a
START GROUP
LOAD /home/keith/pico/armtools/gcc-arm-none-eabi-10-2020-q4-major/bin/../lib/gcc/arm-none-eabi/10.2.1/thumb/v6-m/nofp/libgcc.a
LOAD /home/keith/pico/armtools/gcc-arm-none-eabi-10-2020-q4-major/bin/../lib/gcc/arm-none-eabi/10.2.1/../../../../arm-none-eabi/lib/thumb/v6-m/nofp/libg.a
LOAD /home/keith/pico/armtools/gcc-arm-none-eabi-10-2020-q4-major/bin/../lib/gcc/arm-none-eabi/10.2.1/../../../../arm-none-eabi/lib/thumb/v6-m/nofp/libc.a
END GROUP
START GROUP
LOAD /home/keith/pico/armtools/gcc-arm-none-eabi-10-2020-q4-major/bin/../lib/gcc/arm-none-eabi/10.2.1/thumb/v6-m/nofp/libgcc.a
LOAD /home/keith/pico/armtools/gcc-arm-none-eabi-10-2020-q4-major/bin/../lib/gcc/arm-none-eabi/10.2.1/../../../../arm-none-eabi/lib/thumb/v6-m/nofp/libc.a
LOAD /home/keith/pico/armtools/gcc-arm-none-eabi-10-2020-q4-major/bin/../lib/gcc/arm-none-eabi/10.2.1/../../../../arm-none-eabi/lib/thumb/v6-m/nofp/libnosys.a
END GROUP
LOAD /home/keith/pico/armtools/gcc-arm-none-eabi-10-2020-q4-major/bin/../lib/gcc/arm-none-eabi/10.2.1/thumb/v6-m/nofp/crtend.o
LOAD /home/keith/pico/armtools/gcc-arm-none-eabi-10-2020-q4-major/bin/../lib/gcc/arm-none-eabi/10.2.1/thumb/v6-m/nofp/crtn.o
OUTPUT(first.elf elf32-littlearm)
LOAD linker stubs

.ARM.attributes
                0x0000000000000000       0x28
 .ARM.attributes
                0x0000000000000000       0x1e /home/keith/pico/armtools/gcc-arm-none-eabi-10-2020-q4-major/bin/../lib/gcc/arm-none-eabi/10.2.1/thumb/v6-m/nofp/crti.o
 .ARM.attributes
                0x000000000000001e       0x2c /home/keith/pico/armtools/gcc-arm-none-eabi-10-2020-q4-major/bin/../lib/gcc/arm-none-eabi/10.2.1/thumb/v6-m/nofp/crtbegin.o
 .ARM.attributes
                0x000000000000004a       0x2b CMakeFiles/first.dir/first.c.obj
 .ARM.attributes
                0x0000000000000075       0x2b CMakeFiles/first.dir/home/keith/pico/pico-sdk/src/rp2_common/hardware_gpio/gpio.c.obj
 .ARM.attributes
                0x00000000000000a0       0x2b CMakeFiles/first.dir/home/keith/pico/pico-sdk/src/rp2_common/hardware_claim/claim.c.obj
 .ARM.attributes
                0x00000000000000cb       0x2b CMakeFiles/first.dir/home/keith/pico/pico-sdk/src/rp2_common/hardware_sync/sync.c.obj
 .ARM.attributes
                0x00000000000000f6       0x2b CMakeFiles/first.dir/home/keith/pico/pico-sdk/src/rp2_common/pico_platform/platform.c.obj
 .ARM.attributes
                0x0000000000000121       0x2b CMakeFiles/first.dir/home/keith/pico/pico-sdk/src/rp2_common/hardware_uart/uart.c.obj
 .ARM.attributes
                0x000000000000014c       0x22 CMakeFiles/first.dir/home/keith/pico/pico-sdk/src/rp2_common/hardware_divider/divider.S.obj
 .ARM.attributes
                0x000000000000016e       0x2b CMakeFiles/first.dir/home/keith/pico/pico-sdk/src/common/pico_time/time.c.obj
 .ARM.attributes
                0x0000000000000199       0x2b CMakeFiles/first.dir/home/keith/pico/pico-sdk/src/rp2_common/hardware_timer/timer.c.obj
 .ARM.attributes
                0x00000000000001c4       0x2b CMakeFiles/first.dir/home/keith/pico/pico-sdk/src/common/pico_sync/lock_core.c.obj
 .ARM.attributes
                0x00000000000001ef       0x2b CMakeFiles/first.dir/home/keith/pico/pico-sdk/src/common/pico_sync/mutex.c.obj
 .ARM.attributes
                0x000000000000021a       0x2b CMakeFiles/first.dir/home/keith/pico/pico-sdk/src/common/pico_util/pheap.c.obj
 .ARM.attributes
                0x0000000000000245       0x2b CMakeFiles/first.dir/home/keith/pico/pico-sdk/src/rp2_common/pico_runtime/runtime.c.obj
 .ARM.attributes
                0x0000000000000270       0x2b CMakeFiles/first.dir/home/keith/pico/pico-sdk/src/rp2_common/hardware_clocks/clocks.c.obj
 .ARM.attributes
                0x000000000000029b       0x2b CMakeFiles/first.dir/home/keith/pico/pico-sdk/src/rp2_common/hardware_watchdog/watchdog.c.obj
 .ARM.attributes
                0x00000000000002c6       0x2b CMakeFiles/first.dir/home/keith/pico/pico-sdk/src/rp2_common/hardware_xosc/xosc.c.obj
 .ARM.attributes
                0x00000000000002f1       0x2b CMakeFiles/first.dir/home/keith/pico/pico-sdk/src/rp2_common/hardware_pll/pll.c.obj
 .ARM.attributes
                0x000000000000031c       0x2b CMakeFiles/first.dir/home/keith/pico/pico-sdk/src/rp2_common/hardware_irq/irq.c.obj
 .ARM.attributes
                0x0000000000000347       0x22 CMakeFiles/first.dir/home/keith/pico/pico-sdk/src/rp2_common/hardware_irq/irq_handler_chain.S.obj
 .ARM.attributes
                0x0000000000000369       0x2b CMakeFiles/first.dir/home/keith/pico/pico-sdk/src/rp2_common/pico_printf/printf.c.obj
 .ARM.attributes
                0x0000000000000394       0x22 CMakeFiles/first.dir/home/keith/pico/pico-sdk/src/rp2_common/pico_bit_ops/bit_ops_aeabi.S.obj
 .ARM.attributes
                0x00000000000003b6       0x2b CMakeFiles/first.dir/home/keith/pico/pico-sdk/src/rp2_common/pico_bootrom/bootrom.c.obj
 .ARM.attributes
                0x00000000000003e1       0x22 CMakeFiles/first.dir/home/keith/pico/pico-sdk/src/rp2_common/pico_divider/divider.S.obj
 .ARM.attributes
                0x0000000000000403       0x22 CMakeFiles/first.dir/home/keith/pico/pico-sdk/src/rp2_common/pico_double/double_aeabi.S.obj
 .ARM.attributes
                0x0000000000000425       0x2b CMakeFiles/first.dir/home/keith/pico/pico-sdk/src/rp2_common/pico_double/double_init_rom.c.obj
 .ARM.attributes
                0x0000000000000450       0x22 CMakeFiles/first.dir/home/keith/pico/pico-sdk/src/rp2_common/pico_double/double_v1_rom_shim.S.obj
 .ARM.attributes
                0x0000000000000472       0x22 CMakeFiles/first.dir/home/keith/pico/pico-sdk/src/rp2_common/pico_float/float_aeabi.S.obj
 .ARM.attributes
                0x0000000000000494       0x2b CMakeFiles/first.dir/home/keith/pico/pico-sdk/src/rp2_common/pico_float/float_init_rom.c.obj
 .ARM.attributes
                0x00000000000004bf       0x22 CMakeFiles/first.dir/home/keith/pico/pico-sdk/src/rp2_common/pico_float/float_v1_rom_shim.S.obj
 .ARM.attributes
                0x00000000000004e1       0x22 CMakeFiles/first.dir/home/keith/pico/pico-sdk/src/rp2_common/pico_mem_ops/mem_ops_aeabi.S.obj
 .ARM.attributes
                0x0000000000000503       0x22 CMakeFiles/first.dir/home/keith/pico/pico-sdk/src/rp2_common/pico_standard_link/crt0.S.obj
 .ARM.attributes
                0x0000000000000525       0x32 CMakeFiles/first.dir/home/keith/pico/pico-sdk/src/rp2_common/pico_standard_link/binary_info.c.obj
 .ARM.attributes
                0x0000000000000557       0x2b CMakeFiles/first.dir/home/keith/pico/pico-sdk/src/rp2_common/pico_stdio/stdio.c.obj
 .ARM.attributes
                0x0000000000000582       0x2b CMakeFiles/first.dir/home/keith/pico/pico-sdk/src/rp2_common/pico_stdio_uart/stdio_uart.c.obj
 .ARM.attributes
                0x00000000000005ad       0x22 /tmp/ccG6n4n0.o
 .ARM.attributes
                0x00000000000005cf       0x1e /home/keith/pico/armtools/gcc-arm-none-eabi-10-2020-q4-major/bin/../lib/gcc/arm-none-eabi/10.2.1/thumb/v6-m/nofp/libgcc.a(_dvmd_tls.o)
 .ARM.attributes
                0x00000000000005ed       0x2c /home/keith/pico/armtools/gcc-arm-none-eabi-10-2020-q4-major/bin/../lib/gcc/arm-none-eabi/10.2.1/../../../../arm-none-eabi/lib/thumb/v6-m/nofp/libg.a(lib_a-strlen-stub.o)

.comment        0x0000000000000000       0x4d
 .comment       0x0000000000000000       0x4d CMakeFiles/first.dir/first.c.obj
                                         0x4e (size before relaxing)
 .comment       0x000000000000004d       0x4e CMakeFiles/first.dir/home/keith/pico/pico-sdk/src/rp2_common/hardware_gpio/gpio.c.obj
 .comment       0x000000000000004d       0x4e CMakeFiles/first.dir/home/keith/pico/pico-sdk/src/rp2_common/hardware_claim/claim.c.obj
 .comment       0x000000000000004d       0x4e CMakeFiles/first.dir/home/keith/pico/pico-sdk/src/rp2_common/hardware_sync/sync.c.obj
 .comment       0x000000000000004d       0x4e CMakeFiles/first.dir/home/keith/pico/pico-sdk/src/rp2_common/pico_platform/platform.c.obj
 .comment       0x000000000000004d       0x4e CMakeFiles/first.dir/home/keith/pico/pico-sdk/src/rp2_common/hardware_uart/uart.c.obj
 .comment       0x000000000000004d       0x4e CMakeFiles/first.dir/home/keith/pico/pico-sdk/src/common/pico_time/time.c.obj
 .comment       0x000000000000004d       0x4e CMakeFiles/first.dir/home/keith/pico/pico-sdk/src/rp2_common/hardware_timer/timer.c.obj
 .comment       0x000000000000004d       0x4e CMakeFiles/first.dir/home/keith/pico/pico-sdk/src/common/pico_sync/lock_core.c.obj
 .comment       0x000000000000004d       0x4e CMakeFiles/first.dir/home/keith/pico/pico-sdk/src/common/pico_sync/mutex.c.obj
 .comment       0x000000000000004d       0x4e CMakeFiles/first.dir/home/keith/pico/pico-sdk/src/common/pico_util/pheap.c.obj
 .comment       0x000000000000004d       0x4e CMakeFiles/first.dir/home/keith/pico/pico-sdk/src/rp2_common/pico_runtime/runtime.c.obj
 .comment       0x000000000000004d       0x4e CMakeFiles/first.dir/home/keith/pico/pico-sdk/src/rp2_common/hardware_clocks/clocks.c.obj
 .comment       0x000000000000004d       0x4e CMakeFiles/first.dir/home/keith/pico/pico-sdk/src/rp2_common/hardware_watchdog/watchdog.c.obj
 .comment       0x000000000000004d       0x4e CMakeFiles/first.dir/home/keith/pico/pico-sdk/src/rp2_common/hardware_xosc/xosc.c.obj
 .comment       0x000000000000004d       0x4e CMakeFiles/first.dir/home/keith/pico/pico-sdk/src/rp2_common/hardware_pll/pll.c.obj
 .comment       0x000000000000004d       0x4e CMakeFiles/first.dir/home/keith/pico/pico-sdk/src/rp2_common/hardware_irq/irq.c.obj
 .comment       0x000000000000004d       0x4e CMakeFiles/first.dir/home/keith/pico/pico-sdk/src/rp2_common/pico_printf/printf.c.obj
 .comment       0x000000000000004d       0x4e CMakeFiles/first.dir/home/keith/pico/pico-sdk/src/rp2_common/pico_bootrom/bootrom.c.obj
 .comment       0x000000000000004d       0x4e CMakeFiles/first.dir/home/keith/pico/pico-sdk/src/rp2_common/pico_double/double_init_rom.c.obj
 .comment       0x000000000000004d       0x4e CMakeFiles/first.dir/home/keith/pico/pico-sdk/src/rp2_common/pico_float/float_init_rom.c.obj
 .comment       0x000000000000004d       0x4e CMakeFiles/first.dir/home/keith/pico/pico-sdk/src/rp2_common/pico_standard_link/binary_info.c.obj
 .comment       0x000000000000004d       0x4e CMakeFiles/first.dir/home/keith/pico/pico-sdk/src/rp2_common/pico_stdio/stdio.c.obj
 .comment       0x000000000000004d       0x4e CMakeFiles/first.dir/home/keith/pico/pico-sdk/src/rp2_common/pico_stdio_uart/stdio_uart.c.obj

.debug_info     0x0000000000000000    0x1134b
 .debug_info    0x0000000000000000      0x90c CMakeFiles/first.dir/first.c.obj
 .debug_info    0x000000000000090c     0x1141 CMakeFiles/first.dir/home/keith/pico/pico-sdk/src/rp2_common/hardware_gpio/gpio.c.obj
 .debug_info    0x0000000000001a4d      0x620 CMakeFiles/first.dir/home/keith/pico/pico-sdk/src/rp2_common/hardware_claim/claim.c.obj
 .debug_info    0x000000000000206d      0x4a5 CMakeFiles/first.dir/home/keith/pico/pico-sdk/src/rp2_common/hardware_sync/sync.c.obj
 .debug_info    0x0000000000002512      0x1e3 CMakeFiles/first.dir/home/keith/pico/pico-sdk/src/rp2_common/pico_platform/platform.c.obj
 .debug_info    0x00000000000026f5      0xb64 CMakeFiles/first.dir/home/keith/pico/pico-sdk/src/rp2_common/hardware_uart/uart.c.obj
 .debug_info    0x0000000000003259       0x22 CMakeFiles/first.dir/home/keith/pico/pico-sdk/src/rp2_common/hardware_divider/divider.S.obj
 .debug_info    0x000000000000327b     0x31b4 CMakeFiles/first.dir/home/keith/pico/pico-sdk/src/common/pico_time/time.c.obj
 .debug_info    0x000000000000642f      0xf23 CMakeFiles/first.dir/home/keith/pico/pico-sdk/src/rp2_common/hardware_timer/timer.c.obj
 .debug_info    0x0000000000007352      0x17b CMakeFiles/first.dir/home/keith/pico/pico-sdk/src/common/pico_sync/lock_core.c.obj
 .debug_info    0x00000000000074cd      0xcca CMakeFiles/first.dir/home/keith/pico/pico-sdk/src/common/pico_sync/mutex.c.obj
 .debug_info    0x0000000000008197     0x120c CMakeFiles/first.dir/home/keith/pico/pico-sdk/src/common/pico_util/pheap.c.obj
 .debug_info    0x00000000000093a3      0x975 CMakeFiles/first.dir/home/keith/pico/pico-sdk/src/rp2_common/pico_runtime/runtime.c.obj
 .debug_info    0x0000000000009d18     0x1068 CMakeFiles/first.dir/home/keith/pico/pico-sdk/src/rp2_common/hardware_clocks/clocks.c.obj
 .debug_info    0x000000000000ad80      0x49c CMakeFiles/first.dir/home/keith/pico/pico-sdk/src/rp2_common/hardware_watchdog/watchdog.c.obj
 .debug_info    0x000000000000b21c      0x214 CMakeFiles/first.dir/home/keith/pico/pico-sdk/src/rp2_common/hardware_xosc/xosc.c.obj
 .debug_info    0x000000000000b430      0x3b0 CMakeFiles/first.dir/home/keith/pico/pico-sdk/src/rp2_common/hardware_pll/pll.c.obj
 .debug_info    0x000000000000b7e0     0x18ff CMakeFiles/first.dir/home/keith/pico/pico-sdk/src/rp2_common/hardware_irq/irq.c.obj
 .debug_info    0x000000000000d0df       0x26 CMakeFiles/first.dir/home/keith/pico/pico-sdk/src/rp2_common/hardware_irq/irq_handler_chain.S.obj
 .debug_info    0x000000000000d105     0x1a5f CMakeFiles/first.dir/home/keith/pico/pico-sdk/src/rp2_common/pico_printf/printf.c.obj
 .debug_info    0x000000000000eb64       0x22 CMakeFiles/first.dir/home/keith/pico/pico-sdk/src/rp2_common/pico_bit_ops/bit_ops_aeabi.S.obj
 .debug_info    0x000000000000eb86      0x231 CMakeFiles/first.dir/home/keith/pico/pico-sdk/src/rp2_common/pico_bootrom/bootrom.c.obj
 .debug_info    0x000000000000edb7       0x22 CMakeFiles/first.dir/home/keith/pico/pico-sdk/src/rp2_common/pico_divider/divider.S.obj
 .debug_info    0x000000000000edd9       0x22 CMakeFiles/first.dir/home/keith/pico/pico-sdk/src/rp2_common/pico_double/double_aeabi.S.obj
 .debug_info    0x000000000000edfb      0x2a0 CMakeFiles/first.dir/home/keith/pico/pico-sdk/src/rp2_common/pico_double/double_init_rom.c.obj
 .debug_info    0x000000000000f09b       0x22 CMakeFiles/first.dir/home/keith/pico/pico-sdk/src/rp2_common/pico_double/double_v1_rom_shim.S.obj
 .debug_info    0x000000000000f0bd       0x22 CMakeFiles/first.dir/home/keith/pico/pico-sdk/src/rp2_common/pico_float/float_aeabi.S.obj
 .debug_info    0x000000000000f0df      0x2e9 CMakeFiles/first.dir/home/keith/pico/pico-sdk/src/rp2_common/pico_float/float_init_rom.c.obj
 .debug_info    0x000000000000f3c8       0x22 CMakeFiles/first.dir/home/keith/pico/pico-sdk/src/rp2_common/pico_float/float_v1_rom_shim.S.obj
 .debug_info    0x000000000000f3ea       0x22 CMakeFiles/first.dir/home/keith/pico/pico-sdk/src/rp2_common/pico_mem_ops/mem_ops_aeabi.S.obj
 .debug_info    0x000000000000f40c       0x22 CMakeFiles/first.dir/home/keith/pico/pico-sdk/src/rp2_common/pico_standard_link/crt0.S.obj
 .debug_info    0x000000000000f42e      0x327 CMakeFiles/first.dir/home/keith/pico/pico-sdk/src/rp2_common/pico_standard_link/binary_info.c.obj
 .debug_info    0x000000000000f755      0xfc9 CMakeFiles/first.dir/home/keith/pico/pico-sdk/src/rp2_common/pico_stdio/stdio.c.obj
 .debug_info    0x000000000001071e      0xc2d CMakeFiles/first.dir/home/keith/pico/pico-sdk/src/rp2_common/pico_stdio_uart/stdio_uart.c.obj

.debug_abbrev   0x0000000000000000     0x3c7d
 .debug_abbrev  0x0000000000000000      0x244 CMakeFiles/first.dir/first.c.obj
 .debug_abbrev  0x0000000000000244      0x2f1 CMakeFiles/first.dir/home/keith/pico/pico-sdk/src/rp2_common/hardware_gpio/gpio.c.obj
 .debug_abbrev  0x0000000000000535      0x249 CMakeFiles/first.dir/home/keith/pico/pico-sdk/src/rp2_common/hardware_claim/claim.c.obj
 .debug_abbrev  0x000000000000077e      0x1f8 CMakeFiles/first.dir/home/keith/pico/pico-sdk/src/rp2_common/hardware_sync/sync.c.obj
 .debug_abbrev  0x0000000000000976       0xeb CMakeFiles/first.dir/home/keith/pico/pico-sdk/src/rp2_common/pico_platform/platform.c.obj
 .debug_abbrev  0x0000000000000a61      0x2d2 CMakeFiles/first.dir/home/keith/pico/pico-sdk/src/rp2_common/hardware_uart/uart.c.obj
 .debug_abbrev  0x0000000000000d33       0x12 CMakeFiles/first.dir/home/keith/pico/pico-sdk/src/rp2_common/hardware_divider/divider.S.obj
 .debug_abbrev  0x0000000000000d45      0x522 CMakeFiles/first.dir/home/keith/pico/pico-sdk/src/common/pico_time/time.c.obj
 .debug_abbrev  0x0000000000001267      0x308 CMakeFiles/first.dir/home/keith/pico/pico-sdk/src/rp2_common/hardware_timer/timer.c.obj
 .debug_abbrev  0x000000000000156f      0x114 CMakeFiles/first.dir/home/keith/pico/pico-sdk/src/common/pico_sync/lock_core.c.obj
 .debug_abbrev  0x0000000000001683      0x2e9 CMakeFiles/first.dir/home/keith/pico/pico-sdk/src/common/pico_sync/mutex.c.obj
 .debug_abbrev  0x000000000000196c      0x297 CMakeFiles/first.dir/home/keith/pico/pico-sdk/src/common/pico_util/pheap.c.obj
 .debug_abbrev  0x0000000000001c03      0x32d CMakeFiles/first.dir/home/keith/pico/pico-sdk/src/rp2_common/pico_runtime/runtime.c.obj
 .debug_abbrev  0x0000000000001f30      0x388 CMakeFiles/first.dir/home/keith/pico/pico-sdk/src/rp2_common/hardware_clocks/clocks.c.obj
 .debug_abbrev  0x00000000000022b8      0x1b1 CMakeFiles/first.dir/home/keith/pico/pico-sdk/src/rp2_common/hardware_watchdog/watchdog.c.obj
 .debug_abbrev  0x0000000000002469      0x12c CMakeFiles/first.dir/home/keith/pico/pico-sdk/src/rp2_common/hardware_xosc/xosc.c.obj
 .debug_abbrev  0x0000000000002595      0x1cf CMakeFiles/first.dir/home/keith/pico/pico-sdk/src/rp2_common/hardware_pll/pll.c.obj
 .debug_abbrev  0x0000000000002764      0x47c CMakeFiles/first.dir/home/keith/pico/pico-sdk/src/rp2_common/hardware_irq/irq.c.obj
 .debug_abbrev  0x0000000000002be0       0x14 CMakeFiles/first.dir/home/keith/pico/pico-sdk/src/rp2_common/hardware_irq/irq_handler_chain.S.obj
 .debug_abbrev  0x0000000000002bf4      0x384 CMakeFiles/first.dir/home/keith/pico/pico-sdk/src/rp2_common/pico_printf/printf.c.obj
 .debug_abbrev  0x0000000000002f78       0x12 CMakeFiles/first.dir/home/keith/pico/pico-sdk/src/rp2_common/pico_bit_ops/bit_ops_aeabi.S.obj
 .debug_abbrev  0x0000000000002f8a       0xf8 CMakeFiles/first.dir/home/keith/pico/pico-sdk/src/rp2_common/pico_bootrom/bootrom.c.obj
 .debug_abbrev  0x0000000000003082       0x12 CMakeFiles/first.dir/home/keith/pico/pico-sdk/src/rp2_common/pico_divider/divider.S.obj
 .debug_abbrev  0x0000000000003094       0x12 CMakeFiles/first.dir/home/keith/pico/pico-sdk/src/rp2_common/pico_double/double_aeabi.S.obj
 .debug_abbrev  0x00000000000030a6      0x166 CMakeFiles/first.dir/home/keith/pico/pico-sdk/src/rp2_common/pico_double/double_init_rom.c.obj
 .debug_abbrev  0x000000000000320c       0x12 CMakeFiles/first.dir/home/keith/pico/pico-sdk/src/rp2_common/pico_double/double_v1_rom_shim.S.obj
 .debug_abbrev  0x000000000000321e       0x12 CMakeFiles/first.dir/home/keith/pico/pico-sdk/src/rp2_common/pico_float/float_aeabi.S.obj
 .debug_abbrev  0x0000000000003230      0x179 CMakeFiles/first.dir/home/keith/pico/pico-sdk/src/rp2_common/pico_float/float_init_rom.c.obj
 .debug_abbrev  0x00000000000033a9       0x12 CMakeFiles/first.dir/home/keith/pico/pico-sdk/src/rp2_common/pico_float/float_v1_rom_shim.S.obj
 .debug_abbrev  0x00000000000033bb       0x12 CMakeFiles/first.dir/home/keith/pico/pico-sdk/src/rp2_common/pico_mem_ops/mem_ops_aeabi.S.obj
 .debug_abbrev  0x00000000000033cd       0x12 CMakeFiles/first.dir/home/keith/pico/pico-sdk/src/rp2_common/pico_standard_link/crt0.S.obj
 .debug_abbrev  0x00000000000033df       0xad CMakeFiles/first.dir/home/keith/pico/pico-sdk/src/rp2_common/pico_standard_link/binary_info.c.obj
 .debug_abbrev  0x000000000000348c      0x46b CMakeFiles/first.dir/home/keith/pico/pico-sdk/src/rp2_common/pico_stdio/stdio.c.obj
 .debug_abbrev  0x00000000000038f7      0x386 CMakeFiles/first.dir/home/keith/pico/pico-sdk/src/rp2_common/pico_stdio_uart/stdio_uart.c.obj

.debug_loc      0x0000000000000000     0xbd57
 .debug_loc     0x0000000000000000      0x156 CMakeFiles/first.dir/first.c.obj
 .debug_loc     0x0000000000000156      0xafe CMakeFiles/first.dir/home/keith/pico/pico-sdk/src/rp2_common/hardware_gpio/gpio.c.obj
 .debug_loc     0x0000000000000c54      0x457 CMakeFiles/first.dir/home/keith/pico/pico-sdk/src/rp2_common/hardware_claim/claim.c.obj
 .debug_loc     0x00000000000010ab      0x1d7 CMakeFiles/first.dir/home/keith/pico/pico-sdk/src/rp2_common/hardware_sync/sync.c.obj
 .debug_loc     0x0000000000001282       0xe9 CMakeFiles/first.dir/home/keith/pico/pico-sdk/src/rp2_common/pico_platform/platform.c.obj
 .debug_loc     0x000000000000136b      0x51e CMakeFiles/first.dir/home/keith/pico/pico-sdk/src/rp2_common/hardware_uart/uart.c.obj
 .debug_loc     0x0000000000001889     0x2c8f CMakeFiles/first.dir/home/keith/pico/pico-sdk/src/common/pico_time/time.c.obj
 .debug_loc     0x0000000000004518      0x7ed CMakeFiles/first.dir/home/keith/pico/pico-sdk/src/rp2_common/hardware_timer/timer.c.obj
 .debug_loc     0x0000000000004d05       0x60 CMakeFiles/first.dir/home/keith/pico/pico-sdk/src/common/pico_sync/lock_core.c.obj
 .debug_loc     0x0000000000004d65      0x6a3 CMakeFiles/first.dir/home/keith/pico/pico-sdk/src/common/pico_sync/mutex.c.obj
 .debug_loc     0x0000000000005408     0x1439 CMakeFiles/first.dir/home/keith/pico/pico-sdk/src/common/pico_util/pheap.c.obj
 .debug_loc     0x0000000000006841      0x3b3 CMakeFiles/first.dir/home/keith/pico/pico-sdk/src/rp2_common/pico_runtime/runtime.c.obj
 .debug_loc     0x0000000000006bf4      0x890 CMakeFiles/first.dir/home/keith/pico/pico-sdk/src/rp2_common/hardware_clocks/clocks.c.obj
 .debug_loc     0x0000000000007484      0x267 CMakeFiles/first.dir/home/keith/pico/pico-sdk/src/rp2_common/hardware_watchdog/watchdog.c.obj
 .debug_loc     0x00000000000076eb       0x71 CMakeFiles/first.dir/home/keith/pico/pico-sdk/src/rp2_common/hardware_xosc/xosc.c.obj
 .debug_loc     0x000000000000775c      0x228 CMakeFiles/first.dir/home/keith/pico/pico-sdk/src/rp2_common/hardware_pll/pll.c.obj
 .debug_loc     0x0000000000007984     0x1186 CMakeFiles/first.dir/home/keith/pico/pico-sdk/src/rp2_common/hardware_irq/irq.c.obj
 .debug_loc     0x0000000000008b0a     0x2095 CMakeFiles/first.dir/home/keith/pico/pico-sdk/src/rp2_common/pico_printf/printf.c.obj
 .debug_loc     0x000000000000ab9f      0x16f CMakeFiles/first.dir/home/keith/pico/pico-sdk/src/rp2_common/pico_bootrom/bootrom.c.obj
 .debug_loc     0x000000000000ad0e       0x59 CMakeFiles/first.dir/home/keith/pico/pico-sdk/src/rp2_common/pico_double/double_init_rom.c.obj
 .debug_loc     0x000000000000ad67       0x73 CMakeFiles/first.dir/home/keith/pico/pico-sdk/src/rp2_common/pico_float/float_init_rom.c.obj
 .debug_loc     0x000000000000adda      0xa31 CMakeFiles/first.dir/home/keith/pico/pico-sdk/src/rp2_common/pico_stdio/stdio.c.obj
 .debug_loc     0x000000000000b80b      0x54c CMakeFiles/first.dir/home/keith/pico/pico-sdk/src/rp2_common/pico_stdio_uart/stdio_uart.c.obj

.debug_aranges  0x0000000000000000      0xce0
 .debug_aranges
                0x0000000000000000       0x20 CMakeFiles/first.dir/first.c.obj
 .debug_aranges
                0x0000000000000020       0xa0 CMakeFiles/first.dir/home/keith/pico/pico-sdk/src/rp2_common/hardware_gpio/gpio.c.obj
 .debug_aranges
                0x00000000000000c0       0x48 CMakeFiles/first.dir/home/keith/pico/pico-sdk/src/rp2_common/hardware_claim/claim.c.obj
 .debug_aranges
                0x0000000000000108       0x50 CMakeFiles/first.dir/home/keith/pico/pico-sdk/src/rp2_common/hardware_sync/sync.c.obj
 .debug_aranges
                0x0000000000000158       0x28 CMakeFiles/first.dir/home/keith/pico/pico-sdk/src/rp2_common/pico_platform/platform.c.obj
 .debug_aranges
                0x0000000000000180       0x40 CMakeFiles/first.dir/home/keith/pico/pico-sdk/src/rp2_common/hardware_uart/uart.c.obj
 .debug_aranges
                0x00000000000001c0       0x38 CMakeFiles/first.dir/home/keith/pico/pico-sdk/src/rp2_common/hardware_divider/divider.S.obj
 .debug_aranges
                0x00000000000001f8       0xd0 CMakeFiles/first.dir/home/keith/pico/pico-sdk/src/common/pico_time/time.c.obj
 .debug_aranges
                0x00000000000002c8       0x68 CMakeFiles/first.dir/home/keith/pico/pico-sdk/src/rp2_common/hardware_timer/timer.c.obj
 .debug_aranges
                0x0000000000000330       0x20 CMakeFiles/first.dir/home/keith/pico/pico-sdk/src/common/pico_sync/lock_core.c.obj
 .debug_aranges
                0x0000000000000350       0x48 CMakeFiles/first.dir/home/keith/pico/pico-sdk/src/common/pico_sync/mutex.c.obj
 .debug_aranges
                0x0000000000000398       0x78 CMakeFiles/first.dir/home/keith/pico/pico-sdk/src/common/pico_util/pheap.c.obj
 .debug_aranges
                0x0000000000000410       0x60 CMakeFiles/first.dir/home/keith/pico/pico-sdk/src/rp2_common/pico_runtime/runtime.c.obj
 .debug_aranges
                0x0000000000000470       0x70 CMakeFiles/first.dir/home/keith/pico/pico-sdk/src/rp2_common/hardware_clocks/clocks.c.obj
 .debug_aranges
                0x00000000000004e0       0x50 CMakeFiles/first.dir/home/keith/pico/pico-sdk/src/rp2_common/hardware_watchdog/watchdog.c.obj
 .debug_aranges
                0x0000000000000530       0x30 CMakeFiles/first.dir/home/keith/pico/pico-sdk/src/rp2_common/hardware_xosc/xosc.c.obj
 .debug_aranges
                0x0000000000000560       0x28 CMakeFiles/first.dir/home/keith/pico/pico-sdk/src/rp2_common/hardware_pll/pll.c.obj
 .debug_aranges
                0x0000000000000588       0x90 CMakeFiles/first.dir/home/keith/pico/pico-sdk/src/rp2_common/hardware_irq/irq.c.obj
 .debug_aranges
                0x0000000000000618       0x20 CMakeFiles/first.dir/home/keith/pico/pico-sdk/src/rp2_common/hardware_irq/irq_handler_chain.S.obj
 .debug_aranges
                0x0000000000000638       0x90 CMakeFiles/first.dir/home/keith/pico/pico-sdk/src/rp2_common/pico_printf/printf.c.obj
 .debug_aranges
                0x00000000000006c8       0x68 CMakeFiles/first.dir/home/keith/pico/pico-sdk/src/rp2_common/pico_bit_ops/bit_ops_aeabi.S.obj
 .debug_aranges
                0x0000000000000730       0x30 CMakeFiles/first.dir/home/keith/pico/pico-sdk/src/rp2_common/pico_bootrom/bootrom.c.obj
 .debug_aranges
                0x0000000000000760       0x40 CMakeFiles/first.dir/home/keith/pico/pico-sdk/src/rp2_common/pico_divider/divider.S.obj
 .debug_aranges
                0x00000000000007a0      0x140 CMakeFiles/first.dir/home/keith/pico/pico-sdk/src/rp2_common/pico_double/double_aeabi.S.obj
 .debug_aranges
                0x00000000000008e0       0x20 CMakeFiles/first.dir/home/keith/pico/pico-sdk/src/rp2_common/pico_double/double_init_rom.c.obj
 .debug_aranges
                0x0000000000000900       0xc8 CMakeFiles/first.dir/home/keith/pico/pico-sdk/src/rp2_common/pico_double/double_v1_rom_shim.S.obj
 .debug_aranges
                0x00000000000009c8      0x130 CMakeFiles/first.dir/home/keith/pico/pico-sdk/src/rp2_common/pico_float/float_aeabi.S.obj
 .debug_aranges
                0x0000000000000af8       0x20 CMakeFiles/first.dir/home/keith/pico/pico-sdk/src/rp2_common/pico_float/float_init_rom.c.obj
 .debug_aranges
                0x0000000000000b18       0x50 CMakeFiles/first.dir/home/keith/pico/pico-sdk/src/rp2_common/pico_float/float_v1_rom_shim.S.obj
 .debug_aranges
                0x0000000000000b68       0x38 CMakeFiles/first.dir/home/keith/pico/pico-sdk/src/rp2_common/pico_mem_ops/mem_ops_aeabi.S.obj
 .debug_aranges
                0x0000000000000ba0       0x28 CMakeFiles/first.dir/home/keith/pico/pico-sdk/src/rp2_common/pico_standard_link/crt0.S.obj
 .debug_aranges
                0x0000000000000bc8       0x18 CMakeFiles/first.dir/home/keith/pico/pico-sdk/src/rp2_common/pico_standard_link/binary_info.c.obj
 .debug_aranges
                0x0000000000000be0       0xb8 CMakeFiles/first.dir/home/keith/pico/pico-sdk/src/rp2_common/pico_stdio/stdio.c.obj
 .debug_aranges
                0x0000000000000c98       0x48 CMakeFiles/first.dir/home/keith/pico/pico-sdk/src/rp2_common/pico_stdio_uart/stdio_uart.c.obj

.debug_ranges   0x0000000000000000     0x25e8
 .debug_ranges  0x0000000000000000       0x10 CMakeFiles/first.dir/first.c.obj
 .debug_ranges  0x0000000000000010       0xa8 CMakeFiles/first.dir/home/keith/pico/pico-sdk/src/rp2_common/hardware_gpio/gpio.c.obj
 .debug_ranges  0x00000000000000b8       0xd8 CMakeFiles/first.dir/home/keith/pico/pico-sdk/src/rp2_common/hardware_claim/claim.c.obj
 .debug_ranges  0x0000000000000190       0xb8 CMakeFiles/first.dir/home/keith/pico/pico-sdk/src/rp2_common/hardware_sync/sync.c.obj
 .debug_ranges  0x0000000000000248       0x18 CMakeFiles/first.dir/home/keith/pico/pico-sdk/src/rp2_common/pico_platform/platform.c.obj
 .debug_ranges  0x0000000000000260       0xf8 CMakeFiles/first.dir/home/keith/pico/pico-sdk/src/rp2_common/hardware_uart/uart.c.obj
 .debug_ranges  0x0000000000000358       0x30 CMakeFiles/first.dir/home/keith/pico/pico-sdk/src/rp2_common/hardware_divider/divider.S.obj
 .debug_ranges  0x0000000000000388      0xaa0 CMakeFiles/first.dir/home/keith/pico/pico-sdk/src/common/pico_time/time.c.obj
 .debug_ranges  0x0000000000000e28      0x2f0 CMakeFiles/first.dir/home/keith/pico/pico-sdk/src/rp2_common/hardware_timer/timer.c.obj
 .debug_ranges  0x0000000000001118       0x10 CMakeFiles/first.dir/home/keith/pico/pico-sdk/src/common/pico_sync/lock_core.c.obj
 .debug_ranges  0x0000000000001128      0x3b8 CMakeFiles/first.dir/home/keith/pico/pico-sdk/src/common/pico_sync/mutex.c.obj