Archive member included to satisfy reference by file (symbol)

examples/libexamples.a(EPD_2in9b_V3_test.c.obj)
                              CMakeFiles/epd.dir/main.c.obj (EPD_2in9b_V3_test)
examples/libexamples.a(ImageData.c.obj)
                              examples/libexamples.a(EPD_2in9b_V3_test.c.obj) (gImage_2in9bc_ry)
lib/e-Paper/libePaper.a(EPD_2in9b_V3.c.obj)
                              examples/libexamples.a(EPD_2in9b_V3_test.c.obj) (EPD_2IN9B_V3_Init)
lib/GUI/libGUI.a(GUI_Paint.c.obj)
                              examples/libexamples.a(EPD_2in9b_V3_test.c.obj) (Paint_NewImage)
lib/Fonts/libFonts.a(font12.c.obj)
                              examples/libexamples.a(EPD_2in9b_V3_test.c.obj) (Font12)
lib/Fonts/libFonts.a(font12CN.c.obj)
                              examples/libexamples.a(EPD_2in9b_V3_test.c.obj) (Font12CN)
lib/Fonts/libFonts.a(font16.c.obj)
                              examples/libexamples.a(EPD_2in9b_V3_test.c.obj) (Font16)
lib/Fonts/libFonts.a(font24CN.c.obj)
                              examples/libexamples.a(EPD_2in9b_V3_test.c.obj) (Font24CN)
lib/Config/libConfig.a(DEV_Config.c.obj)
                              lib/e-Paper/libePaper.a(EPD_2in9b_V3.c.obj) (DEV_Digital_Write)
/usr/lib/gcc/arm-none-eabi/9.2.1/thumb/v6-m/nofp/libgcc.a(_dvmd_tls.o)
                              CMakeFiles/epd.dir/home/keith/pico/pico-sdk/src/rp2_common/pico_divider/divider.S.obj (__aeabi_idiv0)
/usr/lib/gcc/arm-none-eabi/9.2.1/../../../arm-none-eabi/lib/thumb/v6-m/nofp/libc.a(lib_a-atexit.o)
                              /usr/lib/gcc/arm-none-eabi/9.2.1/../../../arm-none-eabi/lib/thumb/v6-m/nofp/crt0.o (atexit)
/usr/lib/gcc/arm-none-eabi/9.2.1/../../../arm-none-eabi/lib/thumb/v6-m/nofp/libc.a(lib_a-calloc.o)
                              CMakeFiles/epd.dir/home/keith/pico/pico-sdk/src/rp2_common/pico_malloc/pico_malloc.c.obj (calloc)
/usr/lib/gcc/arm-none-eabi/9.2.1/../../../arm-none-eabi/lib/thumb/v6-m/nofp/libc.a(lib_a-callocr.o)
                              /usr/lib/gcc/arm-none-eabi/9.2.1/../../../arm-none-eabi/lib/thumb/v6-m/nofp/libc.a(lib_a-calloc.o) (_calloc_r)
/usr/lib/gcc/arm-none-eabi/9.2.1/../../../arm-none-eabi/lib/thumb/v6-m/nofp/libc.a(lib_a-fini.o)
                              /usr/lib/gcc/arm-none-eabi/9.2.1/../../../arm-none-eabi/lib/thumb/v6-m/nofp/crt0.o (__libc_fini_array)
/usr/lib/gcc/arm-none-eabi/9.2.1/../../../arm-none-eabi/lib/thumb/v6-m/nofp/libc.a(lib_a-impure.o)
                              /usr/lib/gcc/arm-none-eabi/9.2.1/../../../arm-none-eabi/lib/thumb/v6-m/nofp/libc.a(lib_a-calloc.o) (_impure_ptr)
/usr/lib/gcc/arm-none-eabi/9.2.1/../../../arm-none-eabi/lib/thumb/v6-m/nofp/libc.a(lib_a-init.o)
                              /usr/lib/gcc/arm-none-eabi/9.2.1/../../../arm-none-eabi/lib/thumb/v6-m/nofp/crt0.o (__libc_init_array)
/usr/lib/gcc/arm-none-eabi/9.2.1/../../../arm-none-eabi/lib/thumb/v6-m/nofp/libc.a(lib_a-malloc.o)
                              CMakeFiles/epd.dir/home/keith/pico/pico-sdk/src/rp2_common/pico_malloc/pico_malloc.c.obj (malloc)
/usr/lib/gcc/arm-none-eabi/9.2.1/../../../arm-none-eabi/lib/thumb/v6-m/nofp/libc.a(lib_a-mallocr.o)
                              /usr/lib/gcc/arm-none-eabi/9.2.1/../../../arm-none-eabi/lib/thumb/v6-m/nofp/libc.a(lib_a-callocr.o) (_malloc_r)
/usr/lib/gcc/arm-none-eabi/9.2.1/../../../arm-none-eabi/lib/thumb/v6-m/nofp/libc.a(lib_a-mlock.o)
                              /usr/lib/gcc/arm-none-eabi/9.2.1/../../../arm-none-eabi/lib/thumb/v6-m/nofp/libc.a(lib_a-mallocr.o) (__malloc_lock)
/usr/lib/gcc/arm-none-eabi/9.2.1/../../../arm-none-eabi/lib/thumb/v6-m/nofp/libc.a(lib_a-sbrkr.o)
                              /usr/lib/gcc/arm-none-eabi/9.2.1/../../../arm-none-eabi/lib/thumb/v6-m/nofp/libc.a(lib_a-mallocr.o) (_sbrk_r)
/usr/lib/gcc/arm-none-eabi/9.2.1/../../../arm-none-eabi/lib/thumb/v6-m/nofp/libc.a(lib_a-strlen-stub.o)
                              CMakeFiles/epd.dir/home/keith/pico/pico-sdk/src/rp2_common/pico_stdio/stdio.c.obj (strlen)
/usr/lib/gcc/arm-none-eabi/9.2.1/../../../arm-none-eabi/lib/thumb/v6-m/nofp/libc.a(lib_a-__atexit.o)
                              /usr/lib/gcc/arm-none-eabi/9.2.1/../../../arm-none-eabi/lib/thumb/v6-m/nofp/libc.a(lib_a-atexit.o) (__register_exitproc)
/usr/lib/gcc/arm-none-eabi/9.2.1/../../../arm-none-eabi/lib/thumb/v6-m/nofp/libc.a(lib_a-freer.o)
                              /usr/lib/gcc/arm-none-eabi/9.2.1/../../../arm-none-eabi/lib/thumb/v6-m/nofp/libc.a(lib_a-malloc.o) (_free_r)
/usr/lib/gcc/arm-none-eabi/9.2.1/../../../arm-none-eabi/lib/thumb/v6-m/nofp/libc.a(lib_a-reent.o)
                              /usr/lib/gcc/arm-none-eabi/9.2.1/../../../arm-none-eabi/lib/thumb/v6-m/nofp/libc.a(lib_a-sbrkr.o) (errno)

Allocating common symbols
Common symbol       size              file

sf_table            0x100             CMakeFiles/epd.dir/home/keith/pico/pico-sdk/src/rp2_common/pico_float/float_init_rom.c.obj
[...]
Memory Configuration

Name             Origin             Length             Attributes
FLASH            0x0000000010000000 0x0000000000200000 xr
RAM              0x0000000020000000 0x0000000000040000 xrw
SCRATCH_X        0x0000000020040000 0x0000000000001000 xrw
SCRATCH_Y        0x0000000020041000 0x0000000000001000 xrw
*default*        0x0000000000000000 0xffffffffffffffff

Linker script and memory map

LOAD /usr/lib/gcc/arm-none-eabi/9.2.1/thumb/v6-m/nofp/crti.o
LOAD /usr/lib/gcc/arm-none-eabi/9.2.1/thumb/v6-m/nofp/crtbegin.o
LOAD /usr/lib/gcc/arm-none-eabi/9.2.1/../../../arm-none-eabi/lib/thumb/v6-m/nofp/crt0.o

.flash_begin    0x0000000010000000        0x0
                0x0000000010000000                __flash_binary_start = .

.boot2          0x0000000010000000      0x100
                0x0000000010000000                __boot2_start__ = .
 *(.boot2)
 .boot2         0x0000000010000000      0x100 /tmp/ccXSgFWp.o
                0x0000000010000100                __boot2_end__ = .
                0x0000000000000001                ASSERT (((__boot2_end__ - __boot2_start__) == 0x100), ERROR: Pico second stage bootloader must be 256 bytes in size)

.text           0x0000000010000100     0x6e30
                0x0000000010000100                __logical_binary_start = .
 *(.vectors)
 .vectors       0x0000000010000100       0xd4 CMakeFiles/epd.dir/home/keith/pico/pico-sdk/src/rp2_common/pico_standard_link/crt0.S.obj
                0x0000000010000100                __vectors
                0x00000000100001c0                isr_invalid
                0x00000000100001c2                isr_nmi
                0x00000000100001c4                isr_hardfault
                0x00000000100001c6                isr_svcall
                0x00000000100001c8                isr_pendsv
                0x00000000100001ca                isr_systick
                0x00000000100001cc                isr_irq30
                0x00000000100001cc                __unhandled_user_irq
                0x00000000100001cc                isr_irq13
                0x00000000100001cc                isr_irq27
                0x00000000100001cc                isr_irq31
                0x00000000100001cc                isr_irq5
                0x00000000100001cc                isr_irq11
                0x00000000100001cc                isr_irq23
                0x00000000100001cc                isr_irq18
                0x00000000100001cc                isr_irq28
                0x00000000100001cc                isr_irq19
                0x00000000100001cc                isr_irq0
                0x00000000100001cc                isr_irq6
                0x00000000100001cc                isr_irq22
                0x00000000100001cc                isr_irq17
                0x00000000100001cc                isr_irq14
                0x00000000100001cc                isr_irq2
                0x00000000100001cc                isr_irq10
                0x00000000100001cc                isr_irq8
                0x00000000100001cc                isr_irq24
                0x00000000100001cc                isr_irq1
                0x00000000100001cc                isr_irq7
                0x00000000100001cc                isr_irq21
                0x00000000100001cc                isr_irq20
                0x00000000100001cc                isr_irq15
                0x00000000100001cc                isr_irq25
                0x00000000100001cc                isr_irq4
                0x00000000100001cc                isr_irq16
                0x00000000100001cc                isr_irq29
                0x00000000100001cc                isr_irq26
                0x00000000100001cc                isr_irq3
                0x00000000100001cc                isr_irq12
                0x00000000100001cc                isr_irq9
                0x00000000100001d2                unhandled_user_irq_num_in_r0
 *(.binary_info_header)
 .binary_info_header
                0x00000000100001d4       0x14 CMakeFiles/epd.dir/home/keith/pico/pico-sdk/src/rp2_common/pico_standard_link/crt0.S.obj
                0x00000000100001e8                __binary_info_header_end = .
 *(.reset)
 .reset         0x00000000100001e8       0xa8 CMakeFiles/epd.dir/home/keith/pico/pico-sdk/src/rp2_common/pico_standard_link/crt0.S.obj
                0x00000000100001e8                _entry_point
                0x0000000010000266                __get_current_exception
 .reset         0x0000000010000290       0x30 CMakeFiles/epd.dir/home/keith/pico/pico-sdk/src/rp2_common/pico_standard_link/binary_info.c.obj
 *(.init)
 .init          0x00000000100002c0        0x4 /usr/lib/gcc/arm-none-eabi/9.2.1/thumb/v6-m/nofp/crti.o
                0x00000000100002c0                _init
 *(EXCLUDE_FILE(*libm.a: *libc.a:*lib_a-mem*.o *libgcc.a:) .text*)
 .text          0x00000000100002c4       0x98 /usr/lib/gcc/arm-none-eabi/9.2.1/thumb/v6-m/nofp/crtbegin.o
 .text.startup.main
                0x000000001000035c       0x14 CMakeFiles/epd.dir/main.c.obj
                0x000000001000035c                main
 .text.gpio_set_function
                0x0000000010000370       0x30 CMakeFiles/epd.dir/home/keith/pico/pico-sdk/src/rp2_common/hardware_gpio/gpio.c.obj
                0x0000000010000370                gpio_set_function
 .text.gpio_init
                0x00000000100003a0       0x3c CMakeFiles/epd.dir/home/keith/pico/pico-sdk/src/rp2_common/hardware_gpio/gpio.c.obj
                0x00000000100003a0                gpio_init
 .text.hw_claim_or_assert
                0x00000000100003dc       0x60 CMakeFiles/epd.dir/home/keith/pico/pico-sdk/src/rp2_common/hardware_claim/claim.c.obj
                0x00000000100003dc                hw_claim_or_assert
 .text.hw_claim_unused_from_range
                0x000000001000043c       0x9c CMakeFiles/epd.dir/home/keith/pico/pico-sdk/src/rp2_common/hardware_claim/claim.c.obj
                0x000000001000043c                hw_claim_unused_from_range
 .text.spin_locks_reset
                0x00000000100004d8       0x1c CMakeFiles/epd.dir/home/keith/pico/pico-sdk/src/rp2_common/hardware_sync/sync.c.obj
                0x00000000100004d8                spin_locks_reset
 .text.next_striped_spin_lock_num
                0x00000000100004f4       0x18 CMakeFiles/epd.dir/home/keith/pico/pico-sdk/src/rp2_common/hardware_sync/sync.c.obj
                0x00000000100004f4                next_striped_spin_lock_num
 .text.spin_lock_claim_unused
                0x000000001000050c       0x20 CMakeFiles/epd.dir/home/keith/pico/pico-sdk/src/rp2_common/hardware_sync/sync.c.obj
                0x000000001000050c                spin_lock_claim_unused
 .text.running_on_fpga
                0x000000001000052c       0x10 CMakeFiles/epd.dir/home/keith/pico/pico-sdk/src/rp2_common/pico_platform/platform.c.obj
                0x000000001000052c                running_on_fpga
 .text.timer_pool_entry_comparator
                0x000000001000053c       0x34 CMakeFiles/epd.dir/home/keith/pico/pico-sdk/src/common/pico_time/time.c.obj
                0x000000001000053c                timer_pool_entry_comparator
 .text.sev_callback
                0x0000000010000570        0x8 CMakeFiles/epd.dir/home/keith/pico/pico-sdk/src/common/pico_time/time.c.obj
 .text.alarm_pool_add_alarm_at.constprop.0
                0x0000000010000578      0x128 CMakeFiles/epd.dir/home/keith/pico/pico-sdk/src/common/pico_time/time.c.obj
 .text.add_alarm_under_lock
                0x00000000100006a0      0x108 CMakeFiles/epd.dir/home/keith/pico/pico-sdk/src/common/pico_time/time.c.obj
 .text.alarm_pool_alarm_callback
                0x00000000100007a8      0x1c8 CMakeFiles/epd.dir/home/keith/pico/pico-sdk/src/common/pico_time/time.c.obj
 .text.alarm_pool_init_default
                0x0000000010000970       0x58 CMakeFiles/epd.dir/home/keith/pico/pico-sdk/src/common/pico_time/time.c.obj
                0x0000000010000970                alarm_pool_init_default
 .text.alarm_pool_get_default
                0x00000000100009c8        0x8 CMakeFiles/epd.dir/home/keith/pico/pico-sdk/src/common/pico_time/time.c.obj
                0x00000000100009c8                alarm_pool_get_default
 .text.alarm_pool_add_alarm_at
                0x00000000100009d0      0x1ac CMakeFiles/epd.dir/home/keith/pico/pico-sdk/src/common/pico_time/time.c.obj
                0x00000000100009d0                alarm_pool_add_alarm_at
 .text.sleep_ms
                0x0000000010000b7c       0xa0 CMakeFiles/epd.dir/home/keith/pico/pico-sdk/src/common/pico_time/time.c.obj
                0x0000000010000b7c                sleep_ms
 .text.best_effort_wfe_or_timeout
                0x0000000010000c1c       0xd4 CMakeFiles/epd.dir/home/keith/pico/pico-sdk/src/common/pico_time/time.c.obj
                0x0000000010000c1c                best_effort_wfe_or_timeout
 .text.hardware_alarm_irq_handler
                0x0000000010000cf0       0xb8 CMakeFiles/epd.dir/home/keith/pico/pico-sdk/src/rp2_common/hardware_timer/timer.c.obj
 .text.hardware_alarm_claim
                0x0000000010000da8       0x18 CMakeFiles/epd.dir/home/keith/pico/pico-sdk/src/rp2_common/hardware_timer/timer.c.obj
                0x0000000010000da8                hardware_alarm_claim
 .text.time_us_64
                0x0000000010000dc0       0x14 CMakeFiles/epd.dir/home/keith/pico/pico-sdk/src/rp2_common/hardware_timer/timer.c.obj
                0x0000000010000dc0                time_us_64
 .text.busy_wait_until
                0x0000000010000dd4       0x20 CMakeFiles/epd.dir/home/keith/pico/pico-sdk/src/rp2_common/hardware_timer/timer.c.obj
                0x0000000010000dd4                busy_wait_until
 .text.hardware_alarm_set_callback
                0x0000000010000df4       0x8c CMakeFiles/epd.dir/home/keith/pico/pico-sdk/src/rp2_common/hardware_timer/timer.c.obj
                0x0000000010000df4                hardware_alarm_set_callback
 .text.hardware_alarm_set_target
                0x0000000010000e80       0xe4 CMakeFiles/epd.dir/home/keith/pico/pico-sdk/src/rp2_common/hardware_timer/timer.c.obj
                0x0000000010000e80                hardware_alarm_set_target
 .text.hardware_alarm_cancel
                0x0000000010000f64       0x40 CMakeFiles/epd.dir/home/keith/pico/pico-sdk/src/rp2_common/hardware_timer/timer.c.obj
                0x0000000010000f64                hardware_alarm_cancel
 .text.lock_init
                0x0000000010000fa4       0x10 CMakeFiles/epd.dir/home/keith/pico/pico-sdk/src/common/pico_sync/lock_core.c.obj
                0x0000000010000fa4                lock_init
 .text.mutex_init
                0x0000000010000fb4       0x1c CMakeFiles/epd.dir/home/keith/pico/pico-sdk/src/common/pico_sync/mutex.c.obj
                0x0000000010000fb4                mutex_init
 .text.critical_section_init
                0x0000000010000fd0       0x18 CMakeFiles/epd.dir/home/keith/pico/pico-sdk/src/common/pico_sync/critical_section.c.obj
                0x0000000010000fd0                critical_section_init
 .text.ph_merge_nodes
                0x0000000010000fe8       0x68 CMakeFiles/epd.dir/home/keith/pico/pico-sdk/src/common/pico_util/pheap.c.obj
 .text.ph_post_alloc_init
                0x0000000010001050       0x3c CMakeFiles/epd.dir/home/keith/pico/pico-sdk/src/common/pico_util/pheap.c.obj
                0x0000000010001050                ph_post_alloc_init
 .text.ph_merge_two_pass
                0x000000001000108c       0x90 CMakeFiles/epd.dir/home/keith/pico/pico-sdk/src/common/pico_util/pheap.c.obj
                0x000000001000108c                ph_merge_two_pass
 .text.ph_remove_any_head
                0x000000001000111c       0xf8 CMakeFiles/epd.dir/home/keith/pico/pico-sdk/src/common/pico_util/pheap.c.obj
 .text.ph_remove_head
                0x0000000010001214      0x13c CMakeFiles/epd.dir/home/keith/pico/pico-sdk/src/common/pico_util/pheap.c.obj
                0x0000000010001214                ph_remove_head
 .text.ph_remove_and_free_node
                0x0000000010001350       0x7c CMakeFiles/epd.dir/home/keith/pico/pico-sdk/src/common/pico_util/pheap.c.obj
                0x0000000010001350                ph_remove_and_free_node
 .text.runtime_init
                0x00000000100013cc       0xec CMakeFiles/epd.dir/home/keith/pico/pico-sdk/src/rp2_common/pico_runtime/runtime.c.obj
                0x00000000100013cc                runtime_init
 .text._sbrk    0x00000000100014b8       0x34 CMakeFiles/epd.dir/home/keith/pico/pico-sdk/src/rp2_common/pico_runtime/runtime.c.obj
                0x00000000100014b8                _sbrk
 .text.exit     0x00000000100014ec        0x4 CMakeFiles/epd.dir/home/keith/pico/pico-sdk/src/rp2_common/pico_runtime/runtime.c.obj
                0x00000000100014ec                exit
 .text.panic    0x00000000100014f0       0x30 CMakeFiles/epd.dir/home/keith/pico/pico-sdk/src/rp2_common/pico_runtime/runtime.c.obj
                0x00000000100014f0                panic
 .text.hard_assertion_failure
                0x0000000010001520        0xc CMakeFiles/epd.dir/home/keith/pico/pico-sdk/src/rp2_common/pico_runtime/runtime.c.obj
                0x0000000010001520                hard_assertion_failure
 .text.clocks_init
                0x000000001000152c      0x2e0 CMakeFiles/epd.dir/home/keith/pico/pico-sdk/src/rp2_common/hardware_clocks/clocks.c.obj
                0x000000001000152c                clocks_init
 .text.clock_get_hz
                0x000000001000180c        0xc CMakeFiles/epd.dir/home/keith/pico/pico-sdk/src/rp2_common/hardware_clocks/clocks.c.obj
                0x000000001000180c                clock_get_hz
 .text.watchdog_start_tick
                0x0000000010001818       0x10 CMakeFiles/epd.dir/home/keith/pico/pico-sdk/src/rp2_common/hardware_watchdog/watchdog.c.obj
                0x0000000010001818                watchdog_start_tick
 .text.watchdog_reboot
                0x0000000010001828       0x98 CMakeFiles/epd.dir/home/keith/pico/pico-sdk/src/rp2_common/hardware_watchdog/watchdog.c.obj
                0x0000000010001828                watchdog_reboot
 .text.xosc_init
                0x00000000100018c0       0x28 CMakeFiles/epd.dir/home/keith/pico/pico-sdk/src/rp2_common/hardware_xosc/xosc.c.obj
                0x00000000100018c0                xosc_init
 .text.pll_init
                0x00000000100018e8       0x54 CMakeFiles/epd.dir/home/keith/pico/pico-sdk/src/rp2_common/hardware_pll/pll.c.obj
                0x00000000100018e8                pll_init
 .text.irq_set_enabled
                0x000000001000193c       0x24 CMakeFiles/epd.dir/home/keith/pico/pico-sdk/src/rp2_common/hardware_irq/irq.c.obj
                0x000000001000193c                irq_set_enabled
 .text.irq_set_pending
                0x0000000010001960       0x10 CMakeFiles/epd.dir/home/keith/pico/pico-sdk/src/rp2_common/hardware_irq/irq.c.obj
                0x0000000010001960                irq_set_pending
 .text.irq_get_vtable_handler
                0x0000000010001970       0x10 CMakeFiles/epd.dir/home/keith/pico/pico-sdk/src/rp2_common/hardware_irq/irq.c.obj
                0x0000000010001970                irq_get_vtable_handler
 .text.irq_set_exclusive_handler
                0x0000000010001980       0x54 CMakeFiles/epd.dir/home/keith/pico/pico-sdk/src/rp2_common/hardware_irq/irq.c.obj
                0x0000000010001980                irq_set_exclusive_handler
 .text.irq_remove_handler
                0x00000000100019d4      0x1b8 CMakeFiles/epd.dir/home/keith/pico/pico-sdk/src/rp2_common/hardware_irq/irq.c.obj
                0x00000000100019d4                irq_remove_handler
 .text.irq_add_tail_to_free_list
                0x0000000010001b8c       0xb8 CMakeFiles/epd.dir/home/keith/pico/pico-sdk/src/rp2_common/hardware_irq/irq.c.obj
                0x0000000010001b8c                irq_add_tail_to_free_list
 .text.irq_init_priorities
                0x0000000010001c44       0x38 CMakeFiles/epd.dir/home/keith/pico/pico-sdk/src/rp2_common/hardware_irq/irq.c.obj
                0x0000000010001c44                irq_init_priorities
 .text._out_char
                0x0000000010001c7c       0x10 CMakeFiles/epd.dir/home/keith/pico/pico-sdk/src/rp2_common/pico_printf/printf.c.obj
 .text.weak_raw_vprintf
                0x0000000010001c8c       0x30 CMakeFiles/epd.dir/home/keith/pico/pico-sdk/src/rp2_common/pico_printf/printf.c.obj
                0x0000000010001c8c                weak_raw_vprintf
 .text          0x0000000010001cbc       0x10 CMakeFiles/epd.dir/home/keith/pico/pico-sdk/src/rp2_common/pico_bit_ops/bit_ops_aeabi.S.obj
 .text.rom_func_lookup
                0x0000000010001ccc       0x10 CMakeFiles/epd.dir/home/keith/pico/pico-sdk/src/rp2_common/pico_bootrom/bootrom.c.obj
                0x0000000010001ccc                rom_func_lookup
 .text.rom_data_lookup
                0x0000000010001cdc       0x10 CMakeFiles/epd.dir/home/keith/pico/pico-sdk/src/rp2_common/pico_bootrom/bootrom.c.obj
                0x0000000010001cdc                rom_data_lookup
 .text.rom_funcs_lookup
                0x0000000010001cec       0x3c CMakeFiles/epd.dir/home/keith/pico/pico-sdk/src/rp2_common/pico_bootrom/bootrom.c.obj
                0x0000000010001cec                rom_funcs_lookup
 .text.__wrap___aeabi_idiv
                0x0000000010001d28       0x58 CMakeFiles/epd.dir/home/keith/pico/pico-sdk/src/rp2_common/pico_divider/divider.S.obj
                0x0000000010001d28                __wrap___aeabi_idivmod
                0x0000000010001d28                divmod_s32s32
                0x0000000010001d28                div_s32s32
                0x0000000010001d28                __wrap___aeabi_idiv
                0x0000000010001d30                divmod_s32s32_unsafe
                0x0000000010001d5c                divmod_s32s32_savestate
 .text.__wrap___aeabi_uidiv
                0x0000000010001d80       0x54 CMakeFiles/epd.dir/home/keith/pico/pico-sdk/src/rp2_common/pico_divider/divider.S.obj
                0x0000000010001d80                __wrap___aeabi_uidiv
                0x0000000010001d80                __wrap___aeabi_uidivmod
                0x0000000010001d80                div_u32u32
                0x0000000010001d80                divmod_u32u32
                0x0000000010001d88                divmod_u32u32_unsafe
                0x0000000010001db0                divmod_u32u32_savestate
 .text.__aeabi_double_init
                0x0000000010001dd4       0xac CMakeFiles/epd.dir/home/keith/pico/pico-sdk/src/rp2_common/pico_double/double_init_rom.c.obj
                0x0000000010001dd4                __aeabi_double_init
 .text.double_table_shim_on_use_helper
                0x0000000010001e80       0x2c CMakeFiles/epd.dir/home/keith/pico/pico-sdk/src/rp2_common/pico_double/double_v1_rom_shim.S.obj
                0x0000000010001e80                double_table_shim_on_use_helper
 .text.__aeabi_lmul
                0x0000000010001eac       0x32 CMakeFiles/epd.dir/home/keith/pico/pico-sdk/src/rp2_common/pico_int64_ops/pico_int64_ops_aeabi.S.obj
                0x0000000010001eac                __wrap___aeabi_lmul
 *fill*         0x0000000010001ede        0x2 
 .text.__aeabi_float_init
                0x0000000010001ee0       0x64 CMakeFiles/epd.dir/home/keith/pico/pico-sdk/src/rp2_common/pico_float/float_init_rom.c.obj
                0x0000000010001ee0                __aeabi_float_init
 .text.float_table_shim_on_use_helper
                0x0000000010001f44       0x2c CMakeFiles/epd.dir/home/keith/pico/pico-sdk/src/rp2_common/pico_float/float_v1_rom_shim.S.obj
                0x0000000010001f44                float_table_shim_on_use_helper
 .text.__wrap_malloc
                0x0000000010001f70       0x24 CMakeFiles/epd.dir/home/keith/pico/pico-sdk/src/rp2_common/pico_malloc/pico_malloc.c.obj
                0x0000000010001f70                __wrap_malloc
 .text.__wrap_free
                0x0000000010001f94        0x8 CMakeFiles/epd.dir/home/keith/pico/pico-sdk/src/rp2_common/pico_malloc/pico_malloc.c.obj
                0x0000000010001f94                __wrap_free
 .text          0x0000000010001f9c       0x10 CMakeFiles/epd.dir/home/keith/pico/pico-sdk/src/rp2_common/pico_mem_ops/mem_ops_aeabi.S.obj
                0x0000000010001f9c                __aeabi_mem_init
 .text.memset   0x0000000010001fac        0xc CMakeFiles/epd.dir/home/keith/pico/pico-sdk/src/rp2_common/pico_mem_ops/mem_ops_aeabi.S.obj
                0x0000000010001fac                __wrap_memset
 .text.memcpy   0x0000000010001fb8        0xc CMakeFiles/epd.dir/home/keith/pico/pico-sdk/src/rp2_common/pico_mem_ops/mem_ops_aeabi.S.obj
                0x0000000010001fb8                __wrap___aeabi_memcpy
                0x0000000010001fb8                __wrap_memcpy
 .text.stdio_out_chars_crlf.part.0
                0x0000000010001fc4       0x84 CMakeFiles/epd.dir/home/keith/pico/pico-sdk/src/rp2_common/pico_stdio/stdio.c.obj
 .text.stdio_put_string
                0x0000000010002048      0x100 CMakeFiles/epd.dir/home/keith/pico/pico-sdk/src/rp2_common/pico_stdio/stdio.c.obj
 .text.__wrap_putchar
                0x0000000010002148       0x1c CMakeFiles/epd.dir/home/keith/pico/pico-sdk/src/rp2_common/pico_stdio/stdio.c.obj
                0x0000000010002148                __wrap_putchar
 .text.__wrap_puts
                0x0000000010002164       0x3c CMakeFiles/epd.dir/home/keith/pico/pico-sdk/src/rp2_common/pico_stdio/stdio.c.obj
                0x0000000010002164                __wrap_puts
 .text.stdio_set_driver_enabled
                0x00000000100021a0       0x3c CMakeFiles/epd.dir/home/keith/pico/pico-sdk/src/rp2_common/pico_stdio/stdio.c.obj
                0x00000000100021a0                stdio_set_driver_enabled
 .text.stdio_init_all
                0x00000000100021dc        0x8 CMakeFiles/epd.dir/home/keith/pico/pico-sdk/src/rp2_common/pico_stdio/stdio.c.obj
                0x00000000100021dc                stdio_init_all
 .text.resetd_init
                0x00000000100021e4        0x4 CMakeFiles/epd.dir/home/keith/pico/pico-sdk/src/rp2_common/pico_stdio_usb/reset_interface.c.obj
 .text.resetd_reset
                0x00000000100021e8        0xc CMakeFiles/epd.dir/home/keith/pico/pico-sdk/src/rp2_common/pico_stdio_usb/reset_interface.c.obj
 .text.resetd_open
                0x00000000100021f4       0x28 CMakeFiles/epd.dir/home/keith/pico/pico-sdk/src/rp2_common/pico_stdio_usb/reset_interface.c.obj
 .text.resetd_control_complete_cb
                0x000000001000221c        0x4 CMakeFiles/epd.dir/home/keith/pico/pico-sdk/src/rp2_common/pico_stdio_usb/reset_interface.c.obj
 .text.resetd_xfer_cb
                0x0000000010002220        0x4 CMakeFiles/epd.dir/home/keith/pico/pico-sdk/src/rp2_common/pico_stdio_usb/reset_interface.c.obj
 .text.resetd_control_request_cb
                0x0000000010002224       0x5c CMakeFiles/epd.dir/home/keith/pico/pico-sdk/src/rp2_common/pico_stdio_usb/reset_interface.c.obj
 .text.usbd_app_driver_get_cb
                0x0000000010002280        0xc CMakeFiles/epd.dir/home/keith/pico/pico-sdk/src/rp2_common/pico_stdio_usb/reset_interface.c.obj
                0x0000000010002280                usbd_app_driver_get_cb
 .text.tud_cdc_line_coding_cb
                0x000000001000228c       0x34 CMakeFiles/epd.dir/home/keith/pico/pico-sdk/src/rp2_common/pico_stdio_usb/reset_interface.c.obj
                0x000000001000228c                tud_cdc_line_coding_cb
 .text.stdio_usb_in_chars
                0x00000000100022c0       0x68 CMakeFiles/epd.dir/home/keith/pico/pico-sdk/src/rp2_common/pico_stdio_usb/stdio_usb.c.obj
                0x00000000100022c0                stdio_usb_in_chars
 .text.stdio_usb_out_chars
                0x0000000010002328       0xec CMakeFiles/epd.dir/home/keith/pico/pico-sdk/src/rp2_common/pico_stdio_usb/stdio_usb.c.obj
 .text.timer_task
                0x0000000010002414       0x10 CMakeFiles/epd.dir/home/keith/pico/pico-sdk/src/rp2_common/pico_stdio_usb/stdio_usb.c.obj
 .text.low_priority_worker_irq
                0x0000000010002424       0x24 CMakeFiles/epd.dir/home/keith/pico/pico-sdk/src/rp2_common/pico_stdio_usb/stdio_usb.c.obj
 .text.stdio_usb_init
                0x0000000010002448       0x90 CMakeFiles/epd.dir/home/keith/pico/pico-sdk/src/rp2_common/pico_stdio_usb/stdio_usb.c.obj
                0x0000000010002448                stdio_usb_init
 .text.tud_descriptor_device_cb
                0x00000000100024d8        0x8 CMakeFiles/epd.dir/home/keith/pico/pico-sdk/src/rp2_common/pico_stdio_usb/stdio_usb_descriptors.c.obj
                0x00000000100024d8                tud_descriptor_device_cb
 .text.tud_descriptor_configuration_cb
                0x00000000100024e0        0x8 CMakeFiles/epd.dir/home/keith/pico/pico-sdk/src/rp2_common/pico_stdio_usb/stdio_usb_descriptors.c.obj
                0x00000000100024e0                tud_descriptor_configuration_cb
 .text.tud_descriptor_string_cb
                0x00000000100024e8       0x5c CMakeFiles/epd.dir/home/keith/pico/pico-sdk/src/rp2_common/pico_stdio_usb/stdio_usb_descriptors.c.obj
                0x00000000100024e8                tud_descriptor_string_cb
 .text.dcd_rp2040_irq
                0x0000000010002544      0x130 CMakeFiles/epd.dir/home/keith/pico/pico-sdk/lib/tinyusb/src/portable/raspberrypi/rp2040/dcd_rp2040.c.obj
 .text.dcd_int_enable
                0x0000000010002674        0xc CMakeFiles/epd.dir/home/keith/pico/pico-sdk/lib/tinyusb/src/portable/raspberrypi/rp2040/dcd_rp2040.c.obj
                0x0000000010002674                dcd_int_enable
 .text.dcd_set_address
                0x0000000010002680       0x30 CMakeFiles/epd.dir/home/keith/pico/pico-sdk/lib/tinyusb/src/portable/raspberrypi/rp2040/dcd_rp2040.c.obj
                0x0000000010002680                dcd_set_address
 .text.dcd_connect
                0x00000000100026b0       0x10 CMakeFiles/epd.dir/home/keith/pico/pico-sdk/lib/tinyusb/src/portable/raspberrypi/rp2040/dcd_rp2040.c.obj
                0x00000000100026b0                dcd_connect
 .text.dcd_init
                0x00000000100026c0       0xb0 CMakeFiles/epd.dir/home/keith/pico/pico-sdk/lib/tinyusb/src/portable/raspberrypi/rp2040/dcd_rp2040.c.obj
                0x00000000100026c0                dcd_init
 .text.dcd_edpt0_status_complete
                0x0000000010002770       0x38 CMakeFiles/epd.dir/home/keith/pico/pico-sdk/lib/tinyusb/src/portable/raspberrypi/rp2040/dcd_rp2040.c.obj
                0x0000000010002770                dcd_edpt0_status_complete
 .text.dcd_edpt_open
                0x00000000100027a8      0x148 CMakeFiles/epd.dir/home/keith/pico/pico-sdk/lib/tinyusb/src/portable/raspberrypi/rp2040/dcd_rp2040.c.obj
                0x00000000100027a8                dcd_edpt_open
 .text.dcd_edpt_xfer
                0x00000000100028f0       0x2c CMakeFiles/epd.dir/home/keith/pico/pico-sdk/lib/tinyusb/src/portable/raspberrypi/rp2040/dcd_rp2040.c.obj
                0x00000000100028f0                dcd_edpt_xfer
 .text.dcd_edpt_stall
                0x000000001000291c       0x50 CMakeFiles/epd.dir/home/keith/pico/pico-sdk/lib/tinyusb/src/portable/raspberrypi/rp2040/dcd_rp2040.c.obj
                0x000000001000291c                dcd_edpt_stall
 .text.dcd_edpt_clear_stall
                0x000000001000296c       0x50 CMakeFiles/epd.dir/home/keith/pico/pico-sdk/lib/tinyusb/src/portable/raspberrypi/rp2040/dcd_rp2040.c.obj
                0x000000001000296c                dcd_edpt_clear_stall
 .text.rp2040_usb_init
                0x00000000100029bc       0x50 CMakeFiles/epd.dir/home/keith/pico/pico-sdk/lib/tinyusb/src/portable/raspberrypi/rp2040/rp2040_usb.c.obj
                0x00000000100029bc                rp2040_usb_init
 .text.hw_endpoint_reset_transfer
                0x0000000010002a0c       0x14 CMakeFiles/epd.dir/home/keith/pico/pico-sdk/lib/tinyusb/src/portable/raspberrypi/rp2040/rp2040_usb.c.obj
                0x0000000010002a0c                hw_endpoint_reset_transfer
 .text._hw_endpoint_buffer_control_update32
                0x0000000010002a20       0x54 CMakeFiles/epd.dir/home/keith/pico/pico-sdk/lib/tinyusb/src/portable/raspberrypi/rp2040/rp2040_usb.c.obj
                0x0000000010002a20                _hw_endpoint_buffer_control_update32
 .text._hw_endpoint_xfer_continue
                0x0000000010002a74      0x10c CMakeFiles/epd.dir/home/keith/pico/pico-sdk/lib/tinyusb/src/portable/raspberrypi/rp2040/rp2040_usb.c.obj
                0x0000000010002a74                _hw_endpoint_xfer_continue
 .text._hw_endpoint_xfer
                0x0000000010002b80       0xc0 CMakeFiles/epd.dir/home/keith/pico/pico-sdk/lib/tinyusb/src/portable/raspberrypi/rp2040/rp2040_usb.c.obj
                0x0000000010002b80                _hw_endpoint_xfer
 .text.tud_mounted
                0x0000000010002c40       0x10 CMakeFiles/epd.dir/home/keith/pico/pico-sdk/lib/tinyusb/src/device/usbd.c.obj
                0x0000000010002c40                tud_mounted
 .text.tud_suspended
                0x0000000010002c50       0x10 CMakeFiles/epd.dir/home/keith/pico/pico-sdk/lib/tinyusb/src/device/usbd.c.obj
                0x0000000010002c50                tud_suspended
 .text.tud_init
                0x0000000010002c60       0xb0 CMakeFiles/epd.dir/home/keith/pico/pico-sdk/lib/tinyusb/src/device/usbd.c.obj
                0x0000000010002c60                tud_init
 .text.tud_task
                0x0000000010002d10      0x80c CMakeFiles/epd.dir/home/keith/pico/pico-sdk/lib/tinyusb/src/device/usbd.c.obj
                0x0000000010002d10                tud_task
 .text.dcd_event_bus_signal
                0x000000001000351c       0xe0 CMakeFiles/epd.dir/home/keith/pico/pico-sdk/lib/tinyusb/src/device/usbd.c.obj
                0x000000001000351c                dcd_event_bus_signal
 .text.dcd_event_setup_received
                0x00000000100035fc       0x50 CMakeFiles/epd.dir/home/keith/pico/pico-sdk/lib/tinyusb/src/device/usbd.c.obj
                0x00000000100035fc                dcd_event_setup_received
 .text.dcd_event_xfer_complete
                0x000000001000364c       0x68 CMakeFiles/epd.dir/home/keith/pico/pico-sdk/lib/tinyusb/src/device/usbd.c.obj
                0x000000001000364c                dcd_event_xfer_complete
 .text.usbd_open_edpt_pair
                0x00000000100036b4       0x68 CMakeFiles/epd.dir/home/keith/pico/pico-sdk/lib/tinyusb/src/device/usbd.c.obj
                0x00000000100036b4                usbd_open_edpt_pair
 .text.usbd_edpt_open
                0x000000001000371c        0x8 CMakeFiles/epd.dir/home/keith/pico/pico-sdk/lib/tinyusb/src/device/usbd.c.obj
                0x000000001000371c                usbd_edpt_open
 .text.usbd_edpt_claim
                0x0000000010003724       0x64 CMakeFiles/epd.dir/home/keith/pico/pico-sdk/lib/tinyusb/src/device/usbd.c.obj
                0x0000000010003724                usbd_edpt_claim
 .text.usbd_edpt_release
                0x0000000010003788       0x4c CMakeFiles/epd.dir/home/keith/pico/pico-sdk/lib/tinyusb/src/device/usbd.c.obj
                0x0000000010003788                usbd_edpt_release
 .text.usbd_edpt_xfer
                0x00000000100037d4       0x48 CMakeFiles/epd.dir/home/keith/pico/pico-sdk/lib/tinyusb/src/device/usbd.c.obj
                0x00000000100037d4                usbd_edpt_xfer
 .text.tud_control_status
                0x000000001000381c       0x30 CMakeFiles/epd.dir/home/keith/pico/pico-sdk/lib/tinyusb/src/device/usbd_control.c.obj
                0x000000001000381c                tud_control_status
 .text.tud_control_xfer
                0x000000001000384c       0xb8 CMakeFiles/epd.dir/home/keith/pico/pico-sdk/lib/tinyusb/src/device/usbd_control.c.obj
                0x000000001000384c                tud_control_xfer
 .text.usbd_control_reset
                0x0000000010003904       0x14 CMakeFiles/epd.dir/home/keith/pico/pico-sdk/lib/tinyusb/src/device/usbd_control.c.obj
                0x0000000010003904                usbd_control_reset
 .text.usbd_control_set_complete_callback
                0x0000000010003918        0xc CMakeFiles/epd.dir/home/keith/pico/pico-sdk/lib/tinyusb/src/device/usbd_control.c.obj
                0x0000000010003918                usbd_control_set_complete_callback
 .text.usbd_control_set_request
                0x0000000010003924       0x1c CMakeFiles/epd.dir/home/keith/pico/pico-sdk/lib/tinyusb/src/device/usbd_control.c.obj
                0x0000000010003924                usbd_control_set_request
 .text.usbd_control_xfer_cb
                0x0000000010003940       0xe8 CMakeFiles/epd.dir/home/keith/pico/pico-sdk/lib/tinyusb/src/device/usbd_control.c.obj
                0x0000000010003940                usbd_control_xfer_cb
 .text.tud_cdc_n_connected
                0x0000000010003a28       0x34 CMakeFiles/epd.dir/home/keith/pico/pico-sdk/lib/tinyusb/src/class/cdc/cdc_device.c.obj
                0x0000000010003a28                tud_cdc_n_connected
 .text.tud_cdc_n_available
                0x0000000010003a5c       0x20 CMakeFiles/epd.dir/home/keith/pico/pico-sdk/lib/tinyusb/src/class/cdc/cdc_device.c.obj
                0x0000000010003a5c                tud_cdc_n_available
 .text.tud_cdc_n_read
                0x0000000010003a7c       0x74 CMakeFiles/epd.dir/home/keith/pico/pico-sdk/lib/tinyusb/src/class/cdc/cdc_device.c.obj
                0x0000000010003a7c                tud_cdc_n_read
 .text.tud_cdc_n_write_flush
                0x0000000010003af0       0xa4 CMakeFiles/epd.dir/home/keith/pico/pico-sdk/lib/tinyusb/src/class/cdc/cdc_device.c.obj
                0x0000000010003af0                tud_cdc_n_write_flush
 .text.tud_cdc_n_write
                0x0000000010003b94       0x38 CMakeFiles/epd.dir/home/keith/pico/pico-sdk/lib/tinyusb/src/class/cdc/cdc_device.c.obj
                0x0000000010003b94                tud_cdc_n_write
 .text.tud_cdc_n_write_available
                0x0000000010003bcc       0x20 CMakeFiles/epd.dir/home/keith/pico/pico-sdk/lib/tinyusb/src/class/cdc/cdc_device.c.obj
                0x0000000010003bcc                tud_cdc_n_write_available
 .text.cdcd_init
                0x0000000010003bec       0x78 CMakeFiles/epd.dir/home/keith/pico/pico-sdk/lib/tinyusb/src/class/cdc/cdc_device.c.obj
                0x0000000010003bec                cdcd_init
 .text.cdcd_reset
                0x0000000010003c64       0x24 CMakeFiles/epd.dir/home/keith/pico/pico-sdk/lib/tinyusb/src/class/cdc/cdc_device.c.obj
                0x0000000010003c64                cdcd_reset
 .text.cdcd_open
                0x0000000010003c88       0xec CMakeFiles/epd.dir/home/keith/pico/pico-sdk/lib/tinyusb/src/class/cdc/cdc_device.c.obj
                0x0000000010003c88                cdcd_open
 .text.cdcd_control_complete
                0x0000000010003d74       0x44 CMakeFiles/epd.dir/home/keith/pico/pico-sdk/lib/tinyusb/src/class/cdc/cdc_device.c.obj
                0x0000000010003d74                cdcd_control_complete
 .text.cdcd_control_request
                0x0000000010003db8       0x68 CMakeFiles/epd.dir/home/keith/pico/pico-sdk/lib/tinyusb/src/class/cdc/cdc_device.c.obj
                0x0000000010003db8                cdcd_control_request
 .text.cdcd_xfer_cb
                0x0000000010003e20      0x1b4 CMakeFiles/epd.dir/home/keith/pico/pico-sdk/lib/tinyusb/src/class/cdc/cdc_device.c.obj
                0x0000000010003e20                cdcd_xfer_cb
 .text.tusb_init
                0x0000000010003fd4       0x20 CMakeFiles/epd.dir/home/keith/pico/pico-sdk/lib/tinyusb/src/tusb.c.obj
                0x0000000010003fd4                tusb_init
 .text.tusb_inited
                0x0000000010003ff4        0xc CMakeFiles/epd.dir/home/keith/pico/pico-sdk/lib/tinyusb/src/tusb.c.obj
                0x0000000010003ff4                tusb_inited
 .text.tu_fifo_config
                0x0000000010004000       0x78 CMakeFiles/epd.dir/home/keith/pico/pico-sdk/lib/tinyusb/src/common/tusb_fifo.c.obj
                0x0000000010004000                tu_fifo_config
 .text.tu_fifo_count
                0x0000000010004078       0x18 CMakeFiles/epd.dir/home/keith/pico/pico-sdk/lib/tinyusb/src/common/tusb_fifo.c.obj
                0x0000000010004078                tu_fifo_count
 .text.tu_fifo_remaining
                0x0000000010004090       0x1c CMakeFiles/epd.dir/home/keith/pico/pico-sdk/lib/tinyusb/src/common/tusb_fifo.c.obj
                0x0000000010004090                tu_fifo_remaining
 .text.tu_fifo_read
                0x00000000100040ac       0xa8 CMakeFiles/epd.dir/home/keith/pico/pico-sdk/lib/tinyusb/src/common/tusb_fifo.c.obj
                0x00000000100040ac                tu_fifo_read
 .text.tu_fifo_read_n
                0x0000000010004154       0xf0 CMakeFiles/epd.dir/home/keith/pico/pico-sdk/lib/tinyusb/src/common/tusb_fifo.c.obj
                0x0000000010004154                tu_fifo_read_n
 .text.tu_fifo_write
                0x0000000010004244       0x84 CMakeFiles/epd.dir/home/keith/pico/pico-sdk/lib/tinyusb/src/common/tusb_fifo.c.obj
                0x0000000010004244                tu_fifo_write
 .text.tu_fifo_write_n
                0x00000000100042c8       0xfc CMakeFiles/epd.dir/home/keith/pico/pico-sdk/lib/tinyusb/src/common/tusb_fifo.c.obj
                0x00000000100042c8                tu_fifo_write_n
 .text.tu_fifo_clear
                0x00000000100043c4       0x2c CMakeFiles/epd.dir/home/keith/pico/pico-sdk/lib/tinyusb/src/common/tusb_fifo.c.obj
                0x00000000100043c4                tu_fifo_clear
 .text.spi_init
                0x00000000100043f0       0xe4 CMakeFiles/epd.dir/home/keith/pico/pico-sdk/src/rp2_common/hardware_spi/spi.c.obj
                0x00000000100043f0                spi_init
 .text.EPD_2in9b_V3_test
                0x00000000100044d4      0x2c0 examples/libexamples.a(EPD_2in9b_V3_test.c.obj)
                0x00000000100044d4                EPD_2in9b_V3_test
 .text.EPD_2IN9B_V3_Init
                0x0000000010004794      0x1a0 lib/e-Paper/libePaper.a(EPD_2in9b_V3.c.obj)
                0x0000000010004794                EPD_2IN9B_V3_Init
 .text.EPD_2IN9B_V3_Clear
                0x0000000010004934      0x108 lib/e-Paper/libePaper.a(EPD_2in9b_V3.c.obj)
                0x0000000010004934                EPD_2IN9B_V3_Clear
 .text.EPD_2IN9B_V3_Display
                0x0000000010004a3c      0x174 lib/e-Paper/libePaper.a(EPD_2in9b_V3.c.obj)
                0x0000000010004a3c                EPD_2IN9B_V3_Display
 .text.EPD_2IN9B_V3_Sleep
                0x0000000010004bb0       0xa0 lib/e-Paper/libePaper.a(EPD_2in9b_V3.c.obj)
                0x0000000010004bb0                EPD_2IN9B_V3_Sleep
 .text.Paint_SetPixel.part.0
                0x0000000010004c50      0x118 lib/GUI/libGUI.a(GUI_Paint.c.obj)
 .text.Paint_DrawChar.part.0
                0x0000000010004d68      0x10c lib/GUI/libGUI.a(GUI_Paint.c.obj)
 .text.Paint_DrawLine.constprop.0
                0x0000000010004e74      0x334 lib/GUI/libGUI.a(GUI_Paint.c.obj)
 .text.Paint_NewImage
                0x00000000100051a8       0x44 lib/GUI/libGUI.a(GUI_Paint.c.obj)
                0x00000000100051a8                Paint_NewImage
 .text.Paint_SelectImage
                0x00000000100051ec        0xc lib/GUI/libGUI.a(GUI_Paint.c.obj)
                0x00000000100051ec                Paint_SelectImage
 .text.Paint_Clear
                0x00000000100051f8       0x94 lib/GUI/libGUI.a(GUI_Paint.c.obj)
                0x00000000100051f8                Paint_Clear
 .text.Paint_DrawPoint
                0x000000001000528c      0x250 lib/GUI/libGUI.a(GUI_Paint.c.obj)
                0x000000001000528c                Paint_DrawPoint
 .text.Paint_DrawLine
                0x00000000100054dc      0x238 lib/GUI/libGUI.a(GUI_Paint.c.obj)
                0x00000000100054dc                Paint_DrawLine
 .text.Paint_DrawRectangle
                0x0000000010005714       0xbc lib/GUI/libGUI.a(GUI_Paint.c.obj)
                0x0000000010005714                Paint_DrawRectangle
 .text.Paint_DrawCircle
                0x00000000100057d0      0x948 lib/GUI/libGUI.a(GUI_Paint.c.obj)
                0x00000000100057d0                Paint_DrawCircle
 .text.Paint_DrawString_EN
                0x0000000010006118       0xa4 lib/GUI/libGUI.a(GUI_Paint.c.obj)
                0x0000000010006118                Paint_DrawString_EN
 .text.Paint_DrawString_CN
                0x00000000100061bc      0x244 lib/GUI/libGUI.a(GUI_Paint.c.obj)
                0x00000000100061bc                Paint_DrawString_CN
 .text.Paint_DrawNum
                0x0000000010006400      0x120 lib/GUI/libGUI.a(GUI_Paint.c.obj)
                0x0000000010006400                Paint_DrawNum
 .text.DEV_Digital_Write
                0x0000000010006520       0x14 lib/Config/libConfig.a(DEV_Config.c.obj)
                0x0000000010006520                DEV_Digital_Write
 .text.DEV_Digital_Read
                0x0000000010006534       0x10 lib/Config/libConfig.a(DEV_Config.c.obj)
                0x0000000010006534                DEV_Digital_Read
 .text.DEV_SPI_WriteByte
                0x0000000010006544       0x1c lib/Config/libConfig.a(DEV_Config.c.obj)
                0x0000000010006544                DEV_SPI_WriteByte
 .text.DEV_Delay_ms
                0x0000000010006560        0x8 lib/Config/libConfig.a(DEV_Config.c.obj)
                0x0000000010006560                DEV_Delay_ms
 .text.DEV_GPIO_Init
                0x0000000010006568       0x94 lib/Config/libConfig.a(DEV_Config.c.obj)
                0x0000000010006568                DEV_GPIO_Init
 .text.DEV_Module_Init
                0x00000000100065fc       0x44 lib/Config/libConfig.a(DEV_Config.c.obj)
                0x00000000100065fc                DEV_Module_Init
 .text.DEV_Module_Exit
                0x0000000010006640        0x4 lib/Config/libConfig.a(DEV_Config.c.obj)
                0x0000000010006640                DEV_Module_Exit
 .text          0x0000000010006644       0x28 /usr/lib/gcc/arm-none-eabi/9.2.1/../../../arm-none-eabi/lib/thumb/v6-m/nofp/libc.a(lib_a-malloc.o)
                0x0000000010006644                malloc
                0x0000000010006658                free
 .text          0x000000001000666c      0x574 /usr/lib/gcc/arm-none-eabi/9.2.1/../../../arm-none-eabi/lib/thumb/v6-m/nofp/libc.a(lib_a-mallocr.o)
                0x000000001000666c                _malloc_r
 .text          0x0000000010006be0        0x8 /usr/lib/gcc/arm-none-eabi/9.2.1/../../../arm-none-eabi/lib/thumb/v6-m/nofp/libc.a(lib_a-mlock.o)
                0x0000000010006be0                __malloc_lock
                0x0000000010006be4                __malloc_unlock
 .text          0x0000000010006be8       0x24 /usr/lib/gcc/arm-none-eabi/9.2.1/../../../arm-none-eabi/lib/thumb/v6-m/nofp/libc.a(lib_a-sbrkr.o)
                0x0000000010006be8                _sbrk_r
 .text          0x0000000010006c0c       0x5c /usr/lib/gcc/arm-none-eabi/9.2.1/../../../arm-none-eabi/lib/thumb/v6-m/nofp/libc.a(lib_a-strlen-stub.o)
                0x0000000010006c0c                strlen
 .text          0x0000000010006c68      0x260 /usr/lib/gcc/arm-none-eabi/9.2.1/../../../arm-none-eabi/lib/thumb/v6-m/nofp/libc.a(lib_a-freer.o)
                0x0000000010006c68                _malloc_trim_r
                0x0000000010006d04                _free_r
 *(.fini)
 .fini          0x0000000010006ec8        0x4 /usr/lib/gcc/arm-none-eabi/9.2.1/thumb/v6-m/nofp/crti.o
                0x0000000010006ec8                _fini
 *fill*         0x0000000010006ecc        0x4 
 .fini.__stub   0x0000000010006ed0       0x60 linker stubs
 *crtbegin.o(.ctors)
 *crtbegin?.o(.ctors)
 *(EXCLUDE_FILE(*crtend.o *crtend?.o) .ctors)
 *(SORT_BY_NAME(.ctors.*))
 *(.ctors)
 *crtbegin.o(.dtors)
 *crtbegin?.o(.dtors)
 *(EXCLUDE_FILE(*crtend.o *crtend?.o) .dtors)
 *(SORT_BY_NAME(.dtors.*))
 *(.dtors)
 *(.eh_frame*)
 .eh_frame      0x0000000010006f30        0x0 /usr/lib/gcc/arm-none-eabi/9.2.1/thumb/v6-m/nofp/crtbegin.o
                0x0000000010006f30                . = ALIGN (0x4)

.glue_7         0x0000000010006f30        0x0
 .glue_7        0x0000000010006f30        0x0 linker stubs

.glue_7t        0x0000000010006f30        0x0
 .glue_7t       0x0000000010006f30        0x0 linker stubs

.vfp11_veneer   0x0000000010006f30        0x0
 .vfp11_veneer  0x0000000010006f30        0x0 linker stubs

.v4_bx          0x0000000010006f30        0x0
 .v4_bx         0x0000000010006f30        0x0 linker stubs

.iplt           0x0000000010006f30        0x0
 .iplt          0x0000000010006f30        0x0 /usr/lib/gcc/arm-none-eabi/9.2.1/thumb/v6-m/nofp/crtbegin.o

.rodata         0x0000000010006f30     0x5178
 *(EXCLUDE_FILE(*libm.a: *libc.a:*lib_a-mem*.o *libgcc.a:) .rodata*)
 .rodata.spin_lock_claim_unused.str1.4
                0x0000000010006f30       0x1b CMakeFiles/epd.dir/home/keith/pico/pico-sdk/src/rp2_common/hardware_sync/sync.c.obj
 *fill*         0x0000000010006f4b        0x1 
 .rodata.hardware_alarm_claim.str1.4
                0x0000000010006f4c       0x22 CMakeFiles/epd.dir/home/keith/pico/pico-sdk/src/rp2_common/hardware_timer/timer.c.obj
 *fill*         0x0000000010006f6e        0x2 
 .rodata.panic.str1.4
                0x0000000010006f70       0x12 CMakeFiles/epd.dir/home/keith/pico/pico-sdk/src/rp2_common/pico_runtime/runtime.c.obj
 *fill*         0x0000000010006f82        0x2 
 .rodata.hard_assertion_failure.str1.4
                0x0000000010006f84        0xc CMakeFiles/epd.dir/home/keith/pico/pico-sdk/src/rp2_common/pico_runtime/runtime.c.obj
 .rodata.__wrap_malloc.str1.4
                0x0000000010006f90        0xe CMakeFiles/epd.dir/home/keith/pico/pico-sdk/src/rp2_common/pico_malloc/pico_malloc.c.obj
 *fill*         0x0000000010006f9e        0x2 
 .rodata.str1.4
                0x0000000010006fa0       0x38 CMakeFiles/epd.dir/home/keith/pico/pico-sdk/src/rp2_common/pico_standard_link/binary_info.c.obj
 .rodata.__bi_44
                0x0000000010006fd8        0xc CMakeFiles/epd.dir/home/keith/pico/pico-sdk/src/rp2_common/pico_standard_link/binary_info.c.obj
 .rodata.__bi_75
                0x0000000010006fe4        0xc CMakeFiles/epd.dir/home/keith/pico/pico-sdk/src/rp2_common/pico_standard_link/binary_info.c.obj
 .rodata.__bi_81
                0x0000000010006ff0        0xc CMakeFiles/epd.dir/home/keith/pico/pico-sdk/src/rp2_common/pico_standard_link/binary_info.c.obj
 .rodata.crlf_str.5854
                0x0000000010006ffc        0x2 CMakeFiles/epd.dir/home/keith/pico/pico-sdk/src/rp2_common/pico_stdio/stdio.c.obj
 *fill*         0x0000000010006ffe        0x2 
 .rodata._resetd_driver
                0x0000000010007000       0x1c CMakeFiles/epd.dir/home/keith/pico/pico-sdk/src/rp2_common/pico_stdio_usb/reset_interface.c.obj
 .rodata.str1.4
                0x000000001000701c       0x13 CMakeFiles/epd.dir/home/keith/pico/pico-sdk/src/rp2_common/pico_stdio_usb/stdio_usb.c.obj
 *fill*         0x000000001000702f        0x1 
 .rodata.__bi_93.7018
                0x0000000010007030        0xc CMakeFiles/epd.dir/home/keith/pico/pico-sdk/src/rp2_common/pico_stdio_usb/stdio_usb.c.obj
 .rodata.str1.4
                0x000000001000703c       0x3a CMakeFiles/epd.dir/home/keith/pico/pico-sdk/src/rp2_common/pico_stdio_usb/stdio_usb_descriptors.c.obj
 *fill*         0x0000000010007076        0x2 
 .rodata.usbd_desc_cfg
                0x0000000010007078       0x54 CMakeFiles/epd.dir/home/keith/pico/pico-sdk/src/rp2_common/pico_stdio_usb/stdio_usb_descriptors.c.obj
 .rodata.usbd_desc_device
                0x00000000100070cc       0x12 CMakeFiles/epd.dir/home/keith/pico/pico-sdk/src/rp2_common/pico_stdio_usb/stdio_usb_descriptors.c.obj
 *fill*         0x00000000100070de        0x2 
 .rodata.usbd_desc_str
                0x00000000100070e0       0x18 CMakeFiles/epd.dir/home/keith/pico/pico-sdk/src/rp2_common/pico_stdio_usb/stdio_usb_descriptors.c.obj
 .rodata.dcd_rp2040_irq.str1.4
                0x00000000100070f8       0x14 CMakeFiles/epd.dir/home/keith/pico/pico-sdk/lib/tinyusb/src/portable/raspberrypi/rp2040/dcd_rp2040.c.obj
 .rodata.dcd_edpt_open.str1.4
                0x000000001000710c       0x28 CMakeFiles/epd.dir/home/keith/pico/pico-sdk/lib/tinyusb/src/portable/raspberrypi/rp2040/dcd_rp2040.c.obj
 .rodata._hw_endpoint_buffer_control_update32.str1.4
                0x0000000010007134       0x1f CMakeFiles/epd.dir/home/keith/pico/pico-sdk/lib/tinyusb/src/portable/raspberrypi/rp2040/rp2040_usb.c.obj
 *fill*         0x0000000010007153        0x1 
 .rodata._hw_endpoint_xfer_continue.str1.4
                0x0000000010007154       0x50 CMakeFiles/epd.dir/home/keith/pico/pico-sdk/lib/tinyusb/src/portable/raspberrypi/rp2040/rp2040_usb.c.obj
 .rodata.str1.4
                0x00000000100071a4        0x7 CMakeFiles/epd.dir/home/keith/pico/pico-sdk/lib/tinyusb/src/portable/raspberrypi/rp2040/rp2040_usb.c.obj
 *fill*         0x00000000100071ab        0x1 
 .rodata.tud_task
                0x00000000100071ac       0x8c CMakeFiles/epd.dir/home/keith/pico/pico-sdk/lib/tinyusb/src/device/usbd.c.obj
 .rodata._usbd_driver
                0x0000000010007238       0x1c CMakeFiles/epd.dir/home/keith/pico/pico-sdk/lib/tinyusb/src/device/usbd.c.obj
 .rodata.EPD_2in9b_V3_test.str1.4
                0x0000000010007254      0x145 examples/libexamples.a(EPD_2in9b_V3_test.c.obj)
 *fill*         0x0000000010007399        0x3 
 .rodata.gImage_2in9bc_b
                0x000000001000739c     0x1280 examples/libexamples.a(ImageData.c.obj)
                0x000000001000739c                gImage_2in9bc_b
 .rodata.gImage_2in9bc_ry
                0x000000001000861c     0x1280 examples/libexamples.a(ImageData.c.obj)
                0x000000001000861c                gImage_2in9bc_ry
 .rodata        0x000000001000989c      0x474 lib/Fonts/libFonts.a(font12.c.obj)
                0x000000001000989c                Font12_Table
 .rodata        0x0000000010009d10      0x5e8 lib/Fonts/libFonts.a(font12CN.c.obj)
                0x0000000010009d10                Font12CN_Table
 .rodata        0x000000001000a2f8      0xbe0 lib/Fonts/libFonts.a(font16.c.obj)
                0x000000001000a2f8                Font16_Table
 .rodata        0x000000001000aed8     0x11b8 lib/Fonts/libFonts.a(font24CN.c.obj)
                0x000000001000aed8                Font24CN_Table
 .rodata.DEV_Module_Init.str1.4
                0x000000001000c090       0x15 lib/Config/libConfig.a(DEV_Config.c.obj)
                0x000000001000c0a8                . = ALIGN (0x4)
 *fill*         0x000000001000c0a5        0x3 
 *(SORT_BY_ALIGNMENT(SORT_BY_NAME(.flashdata*)))
                0x000000001000c0a8                . = ALIGN (0x4)

.rel.dyn        0x000000001000c0a8        0x0
 .rel.iplt      0x000000001000c0a8        0x0 /usr/lib/gcc/arm-none-eabi/9.2.1/thumb/v6-m/nofp/crtbegin.o

.ARM.extab
 *(.ARM.extab* .gnu.linkonce.armextab.*)
                0x000000001000c0a8                __exidx_start = .

.ARM.exidx
 *(.ARM.exidx* .gnu.linkonce.armexidx.*)
                0x000000001000c0a8                __exidx_end = .
                0x000000001000c0a8                . = ALIGN (0x4)
                0x000000001000c0a8                __binary_info_start = .

.binary_info    0x000000001000c0a8       0x20
 *(.binary_info.keep.*)
 .binary_info.keep.__bi_ptr22
                0x000000001000c0a8        0x4 CMakeFiles/epd.dir/home/keith/pico/pico-sdk/src/rp2_common/pico_standard_link/binary_info.c.obj
 .binary_info.keep.__bi_ptr30
                0x000000001000c0ac        0x4 CMakeFiles/epd.dir/home/keith/pico/pico-sdk/src/rp2_common/pico_standard_link/binary_info.c.obj
 .binary_info.keep.__bi_ptr38
                0x000000001000c0b0        0x4 CMakeFiles/epd.dir/home/keith/pico/pico-sdk/src/rp2_common/pico_standard_link/binary_info.c.obj
 .binary_info.keep.__bi_ptr44
                0x000000001000c0b4        0x4 CMakeFiles/epd.dir/home/keith/pico/pico-sdk/src/rp2_common/pico_standard_link/binary_info.c.obj
 .binary_info.keep.__bi_ptr50
                0x000000001000c0b8        0x4 CMakeFiles/epd.dir/home/keith/pico/pico-sdk/src/rp2_common/pico_standard_link/binary_info.c.obj
 .binary_info.keep.__bi_ptr75
                0x000000001000c0bc        0x4 CMakeFiles/epd.dir/home/keith/pico/pico-sdk/src/rp2_common/pico_standard_link/binary_info.c.obj
 .binary_info.keep.__bi_ptr81
                0x000000001000c0c0        0x4 CMakeFiles/epd.dir/home/keith/pico/pico-sdk/src/rp2_common/pico_standard_link/binary_info.c.obj
 *(.binary_info.*)
 .binary_info.__bi_ptr93
                0x000000001000c0c4        0x4 CMakeFiles/epd.dir/home/keith/pico/pico-sdk/src/rp2_common/pico_stdio_usb/stdio_usb.c.obj
                0x000000001000c0c8                __binary_info_end = .
                0x000000001000c0c8                . = ALIGN (0x4)
                0x000000001000c0c8                __etext = .

.ram_vector_table
                0x0000000020000000       0xc0
 *(.ram_vector_table)
 .ram_vector_table
                0x0000000020000000       0xc0 CMakeFiles/epd.dir/home/keith/pico/pico-sdk/src/rp2_common/pico_runtime/runtime.c.obj
                0x0000000020000000                ram_vector_table

.data           0x00000000200000c0      0xb34 load address 0x000000001000c0c8
                0x00000000200000c0                __data_start__ = .
 *(vtable)
 *(.time_critical*)
 .time_critical.mutex_enter_blocking
                0x00000000200000c0       0x4c CMakeFiles/epd.dir/home/keith/pico/pico-sdk/src/common/pico_sync/mutex.c.obj
                0x00000000200000c0                mutex_enter_blocking
 .time_critical.mutex_try_enter
                0x000000002000010c       0x48 CMakeFiles/epd.dir/home/keith/pico/pico-sdk/src/common/pico_sync/mutex.c.obj
                0x000000002000010c                mutex_try_enter
 .time_critical.mutex_enter_timeout_ms
                0x0000000020000154       0x98 CMakeFiles/epd.dir/home/keith/pico/pico-sdk/src/common/pico_sync/mutex.c.obj
                0x0000000020000154                mutex_enter_timeout_ms
 .time_critical.mutex_exit
                0x00000000200001ec       0x28 CMakeFiles/epd.dir/home/keith/pico/pico-sdk/src/common/pico_sync/mutex.c.obj
                0x00000000200001ec                mutex_exit
 .time_critical.spi_write_blocking
                0x0000000020000214       0x4c CMakeFiles/epd.dir/home/keith/pico/pico-sdk/src/rp2_common/hardware_spi/spi.c.obj
                0x0000000020000214                spi_write_blocking
 *(.text*)
 .text          0x0000000020000260        0x4 /usr/lib/gcc/arm-none-eabi/9.2.1/thumb/v6-m/nofp/libgcc.a(_dvmd_tls.o)
                0x0000000020000260                __aeabi_ldiv0
                0x0000000020000260                __aeabi_idiv0
 *fill*         0x0000000020000264        0x4 
 .text.__stub   0x0000000020000268       0x30 linker stubs
                0x0000000020000298                . = ALIGN (0x4)
 *(.rodata*)
                0x0000000020000298                . = ALIGN (0x4)
 *(.data*)
 .data.striped_spin_lock_num
                0x0000000020000298        0x1 CMakeFiles/epd.dir/home/keith/pico/pico-sdk/src/rp2_common/hardware_sync/sync.c.obj
 *fill*         0x0000000020000299        0x3 
 .data.default_alarm_pool
                0x000000002000029c       0x18 CMakeFiles/epd.dir/home/keith/pico/pico-sdk/src/common/pico_time/time.c.obj
 .data.default_alarm_pool_heap
                0x00000000200002b4       0x10 CMakeFiles/epd.dir/home/keith/pico/pico-sdk/src/common/pico_time/time.c.obj
 .data          0x00000000200002c4       0x48 CMakeFiles/epd.dir/home/keith/pico/pico-sdk/src/rp2_common/hardware_irq/irq_handler_chain.S.obj
                0x00000000200002c4                irq_handler_chain_slots
                0x00000000200002f4                irq_handler_chain_first_slot
                0x00000000200002fe                irq_handler_chain_remove_tail
 *fill*         0x000000002000030c        0x4 
 .data.aeabi_bits_funcs
                0x0000000020000310       0x10 CMakeFiles/epd.dir/home/keith/pico/pico-sdk/src/rp2_common/pico_bit_ops/bit_ops_aeabi.S.obj
                0x0000000020000310                aeabi_bits_funcs
                0x0000000020000320                aeabi_bits_funcs_end
 .data.aeabi_mem_funcs
                0x0000000020000320       0x10 CMakeFiles/epd.dir/home/keith/pico/pico-sdk/src/rp2_common/pico_mem_ops/mem_ops_aeabi.S.obj
                0x0000000020000320                aeabi_mem_funcs
                0x0000000020000330                aeabi_mem_funcs_end
 .data.stdio_usb
                0x0000000020000330       0x14 CMakeFiles/epd.dir/home/keith/pico/pico-sdk/src/rp2_common/pico_stdio_usb/stdio_usb.c.obj
                0x0000000020000330                stdio_usb
 .data.ep_dir_string
                0x0000000020000344        0x8 CMakeFiles/epd.dir/home/keith/pico/pico-sdk/lib/tinyusb/src/portable/raspberrypi/rp2040/rp2040_usb.c.obj
                0x0000000020000344                ep_dir_string
 .data._usbd_qdef
                0x000000002000034c       0x20 CMakeFiles/epd.dir/home/keith/pico/pico-sdk/lib/tinyusb/src/device/usbd.c.obj
                0x000000002000034c                _usbd_qdef
 .data          0x000000002000036c        0x8 lib/Fonts/libFonts.a(font12.c.obj)
                0x000000002000036c                Font12
 .data          0x0000000020000374        0xc lib/Fonts/libFonts.a(font12CN.c.obj)
                0x0000000020000374                Font12CN
 .data          0x0000000020000380        0x8 lib/Fonts/libFonts.a(font16.c.obj)
                0x0000000020000380                Font16
 .data          0x0000000020000388        0xc lib/Fonts/libFonts.a(font24CN.c.obj)
                0x0000000020000388                Font24CN
 *fill*         0x0000000020000394        0x4 
 .data          0x0000000020000398      0x430 /usr/lib/gcc/arm-none-eabi/9.2.1/../../../arm-none-eabi/lib/thumb/v6-m/nofp/libc.a(lib_a-impure.o)
                0x0000000020000398                _impure_ptr
 .data          0x00000000200007c8      0x410 /usr/lib/gcc/arm-none-eabi/9.2.1/../../../arm-none-eabi/lib/thumb/v6-m/nofp/libc.a(lib_a-mallocr.o)
                0x00000000200007c8                __malloc_sbrk_base
                0x00000000200007cc                __malloc_trim_threshold
                0x00000000200007d0                __malloc_av_
                0x0000000020000bd8                . = ALIGN (0x4)
 *(.after_data.*)
                0x0000000020000bd8                . = ALIGN (0x4)
                0x0000000020000bd8                PROVIDE (__mutex_array_start = .)
 *(SORT_BY_NAME(.mutex_array.*))
 *(.mutex_array)
 .mutex_array   0x0000000020000bd8        0x8 CMakeFiles/epd.dir/home/keith/pico/pico-sdk/src/rp2_common/pico_stdio/stdio.c.obj
                0x0000000020000be0                PROVIDE (__mutex_array_end = .)
                0x0000000020000be0                . = ALIGN (0x4)
                0x0000000020000be0                PROVIDE (__preinit_array_start = .)
 *(SORT_BY_NAME(.preinit_array.*))
 .preinit_array.00001
                0x0000000020000be0        0x4 CMakeFiles/epd.dir/home/keith/pico/pico-sdk/src/rp2_common/pico_mem_ops/mem_ops_aeabi.S.obj
 .preinit_array.00010
                0x0000000020000be4        0x4 CMakeFiles/epd.dir/home/keith/pico/pico-sdk/src/rp2_common/pico_bit_ops/bit_ops_aeabi.S.obj
 .preinit_array.00020
                0x0000000020000be8        0x4 CMakeFiles/epd.dir/home/keith/pico/pico-sdk/src/rp2_common/pico_double/double_aeabi.S.obj
 .preinit_array.00020
                0x0000000020000bec        0x4 CMakeFiles/epd.dir/home/keith/pico/pico-sdk/src/rp2_common/pico_float/float_aeabi.S.obj
 *(.preinit_array)
                0x0000000020000bf0                PROVIDE (__preinit_array_end = .)
                0x0000000020000bf0                . = ALIGN (0x4)
                0x0000000020000bf0                PROVIDE (__init_array_start = .)
 *(SORT_BY_NAME(.init_array.*))
 *(.init_array)
 .init_array    0x0000000020000bf0        0x4 /usr/lib/gcc/arm-none-eabi/9.2.1/thumb/v6-m/nofp/crtbegin.o
                0x0000000020000bf4                PROVIDE (__init_array_end = .)
                0x0000000020000bf4                . = ALIGN (0x4)
                0x0000000020000bf4                PROVIDE (__fini_array_start = .)
 *(SORT_BY_NAME(.fini_array.*))
 *(.fini_array)
                0x0000000020000bf4                PROVIDE (__fini_array_end = .)
 *(.jcr)
                0x0000000020000bf4                . = ALIGN (0x4)
                0x0000000020000bf4                __data_end__ = .

.tm_clone_table
                0x0000000020000bf4        0x0 load address 0x000000001000cbfc
 .tm_clone_table
                0x0000000020000bf4        0x0 /usr/lib/gcc/arm-none-eabi/9.2.1/thumb/v6-m/nofp/crtbegin.o
 .tm_clone_table
                0x0000000020000bf4        0x0 /usr/lib/gcc/arm-none-eabi/9.2.1/thumb/v6-m/nofp/crtend.o

.igot.plt       0x0000000020000bf4        0x0 load address 0x000000001000cbfc
 .igot.plt      0x0000000020000bf4        0x0 /usr/lib/gcc/arm-none-eabi/9.2.1/thumb/v6-m/nofp/crtbegin.o

.uninitialized_data
                0x0000000020000bf4        0x0 load address 0x000000001000cbfc
                0x0000000020000bf4                . = ALIGN (0x4)
 *(.uninitialized_data*)

.scratch_x      0x0000000020040000        0x0 load address 0x000000001000cbfc
                0x0000000020040000                __scratch_x_start__ = .
 *(.scratch_x.*)
                0x0000000020040000                . = ALIGN (0x4)
                0x0000000020040000                __scratch_x_end__ = .
                0x000000001000cbfc                __scratch_x_source__ = LOADADDR (.scratch_x)

.scratch_y      0x0000000020041000        0x0 load address 0x000000001000cbfc
                0x0000000020041000                __scratch_y_start__ = .
 *(.scratch_y.*)
                0x0000000020041000                . = ALIGN (0x4)
                0x0000000020041000                __scratch_y_end__ = .
                0x000000001000cbfc                __scratch_y_source__ = LOADADDR (.scratch_y)

.bss            0x0000000020000bf8      0xf2c
                0x0000000020000bf8                . = ALIGN (0x4)
                0x0000000020000bf8                __bss_start__ = .
 *(SORT_BY_ALIGNMENT(SORT_BY_NAME(.bss*)))
 .bss.default_alarm_pool_entries
                0x0000000020000bf8      0x100 CMakeFiles/epd.dir/home/keith/pico/pico-sdk/src/common/pico_time/time.c.obj
 .bss.last_avail_time.6997
                0x0000000020000cf8        0x8 CMakeFiles/epd.dir/home/keith/pico/pico-sdk/src/rp2_common/pico_stdio_usb/stdio_usb.c.obj
 .bss           0x0000000020000d00       0x1c /usr/lib/gcc/arm-none-eabi/9.2.1/thumb/v6-m/nofp/crtbegin.o
 .bss           0x0000000020000d1c       0x34 /usr/lib/gcc/arm-none-eabi/9.2.1/../../../arm-none-eabi/lib/thumb/v6-m/nofp/libc.a(lib_a-mallocr.o)
                0x0000000020000d1c                __malloc_top_pad
                0x0000000020000d20                __malloc_current_mallinfo
                0x0000000020000d48                __malloc_max_sbrked_mem
                0x0000000020000d4c                __malloc_max_total_mem
 .bss._app_driver
                0x0000000020000d50        0x4 CMakeFiles/epd.dir/home/keith/pico/pico-sdk/lib/tinyusb/src/device/usbd.c.obj
 .bss._cdcd_itf
                0x0000000020000d54      0x2d0 CMakeFiles/epd.dir/home/keith/pico/pico-sdk/lib/tinyusb/src/class/cdc/cdc_device.c.obj
 .bss._ctrl_xfer
                0x0000000020001024       0x14 CMakeFiles/epd.dir/home/keith/pico/pico-sdk/lib/tinyusb/src/device/usbd_control.c.obj
 .bss._ubsd_mutexdef
                0x0000000020001038        0x8 CMakeFiles/epd.dir/home/keith/pico/pico-sdk/lib/tinyusb/src/device/usbd.c.obj
 .bss._usbd_ctrl_buf
                0x0000000020001040       0x40 CMakeFiles/epd.dir/home/keith/pico/pico-sdk/lib/tinyusb/src/device/usbd_control.c.obj
 .bss._usbd_dev
                0x0000000020001080       0x37 CMakeFiles/epd.dir/home/keith/pico/pico-sdk/lib/tinyusb/src/device/usbd.c.obj
 *fill*         0x00000000200010b7        0x1 
 .bss._usbd_mutex
                0x00000000200010b8        0x4 CMakeFiles/epd.dir/home/keith/pico/pico-sdk/lib/tinyusb/src/device/usbd.c.obj
 .bss._usbd_q   0x00000000200010bc        0x4 CMakeFiles/epd.dir/home/keith/pico/pico-sdk/lib/tinyusb/src/device/usbd.c.obj
 .bss.alarm_callbacks
                0x00000000200010c0       0x10 CMakeFiles/epd.dir/home/keith/pico/pico-sdk/src/rp2_common/hardware_timer/timer.c.obj
 .bss.claimed   0x00000000200010d0        0x4 CMakeFiles/epd.dir/home/keith/pico/pico-sdk/src/rp2_common/hardware_sync/sync.c.obj
 .bss.configured_freq
                0x00000000200010d4       0x28 CMakeFiles/epd.dir/home/keith/pico/pico-sdk/src/rp2_common/hardware_clocks/clocks.c.obj
 .bss.default_alarm_pool_entry_ids_high
                0x00000000200010fc       0x10 CMakeFiles/epd.dir/home/keith/pico/pico-sdk/src/common/pico_time/time.c.obj
 .bss.default_alarm_pool_heap_nodes
                0x000000002000110c       0x30 CMakeFiles/epd.dir/home/keith/pico/pico-sdk/src/common/pico_time/time.c.obj
 .bss.desc_str.6892
                0x000000002000113c       0x28 CMakeFiles/epd.dir/home/keith/pico/pico-sdk/src/rp2_common/pico_stdio_usb/stdio_usb_descriptors.c.obj
 .bss.drivers   0x0000000020001164        0x4 CMakeFiles/epd.dir/home/keith/pico/pico-sdk/src/rp2_common/pico_stdio/stdio.c.obj
 .bss.filter    0x0000000020001168        0x4 CMakeFiles/epd.dir/home/keith/pico/pico-sdk/src/rp2_common/pico_stdio/stdio.c.obj
 .bss.heap_end.5799
                0x000000002000116c        0x4 CMakeFiles/epd.dir/home/keith/pico/pico-sdk/src/rp2_common/pico_runtime/runtime.c.obj
 .bss.hw_endpoints
                0x0000000020001170      0x680 CMakeFiles/epd.dir/home/keith/pico/pico-sdk/lib/tinyusb/src/portable/raspberrypi/rp2040/dcd_rp2040.c.obj
 .bss.lazy_vsnprintf
                0x00000000200017f0        0x4 CMakeFiles/epd.dir/home/keith/pico/pico-sdk/src/rp2_common/pico_printf/printf.c.obj
 .bss.load_value
                0x00000000200017f4        0x4 CMakeFiles/epd.dir/home/keith/pico/pico-sdk/src/rp2_common/hardware_watchdog/watchdog.c.obj
 .bss.next_buffer_ptr
                0x00000000200017f8        0x4 CMakeFiles/epd.dir/home/keith/pico/pico-sdk/lib/tinyusb/src/portable/raspberrypi/rp2040/dcd_rp2040.c.obj
 .bss.pools     0x00000000200017fc       0x10 CMakeFiles/epd.dir/home/keith/pico/pico-sdk/src/common/pico_time/time.c.obj
 .bss.stdio_usb_mutex
                0x000000002000180c        0x8 CMakeFiles/epd.dir/home/keith/pico/pico-sdk/src/rp2_common/pico_stdio_usb/stdio_usb.c.obj
 .bss.target_hi
                0x0000000020001814       0x10 CMakeFiles/epd.dir/home/keith/pico/pico-sdk/src/rp2_common/hardware_timer/timer.c.obj
 .bss._app_driver_count
                0x0000000020001824        0x1 CMakeFiles/epd.dir/home/keith/pico/pico-sdk/lib/tinyusb/src/device/usbd.c.obj
 .bss._initialized
                0x0000000020001825        0x1 CMakeFiles/epd.dir/home/keith/pico/pico-sdk/lib/tinyusb/src/tusb.c.obj
 .bss.assigned_address
                0x0000000020001826        0x1 CMakeFiles/epd.dir/home/keith/pico/pico-sdk/lib/tinyusb/src/portable/raspberrypi/rp2040/dcd_rp2040.c.obj
 .bss.claimed   0x0000000020001827        0x1 CMakeFiles/epd.dir/home/keith/pico/pico-sdk/src/rp2_common/hardware_timer/timer.c.obj
 .bss.irq_hander_chain_free_slot_head
                0x0000000020001828        0x1 CMakeFiles/epd.dir/home/keith/pico/pico-sdk/src/rp2_common/hardware_irq/irq.c.obj
 .bss.itf_num   0x0000000020001829        0x1 CMakeFiles/epd.dir/home/keith/pico/pico-sdk/src/rp2_common/pico_stdio_usb/reset_interface.c.obj
 .bss.timer_callbacks_pending
                0x000000002000182a        0x1 CMakeFiles/epd.dir/home/keith/pico/pico-sdk/src/rp2_common/hardware_timer/timer.c.obj
 *(COMMON)
 *fill*         0x000000002000182b        0x1 
 COMMON         0x000000002000182c      0x100 CMakeFiles/epd.dir/home/keith/pico/pico-sdk/src/rp2_common/pico_double/double_init_rom.c.obj
                0x000000002000182c                sd_table
 COMMON         0x000000002000192c      0x104 CMakeFiles/epd.dir/home/keith/pico/pico-sdk/src/rp2_common/pico_float/float_init_rom.c.obj
                0x000000002000192c                sf_table
                0x0000000020001a2c                sf_clz_func
 COMMON         0x0000000020001a30       0xc0 CMakeFiles/epd.dir/home/keith/pico/pico-sdk/lib/tinyusb/src/device/usbd.c.obj
                0x0000000020001a30                _usbd_qdef_buf
 COMMON         0x0000000020001af0       0x18 lib/GUI/libGUI.a(GUI_Paint.c.obj)
                0x0000000020001af0                Paint
 COMMON         0x0000000020001b08       0x18 lib/Config/libConfig.a(DEV_Config.c.obj)
                0x0000000020001b08                EPD_BUSY_PIN
                0x0000000020001b0c                EPD_MOSI_PIN
                0x0000000020001b10                EPD_CLK_PIN
                0x0000000020001b14                EPD_RST_PIN
                0x0000000020001b18                EPD_CS_PIN
                0x0000000020001b1c                EPD_DC_PIN
 COMMON         0x0000000020001b20        0x4 /usr/lib/gcc/arm-none-eabi/9.2.1/../../../arm-none-eabi/lib/thumb/v6-m/nofp/libc.a(lib_a-reent.o)
                0x0000000020001b20                errno
                0x0000000020001b24                . = ALIGN (0x4)
                0x0000000020001b24                __bss_end__ = .

.heap           0x0000000020001b24      0x800
                0x0000000020001b24                __end__ = .
                0x0000000020001b24                end = __end__
 *(.heap*)
 .heap          0x0000000020001b24      0x800 CMakeFiles/epd.dir/home/keith/pico/pico-sdk/src/rp2_common/pico_standard_link/crt0.S.obj
                0x0000000020002324                __HeapLimit = .

.stack1_dummy   0x0000000020040000        0x0
 *(.stack1*)

.stack_dummy    0x0000000020041000      0x800
 *(.stack*)
 .stack         0x0000000020041000      0x800 CMakeFiles/epd.dir/home/keith/pico/pico-sdk/src/rp2_common/pico_standard_link/crt0.S.obj

.flash_end      0x000000001000cbfc        0x0
                0x000000001000cbfc                __flash_binary_end = .
                0x0000000020040000                __StackLimit = (ORIGIN (RAM) + LENGTH (RAM))
                0x0000000020041000                __StackOneTop = (ORIGIN (SCRATCH_X) + LENGTH (SCRATCH_X))
                0x0000000020042000                __StackTop = (ORIGIN (SCRATCH_Y) + LENGTH (SCRATCH_Y))
                0x0000000020041000                __StackOneBottom = (__StackOneTop - SIZEOF (.stack1_dummy))
                0x0000000020041800                __StackBottom = (__StackTop - SIZEOF (.stack_dummy))
                0x0000000020042000                PROVIDE (__stack = __StackTop)
                0x0000000000000001                ASSERT ((__StackLimit >= __HeapLimit), region RAM overflowed)
                0x0000000000000001                ASSERT (((__binary_info_header_end - __logical_binary_start) <= 0x100), Binary info must be in first 256 bytes of the binary)
LOAD CMakeFiles/epd.dir/main.c.obj
LOAD CMakeFiles/epd.dir/home/keith/pico/pico-sdk/src/rp2_common/pico_stdlib/stdlib.c.obj
LOAD CMakeFiles/epd.dir/home/keith/pico/pico-sdk/src/rp2_common/hardware_gpio/gpio.c.obj
LOAD CMakeFiles/epd.dir/home/keith/pico/pico-sdk/src/rp2_common/hardware_claim/claim.c.obj
LOAD CMakeFiles/epd.dir/home/keith/pico/pico-sdk/src/rp2_common/hardware_sync/sync.c.obj
LOAD CMakeFiles/epd.dir/home/keith/pico/pico-sdk/src/rp2_common/pico_platform/platform.c.obj
LOAD CMakeFiles/epd.dir/home/keith/pico/pico-sdk/src/rp2_common/hardware_uart/uart.c.obj
LOAD CMakeFiles/epd.dir/home/keith/pico/pico-sdk/src/rp2_common/hardware_divider/divider.S.obj
LOAD CMakeFiles/epd.dir/home/keith/pico/pico-sdk/src/common/pico_time/time.c.obj
LOAD CMakeFiles/epd.dir/home/keith/pico/pico-sdk/src/common/pico_time/timeout_helper.c.obj
LOAD CMakeFiles/epd.dir/home/keith/pico/pico-sdk/src/rp2_common/hardware_timer/timer.c.obj
LOAD CMakeFiles/epd.dir/home/keith/pico/pico-sdk/src/common/pico_sync/sem.c.obj
LOAD CMakeFiles/epd.dir/home/keith/pico/pico-sdk/src/common/pico_sync/lock_core.c.obj
LOAD CMakeFiles/epd.dir/home/keith/pico/pico-sdk/src/common/pico_sync/mutex.c.obj
LOAD CMakeFiles/epd.dir/home/keith/pico/pico-sdk/src/common/pico_sync/critical_section.c.obj
LOAD CMakeFiles/epd.dir/home/keith/pico/pico-sdk/src/common/pico_util/datetime.c.obj
LOAD CMakeFiles/epd.dir/home/keith/pico/pico-sdk/src/common/pico_util/pheap.c.obj
LOAD CMakeFiles/epd.dir/home/keith/pico/pico-sdk/src/common/pico_util/queue.c.obj
LOAD CMakeFiles/epd.dir/home/keith/pico/pico-sdk/src/rp2_common/pico_runtime/runtime.c.obj
LOAD CMakeFiles/epd.dir/home/keith/pico/pico-sdk/src/rp2_common/hardware_clocks/clocks.c.obj
LOAD CMakeFiles/epd.dir/home/keith/pico/pico-sdk/src/rp2_common/hardware_watchdog/watchdog.c.obj
LOAD CMakeFiles/epd.dir/home/keith/pico/pico-sdk/src/rp2_common/hardware_xosc/xosc.c.obj
LOAD CMakeFiles/epd.dir/home/keith/pico/pico-sdk/src/rp2_common/hardware_pll/pll.c.obj
LOAD CMakeFiles/epd.dir/home/keith/pico/pico-sdk/src/rp2_common/hardware_vreg/vreg.c.obj
LOAD CMakeFiles/epd.dir/home/keith/pico/pico-sdk/src/rp2_common/hardware_irq/irq.c.obj
LOAD CMakeFiles/epd.dir/home/keith/pico/pico-sdk/src/rp2_common/hardware_irq/irq_handler_chain.S.obj
LOAD CMakeFiles/epd.dir/home/keith/pico/pico-sdk/src/rp2_common/pico_printf/printf.c.obj
LOAD CMakeFiles/epd.dir/home/keith/pico/pico-sdk/src/rp2_common/pico_bit_ops/bit_ops_aeabi.S.obj
LOAD CMakeFiles/epd.dir/home/keith/pico/pico-sdk/src/rp2_common/pico_bootrom/bootrom.c.obj
LOAD CMakeFiles/epd.dir/home/keith/pico/pico-sdk/src/rp2_common/pico_divider/divider.S.obj
LOAD CMakeFiles/epd.dir/home/keith/pico/pico-sdk/src/rp2_common/pico_double/double_aeabi.S.obj
LOAD CMakeFiles/epd.dir/home/keith/pico/pico-sdk/src/rp2_common/pico_double/double_init_rom.c.obj
LOAD CMakeFiles/epd.dir/home/keith/pico/pico-sdk/src/rp2_common/pico_double/double_math.c.obj
LOAD CMakeFiles/epd.dir/home/keith/pico/pico-sdk/src/rp2_common/pico_double/double_v1_rom_shim.S.obj
LOAD CMakeFiles/epd.dir/home/keith/pico/pico-sdk/src/rp2_common/pico_int64_ops/pico_int64_ops_aeabi.S.obj
LOAD CMakeFiles/epd.dir/home/keith/pico/pico-sdk/src/rp2_common/pico_float/float_aeabi.S.obj
LOAD CMakeFiles/epd.dir/home/keith/pico/pico-sdk/src/rp2_common/pico_float/float_init_rom.c.obj
LOAD CMakeFiles/epd.dir/home/keith/pico/pico-sdk/src/rp2_common/pico_float/float_math.c.obj
LOAD CMakeFiles/epd.dir/home/keith/pico/pico-sdk/src/rp2_common/pico_float/float_v1_rom_shim.S.obj
LOAD CMakeFiles/epd.dir/home/keith/pico/pico-sdk/src/rp2_common/pico_malloc/pico_malloc.c.obj
LOAD CMakeFiles/epd.dir/home/keith/pico/pico-sdk/src/rp2_common/pico_mem_ops/mem_ops_aeabi.S.obj
LOAD CMakeFiles/epd.dir/home/keith/pico/pico-sdk/src/rp2_common/pico_standard_link/crt0.S.obj
LOAD CMakeFiles/epd.dir/home/keith/pico/pico-sdk/src/rp2_common/pico_standard_link/new_delete.cpp.obj
LOAD CMakeFiles/epd.dir/home/keith/pico/pico-sdk/src/rp2_common/pico_standard_link/binary_info.c.obj
LOAD CMakeFiles/epd.dir/home/keith/pico/pico-sdk/src/rp2_common/pico_stdio/stdio.c.obj
LOAD CMakeFiles/epd.dir/home/keith/pico/pico-sdk/src/rp2_common/pico_stdio_usb/reset_interface.c.obj
LOAD CMakeFiles/epd.dir/home/keith/pico/pico-sdk/src/rp2_common/pico_stdio_usb/stdio_usb.c.obj
LOAD CMakeFiles/epd.dir/home/keith/pico/pico-sdk/src/rp2_common/pico_stdio_usb/stdio_usb_descriptors.c.obj
LOAD CMakeFiles/epd.dir/home/keith/pico/pico-sdk/lib/tinyusb/src/portable/raspberrypi/rp2040/dcd_rp2040.c.obj
LOAD CMakeFiles/epd.dir/home/keith/pico/pico-sdk/lib/tinyusb/src/portable/raspberrypi/rp2040/rp2040_usb.c.obj
LOAD CMakeFiles/epd.dir/home/keith/pico/pico-sdk/lib/tinyusb/src/device/usbd.c.obj
LOAD CMakeFiles/epd.dir/home/keith/pico/pico-sdk/lib/tinyusb/src/device/usbd_control.c.obj
LOAD CMakeFiles/epd.dir/home/keith/pico/pico-sdk/lib/tinyusb/src/class/audio/audio_device.c.obj
LOAD CMakeFiles/epd.dir/home/keith/pico/pico-sdk/lib/tinyusb/src/class/cdc/cdc_device.c.obj
LOAD CMakeFiles/epd.dir/home/keith/pico/pico-sdk/lib/tinyusb/src/class/dfu/dfu_rt_device.c.obj
LOAD CMakeFiles/epd.dir/home/keith/pico/pico-sdk/lib/tinyusb/src/class/hid/hid_device.c.obj
LOAD CMakeFiles/epd.dir/home/keith/pico/pico-sdk/lib/tinyusb/src/class/midi/midi_device.c.obj
LOAD CMakeFiles/epd.dir/home/keith/pico/pico-sdk/lib/tinyusb/src/class/msc/msc_device.c.obj
LOAD CMakeFiles/epd.dir/home/keith/pico/pico-sdk/lib/tinyusb/src/class/net/net_device.c.obj
LOAD CMakeFiles/epd.dir/home/keith/pico/pico-sdk/lib/tinyusb/src/class/usbtmc/usbtmc_device.c.obj
LOAD CMakeFiles/epd.dir/home/keith/pico/pico-sdk/lib/tinyusb/src/class/vendor/vendor_device.c.obj
LOAD CMakeFiles/epd.dir/home/keith/pico/pico-sdk/lib/tinyusb/src/tusb.c.obj
LOAD CMakeFiles/epd.dir/home/keith/pico/pico-sdk/lib/tinyusb/src/common/tusb_fifo.c.obj
LOAD CMakeFiles/epd.dir/home/keith/pico/pico-sdk/src/rp2_common/pico_fix/rp2040_usb_device_enumeration/rp2040_usb_device_enumeration.c.obj
LOAD CMakeFiles/epd.dir/home/keith/pico/pico-sdk/src/rp2_common/hardware_spi/spi.c.obj
LOAD examples/libexamples.a
LOAD lib/e-Paper/libePaper.a
LOAD lib/GUI/libGUI.a
LOAD lib/Fonts/libFonts.a
LOAD lib/Config/libConfig.a
LOAD /tmp/ccXSgFWp.o
LOAD /usr/lib/gcc/arm-none-eabi/9.2.1/../../../arm-none-eabi/lib/thumb/v6-m/nofp/libstdc++.a
LOAD /usr/lib/gcc/arm-none-eabi/9.2.1/../../../arm-none-eabi/lib/thumb/v6-m/nofp/libm.a
START GROUP
LOAD /usr/lib/gcc/arm-none-eabi/9.2.1/thumb/v6-m/nofp/libgcc.a
LOAD /usr/lib/gcc/arm-none-eabi/9.2.1/../../../arm-none-eabi/lib/thumb/v6-m/nofp/libc.a
END GROUP
START GROUP
LOAD /usr/lib/gcc/arm-none-eabi/9.2.1/thumb/v6-m/nofp/libgcc.a
LOAD /usr/lib/gcc/arm-none-eabi/9.2.1/../../../arm-none-eabi/lib/thumb/v6-m/nofp/libc.a
LOAD /usr/lib/gcc/arm-none-eabi/9.2.1/../../../arm-none-eabi/lib/thumb/v6-m/nofp/libnosys.a
END GROUP
LOAD /usr/lib/gcc/arm-none-eabi/9.2.1/thumb/v6-m/nofp/crtend.o
LOAD /usr/lib/gcc/arm-none-eabi/9.2.1/thumb/v6-m/nofp/crtn.o
OUTPUT(epd.elf elf32-littlearm)
LOAD linker stubs

.ARM.attributes
                0x0000000000000000       0x28
 .ARM.attributes
                0x0000000000000000       0x1e /usr/lib/gcc/arm-none-eabi/9.2.1/thumb/v6-m/nofp/crti.o
 .ARM.attributes
                0x000000000000001e       0x2c /usr/lib/gcc/arm-none-eabi/9.2.1/thumb/v6-m/nofp/crtbegin.o
 .ARM.attributes
                0x000000000000004a       0x2c CMakeFiles/epd.dir/main.c.obj
 .ARM.attributes
                0x0000000000000076       0x2c CMakeFiles/epd.dir/home/keith/pico/pico-sdk/src/rp2_common/hardware_gpio/gpio.c.obj
 .ARM.attributes
                0x00000000000000a2       0x2c CMakeFiles/epd.dir/home/keith/pico/pico-sdk/src/rp2_common/hardware_claim/claim.c.obj
 .ARM.attributes
                0x00000000000000ce       0x2c CMakeFiles/epd.dir/home/keith/pico/pico-sdk/src/rp2_common/hardware_sync/sync.c.obj
 .ARM.attributes
                0x00000000000000fa       0x2c CMakeFiles/epd.dir/home/keith/pico/pico-sdk/src/rp2_common/pico_platform/platform.c.obj
 .ARM.attributes
                0x0000000000000126       0x2c CMakeFiles/epd.dir/home/keith/pico/pico-sdk/src/common/pico_time/time.c.obj
 .ARM.attributes
                0x0000000000000152       0x2c CMakeFiles/epd.dir/home/keith/pico/pico-sdk/src/rp2_common/hardware_timer/timer.c.obj
 .ARM.attributes
                0x000000000000017e       0x2c CMakeFiles/epd.dir/home/keith/pico/pico-sdk/src/common/pico_sync/lock_core.c.obj
 .ARM.attributes
                0x00000000000001aa       0x2c CMakeFiles/epd.dir/home/keith/pico/pico-sdk/src/common/pico_sync/mutex.c.obj
 .ARM.attributes
                0x00000000000001d6       0x2c CMakeFiles/epd.dir/home/keith/pico/pico-sdk/src/common/pico_sync/critical_section.c.obj
 .ARM.attributes
                0x0000000000000202       0x2c CMakeFiles/epd.dir/home/keith/pico/pico-sdk/src/common/pico_util/pheap.c.obj
 .ARM.attributes
                0x000000000000022e       0x2c CMakeFiles/epd.dir/home/keith/pico/pico-sdk/src/rp2_common/pico_runtime/runtime.c.obj
 .ARM.attributes
                0x000000000000025a       0x2c CMakeFiles/epd.dir/home/keith/pico/pico-sdk/src/rp2_common/hardware_clocks/clocks.c.obj
 .ARM.attributes
                0x0000000000000286       0x2c CMakeFiles/epd.dir/home/keith/pico/pico-sdk/src/rp2_common/hardware_watchdog/watchdog.c.obj
 .ARM.attributes
                0x00000000000002b2       0x2c CMakeFiles/epd.dir/home/keith/pico/pico-sdk/src/rp2_common/hardware_xosc/xosc.c.obj
 .ARM.attributes
                0x00000000000002de       0x2c CMakeFiles/epd.dir/home/keith/pico/pico-sdk/src/rp2_common/hardware_pll/pll.c.obj
 .ARM.attributes
                0x000000000000030a       0x2c CMakeFiles/epd.dir/home/keith/pico/pico-sdk/src/rp2_common/hardware_irq/irq.c.obj
 .ARM.attributes
                0x0000000000000336       0x22 CMakeFiles/epd.dir/home/keith/pico/pico-sdk/src/rp2_common/hardware_irq/irq_handler_chain.S.obj
 .ARM.attributes
                0x0000000000000358       0x2c CMakeFiles/epd.dir/home/keith/pico/pico-sdk/src/rp2_common/pico_printf/printf.c.obj
 .ARM.attributes
                0x0000000000000384       0x22 CMakeFiles/epd.dir/home/keith/pico/pico-sdk/src/rp2_common/pico_bit_ops/bit_ops_aeabi.S.obj
 .ARM.attributes
                0x00000000000003a6       0x2c CMakeFiles/epd.dir/home/keith/pico/pico-sdk/src/rp2_common/pico_bootrom/bootrom.c.obj
 .ARM.attributes
                0x00000000000003d2       0x22 CMakeFiles/epd.dir/home/keith/pico/pico-sdk/src/rp2_common/pico_divider/divider.S.obj
 .ARM.attributes
                0x00000000000003f4       0x22 CMakeFiles/epd.dir/home/keith/pico/pico-sdk/src/rp2_common/pico_double/double_aeabi.S.obj
 .ARM.attributes
                0x0000000000000416       0x2c CMakeFiles/epd.dir/home/keith/pico/pico-sdk/src/rp2_common/pico_double/double_init_rom.c.obj
 .ARM.attributes
                0x0000000000000442       0x22 CMakeFiles/epd.dir/home/keith/pico/pico-sdk/src/rp2_common/pico_double/double_v1_rom_shim.S.obj
 .ARM.attributes
                0x0000000000000464       0x22 CMakeFiles/epd.dir/home/keith/pico/pico-sdk/src/rp2_common/pico_int64_ops/pico_int64_ops_aeabi.S.obj
 .ARM.attributes
                0x0000000000000486       0x22 CMakeFiles/epd.dir/home/keith/pico/pico-sdk/src/rp2_common/pico_float/float_aeabi.S.obj
 .ARM.attributes
                0x00000000000004a8       0x2c CMakeFiles/epd.dir/home/keith/pico/pico-sdk/src/rp2_common/pico_float/float_init_rom.c.obj
 .ARM.attributes
                0x00000000000004d4       0x22 CMakeFiles/epd.dir/home/keith/pico/pico-sdk/src/rp2_common/pico_float/float_v1_rom_shim.S.obj
 .ARM.attributes
                0x00000000000004f6       0x2c CMakeFiles/epd.dir/home/keith/pico/pico-sdk/src/rp2_common/pico_malloc/pico_malloc.c.obj
 .ARM.attributes
                0x0000000000000522       0x22 CMakeFiles/epd.dir/home/keith/pico/pico-sdk/src/rp2_common/pico_mem_ops/mem_ops_aeabi.S.obj
 .ARM.attributes
                0x0000000000000544       0x22 CMakeFiles/epd.dir/home/keith/pico/pico-sdk/src/rp2_common/pico_standard_link/crt0.S.obj
 .ARM.attributes
                0x0000000000000566       0x32 CMakeFiles/epd.dir/home/keith/pico/pico-sdk/src/rp2_common/pico_standard_link/binary_info.c.obj
 .ARM.attributes
                0x0000000000000598       0x2c CMakeFiles/epd.dir/home/keith/pico/pico-sdk/src/rp2_common/pico_stdio/stdio.c.obj
 .ARM.attributes
                0x00000000000005c4       0x2c CMakeFiles/epd.dir/home/keith/pico/pico-sdk/src/rp2_common/pico_stdio_usb/reset_interface.c.obj
 .ARM.attributes
                0x00000000000005f0       0x2c CMakeFiles/epd.dir/home/keith/pico/pico-sdk/src/rp2_common/pico_stdio_usb/stdio_usb.c.obj
 .ARM.attributes
                0x000000000000061c       0x2c CMakeFiles/epd.dir/home/keith/pico/pico-sdk/src/rp2_common/pico_stdio_usb/stdio_usb_descriptors.c.obj
 .ARM.attributes
                0x0000000000000648       0x2c CMakeFiles/epd.dir/home/keith/pico/pico-sdk/lib/tinyusb/src/portable/raspberrypi/rp2040/dcd_rp2040.c.obj
 .ARM.attributes
                0x0000000000000674       0x2c CMakeFiles/epd.dir/home/keith/pico/pico-sdk/lib/tinyusb/src/portable/raspberrypi/rp2040/rp2040_usb.c.obj
 .ARM.attributes
                0x00000000000006a0       0x2c CMakeFiles/epd.dir/home/keith/pico/pico-sdk/lib/tinyusb/src/device/usbd.c.obj
 .ARM.attributes
                0x00000000000006cc       0x2c CMakeFiles/epd.dir/home/keith/pico/pico-sdk/lib/tinyusb/src/device/usbd_control.c.obj
 .ARM.attributes
                0x00000000000006f8       0x2c CMakeFiles/epd.dir/home/keith/pico/pico-sdk/lib/tinyusb/src/class/cdc/cdc_device.c.obj
 .ARM.attributes
                0x0000000000000724       0x2c CMakeFiles/epd.dir/home/keith/pico/pico-sdk/lib/tinyusb/src/tusb.c.obj
 .ARM.attributes
                0x0000000000000750       0x2c CMakeFiles/epd.dir/home/keith/pico/pico-sdk/lib/tinyusb/src/common/tusb_fifo.c.obj
 .ARM.attributes
                0x000000000000077c       0x2c CMakeFiles/epd.dir/home/keith/pico/pico-sdk/src/rp2_common/hardware_spi/spi.c.obj
 .ARM.attributes
                0x00000000000007a8       0x2c examples/libexamples.a(EPD_2in9b_V3_test.c.obj)
 .ARM.attributes
                0x00000000000007d4       0x32 examples/libexamples.a(ImageData.c.obj)
 .ARM.attributes
                0x0000000000000806       0x2c lib/e-Paper/libePaper.a(EPD_2in9b_V3.c.obj)
 .ARM.attributes
                0x0000000000000832       0x2c lib/GUI/libGUI.a(GUI_Paint.c.obj)
 .ARM.attributes
                0x000000000000085e       0x32 lib/Fonts/libFonts.a(font12.c.obj)
 .ARM.attributes
                0x0000000000000890       0x32 lib/Fonts/libFonts.a(font12CN.c.obj)
 .ARM.attributes
                0x00000000000008c2       0x32 lib/Fonts/libFonts.a(font16.c.obj)
 .ARM.attributes
                0x00000000000008f4       0x32 lib/Fonts/libFonts.a(font24CN.c.obj)
 .ARM.attributes
                0x0000000000000926       0x2c lib/Config/libConfig.a(DEV_Config.c.obj)
 .ARM.attributes
                0x0000000000000952       0x22 /tmp/ccXSgFWp.o
 .ARM.attributes
                0x0000000000000974       0x1e /usr/lib/gcc/arm-none-eabi/9.2.1/thumb/v6-m/nofp/libgcc.a(_dvmd_tls.o)
 .ARM.attributes
                0x0000000000000992       0x2c /usr/lib/gcc/arm-none-eabi/9.2.1/../../../arm-none-eabi/lib/thumb/v6-m/nofp/libc.a(lib_a-impure.o)
 .ARM.attributes
                0x00000000000009be       0x2c /usr/lib/gcc/arm-none-eabi/9.2.1/../../../arm-none-eabi/lib/thumb/v6-m/nofp/libc.a(lib_a-malloc.o)
 .ARM.attributes
                0x00000000000009ea       0x2c /usr/lib/gcc/arm-none-eabi/9.2.1/../../../arm-none-eabi/lib/thumb/v6-m/nofp/libc.a(lib_a-mallocr.o)
 .ARM.attributes
                0x0000000000000a16       0x2c /usr/lib/gcc/arm-none-eabi/9.2.1/../../../arm-none-eabi/lib/thumb/v6-m/nofp/libc.a(lib_a-mlock.o)
 .ARM.attributes
                0x0000000000000a42       0x2c /usr/lib/gcc/arm-none-eabi/9.2.1/../../../arm-none-eabi/lib/thumb/v6-m/nofp/libc.a(lib_a-sbrkr.o)
 .ARM.attributes
                0x0000000000000a6e       0x2c /usr/lib/gcc/arm-none-eabi/9.2.1/../../../arm-none-eabi/lib/thumb/v6-m/nofp/libc.a(lib_a-strlen-stub.o)
 .ARM.attributes
                0x0000000000000a9a       0x2c /usr/lib/gcc/arm-none-eabi/9.2.1/../../../arm-none-eabi/lib/thumb/v6-m/nofp/libc.a(lib_a-freer.o)
 .ARM.attributes
                0x0000000000000ac6       0x2c /usr/lib/gcc/arm-none-eabi/9.2.1/../../../arm-none-eabi/lib/thumb/v6-m/nofp/libc.a(lib_a-reent.o)
 .ARM.attributes
                0x0000000000000af2       0x2c /usr/lib/gcc/arm-none-eabi/9.2.1/thumb/v6-m/nofp/crtend.o

.comment        0x0000000000000000       0x59
 .comment       0x0000000000000000       0x59 /usr/lib/gcc/arm-none-eabi/9.2.1/thumb/v6-m/nofp/crtbegin.o
                                         0x5a (size before relaxing)
 .comment       0x0000000000000059       0x5a CMakeFiles/epd.dir/main.c.obj
 .comment       0x0000000000000059       0x5a CMakeFiles/epd.dir/home/keith/pico/pico-sdk/src/rp2_common/hardware_gpio/gpio.c.obj
 .comment       0x0000000000000059       0x5a CMakeFiles/epd.dir/home/keith/pico/pico-sdk/src/rp2_common/hardware_claim/claim.c.obj
 .comment       0x0000000000000059       0x5a CMakeFiles/epd.dir/home/keith/pico/pico-sdk/src/rp2_common/hardware_sync/sync.c.obj
 .comment       0x0000000000000059       0x5a CMakeFiles/epd.dir/home/keith/pico/pico-sdk/src/rp2_common/pico_platform/platform.c.obj
 .comment       0x0000000000000059       0x5a CMakeFiles/epd.dir/home/keith/pico/pico-sdk/src/common/pico_time/time.c.obj
 .comment       0x0000000000000059       0x5a CMakeFiles/epd.dir/home/keith/pico/pico-sdk/src/rp2_common/hardware_timer/timer.c.obj
 .comment       0x0000000000000059       0x5a CMakeFiles/epd.dir/home/keith/pico/pico-sdk/src/common/pico_sync/lock_core.c.obj
 .comment       0x0000000000000059       0x5a CMakeFiles/epd.dir/home/keith/pico/pico-sdk/src/common/pico_sync/mutex.c.obj
 .comment       0x0000000000000059       0x5a CMakeFiles/epd.dir/home/keith/pico/pico-sdk/src/common/pico_sync/critical_section.c.obj
 .comment       0x0000000000000059       0x5a CMakeFiles/epd.dir/home/keith/pico/pico-sdk/src/common/pico_util/pheap.c.obj
 .comment       0x0000000000000059       0x5a CMakeFiles/epd.dir/home/keith/pico/pico-sdk/src/rp2_common/pico_runtime/runtime.c.obj
 .comment       0x0000000000000059       0x5a CMakeFiles/epd.dir/home/keith/pico/pico-sdk/src/rp2_common/hardware_clocks/clocks.c.obj
 .comment       0x0000000000000059       0x5a CMakeFiles/epd.dir/home/keith/pico/pico-sdk/src/rp2_common/hardware_watchdog/watchdog.c.obj
 .comment       0x0000000000000059       0x5a CMakeFiles/epd.dir/home/keith/pico/pico-sdk/src/rp2_common/hardware_xosc/xosc.c.obj
 .comment       0x0000000000000059       0x5a CMakeFiles/epd.dir/home/keith/pico/pico-sdk/src/rp2_common/hardware_pll/pll.c.obj
 .comment       0x0000000000000059       0x5a CMakeFiles/epd.dir/home/keith/pico/pico-sdk/src/rp2_common/hardware_irq/irq.c.obj
 .comment       0x0000000000000059       0x5a CMakeFiles/epd.dir/home/keith/pico/pico-sdk/src/rp2_common/pico_printf/printf.c.obj
 .comment       0x0000000000000059       0x5a CMakeFiles/epd.dir/home/keith/pico/pico-sdk/src/rp2_common/pico_bootrom/bootrom.c.obj
 .comment       0x0000000000000059       0x5a CMakeFiles/epd.dir/home/keith/pico/pico-sdk/src/rp2_common/pico_double/double_init_rom.c.obj
 .comment       0x0000000000000059       0x5a CMakeFiles/epd.dir/home/keith/pico/pico-sdk/src/rp2_common/pico_float/float_init_rom.c.obj
 .comment       0x0000000000000059       0x5a CMakeFiles/epd.dir/home/keith/pico/pico-sdk/src/rp2_common/pico_malloc/pico_malloc.c.obj
 .comment       0x0000000000000059       0x5a CMakeFiles/epd.dir/home/keith/pico/pico-sdk/src/rp2_common/pico_standard_link/binary_info.c.obj
 .comment       0x0000000000000059       0x5a CMakeFiles/epd.dir/home/keith/pico/pico-sdk/src/rp2_common/pico_stdio/stdio.c.obj
 .comment       0x0000000000000059       0x5a CMakeFiles/epd.dir/home/keith/pico/pico-sdk/src/rp2_common/pico_stdio_usb/reset_interface.c.obj
 .comment       0x0000000000000059       0x5a CMakeFiles/epd.dir/home/keith/pico/pico-sdk/src/rp2_common/pico_stdio_usb/stdio_usb.c.obj
 .comment       0x0000000000000059       0x5a CMakeFiles/epd.dir/home/keith/pico/pico-sdk/src/rp2_common/pico_stdio_usb/stdio_usb_descriptors.c.obj
 .comment       0x0000000000000059       0x5a CMakeFiles/epd.dir/home/keith/pico/pico-sdk/lib/tinyusb/src/portable/raspberrypi/rp2040/dcd_rp2040.c.obj
 .comment       0x0000000000000059       0x5a CMakeFiles/epd.dir/home/keith/pico/pico-sdk/lib/tinyusb/src/portable/raspberrypi/rp2040/rp2040_usb.c.obj
 .comment       0x0000000000000059       0x5a CMakeFiles/epd.dir/home/keith/pico/pico-sdk/lib/tinyusb/src/device/usbd.c.obj
 .comment       0x0000000000000059       0x5a CMakeFiles/epd.dir/home/keith/pico/pico-sdk/lib/tinyusb/src/device/usbd_control.c.obj
 .comment       0x0000000000000059       0x5a CMakeFiles/epd.dir/home/keith/pico/pico-sdk/lib/tinyusb/src/class/cdc/cdc_device.c.obj
 .comment       0x0000000000000059       0x5a CMakeFiles/epd.dir/home/keith/pico/pico-sdk/lib/tinyusb/src/tusb.c.obj
 .comment       0x0000000000000059       0x5a CMakeFiles/epd.dir/home/keith/pico/pico-sdk/lib/tinyusb/src/common/tusb_fifo.c.obj
 .comment       0x0000000000000059       0x5a CMakeFiles/epd.dir/home/keith/pico/pico-sdk/src/rp2_common/hardware_spi/spi.c.obj
 .comment       0x0000000000000059       0x5a examples/libexamples.a(EPD_2in9b_V3_test.c.obj)
 .comment       0x0000000000000059       0x5a examples/libexamples.a(ImageData.c.obj)
 .comment       0x0000000000000059       0x5a lib/e-Paper/libePaper.a(EPD_2in9b_V3.c.obj)
 .comment       0x0000000000000059       0x5a lib/GUI/libGUI.a(GUI_Paint.c.obj)
 .comment       0x0000000000000059       0x5a lib/Fonts/libFonts.a(font12.c.obj)
 .comment       0x0000000000000059       0x5a lib/Fonts/libFonts.a(font12CN.c.obj)
 .comment       0x0000000000000059       0x5a lib/Fonts/libFonts.a(font16.c.obj)
 .comment       0x0000000000000059       0x5a lib/Fonts/libFonts.a(font24CN.c.obj)
 .comment       0x0000000000000059       0x5a lib/Config/libConfig.a(DEV_Config.c.obj)
 .comment       0x0000000000000059       0x5a /usr/lib/gcc/arm-none-eabi/9.2.1/../../../arm-none-eabi/lib/thumb/v6-m/nofp/libc.a(lib_a-impure.o)
 .comment       0x0000000000000059       0x5a /usr/lib/gcc/arm-none-eabi/9.2.1/../../../arm-none-eabi/lib/thumb/v6-m/nofp/libc.a(lib_a-malloc.o)
 .comment       0x0000000000000059       0x5a /usr/lib/gcc/arm-none-eabi/9.2.1/../../../arm-none-eabi/lib/thumb/v6-m/nofp/libc.a(lib_a-mallocr.o)
 .comment       0x0000000000000059       0x5a /usr/lib/gcc/arm-none-eabi/9.2.1/../../../arm-none-eabi/lib/thumb/v6-m/nofp/libc.a(lib_a-mlock.o)
 .comment       0x0000000000000059       0x5a /usr/lib/gcc/arm-none-eabi/9.2.1/../../../arm-none-eabi/lib/thumb/v6-m/nofp/libc.a(lib_a-sbrkr.o)
 .comment       0x0000000000000059       0x5a /usr/lib/gcc/arm-none-eabi/9.2.1/../../../arm-none-eabi/lib/thumb/v6-m/nofp/libc.a(lib_a-strlen-stub.o)
 .comment       0x0000000000000059       0x5a /usr/lib/gcc/arm-none-eabi/9.2.1/../../../arm-none-eabi/lib/thumb/v6-m/nofp/libc.a(lib_a-freer.o)
 .comment       0x0000000000000059       0x5a /usr/lib/gcc/arm-none-eabi/9.2.1/../../../arm-none-eabi/lib/thumb/v6-m/nofp/libc.a(lib_a-reent.o)
 .comment       0x0000000000000059       0x5a /usr/lib/gcc/arm-none-eabi/9.2.1/thumb/v6-m/nofp/crtend.o

.debug_line     0x0000000000000000     0x1689
 .debug_line    0x0000000000000000       0x60 /usr/lib/gcc/arm-none-eabi/9.2.1/thumb/v6-m/nofp/libgcc.a(_dvmd_tls.o)
 .debug_line    0x0000000000000060       0xe3 /usr/lib/gcc/arm-none-eabi/9.2.1/../../../arm-none-eabi/lib/thumb/v6-m/nofp/libc.a(lib_a-impure.o)